Archive member included to satisfy reference by file (symbol)

c:/st/stm32cubeide_1.7.0/stm32cubeide/plugins/com.st.stm32cube.ide.mcu.externaltools.gnu-tools-for-stm32.10.3-2021.10.win32_1.0.200.202301161003/tools/bin/../lib/gcc/arm-none-eabi/10.3.1/../../../../arm-none-eabi/lib/thumb/v7-m/nofp\libc_nano.a(lib_a-errno.o)
                              ./src/bsp/syscalls.o (__errno)
c:/st/stm32cubeide_1.7.0/stm32cubeide/plugins/com.st.stm32cube.ide.mcu.externaltools.gnu-tools-for-stm32.10.3-2021.10.win32_1.0.200.202301161003/tools/bin/../lib/gcc/arm-none-eabi/10.3.1/../../../../arm-none-eabi/lib/thumb/v7-m/nofp\libc_nano.a(lib_a-exit.o)
                              c:/st/stm32cubeide_1.7.0/stm32cubeide/plugins/com.st.stm32cube.ide.mcu.externaltools.gnu-tools-for-stm32.10.3-2021.10.win32_1.0.200.202301161003/tools/bin/../lib/gcc/arm-none-eabi/10.3.1/../../../../arm-none-eabi/lib/thumb/v7-m/nofp/crt0.o (exit)
c:/st/stm32cubeide_1.7.0/stm32cubeide/plugins/com.st.stm32cube.ide.mcu.externaltools.gnu-tools-for-stm32.10.3-2021.10.win32_1.0.200.202301161003/tools/bin/../lib/gcc/arm-none-eabi/10.3.1/../../../../arm-none-eabi/lib/thumb/v7-m/nofp\libc_nano.a(lib_a-impure.o)
                              c:/st/stm32cubeide_1.7.0/stm32cubeide/plugins/com.st.stm32cube.ide.mcu.externaltools.gnu-tools-for-stm32.10.3-2021.10.win32_1.0.200.202301161003/tools/bin/../lib/gcc/arm-none-eabi/10.3.1/../../../../arm-none-eabi/lib/thumb/v7-m/nofp\libc_nano.a(lib_a-exit.o) (_global_impure_ptr)
c:/st/stm32cubeide_1.7.0/stm32cubeide/plugins/com.st.stm32cube.ide.mcu.externaltools.gnu-tools-for-stm32.10.3-2021.10.win32_1.0.200.202301161003/tools/bin/../lib/gcc/arm-none-eabi/10.3.1/../../../../arm-none-eabi/lib/thumb/v7-m/nofp\libc_nano.a(lib_a-init.o)
                              c:/st/stm32cubeide_1.7.0/stm32cubeide/plugins/com.st.stm32cube.ide.mcu.externaltools.gnu-tools-for-stm32.10.3-2021.10.win32_1.0.200.202301161003/tools/bin/../lib/gcc/arm-none-eabi/10.3.1/../../../../arm-none-eabi/lib/thumb/v7-m/nofp/crt0.o (__libc_init_array)
c:/st/stm32cubeide_1.7.0/stm32cubeide/plugins/com.st.stm32cube.ide.mcu.externaltools.gnu-tools-for-stm32.10.3-2021.10.win32_1.0.200.202301161003/tools/bin/../lib/gcc/arm-none-eabi/10.3.1/../../../../arm-none-eabi/lib/thumb/v7-m/nofp\libc_nano.a(lib_a-malloc.o)
                              ./src/lib/stm32f207_cube/Middlewares/ST/STM32_USB_Device_Library/Class/CDC/Src/usbd_cdc.o (malloc)
c:/st/stm32cubeide_1.7.0/stm32cubeide/plugins/com.st.stm32cube.ide.mcu.externaltools.gnu-tools-for-stm32.10.3-2021.10.win32_1.0.200.202301161003/tools/bin/../lib/gcc/arm-none-eabi/10.3.1/../../../../arm-none-eabi/lib/thumb/v7-m/nofp\libc_nano.a(lib_a-memset.o)
                              c:/st/stm32cubeide_1.7.0/stm32cubeide/plugins/com.st.stm32cube.ide.mcu.externaltools.gnu-tools-for-stm32.10.3-2021.10.win32_1.0.200.202301161003/tools/bin/../lib/gcc/arm-none-eabi/10.3.1/../../../../arm-none-eabi/lib/thumb/v7-m/nofp/crt0.o (memset)
c:/st/stm32cubeide_1.7.0/stm32cubeide/plugins/com.st.stm32cube.ide.mcu.externaltools.gnu-tools-for-stm32.10.3-2021.10.win32_1.0.200.202301161003/tools/bin/../lib/gcc/arm-none-eabi/10.3.1/../../../../arm-none-eabi/lib/thumb/v7-m/nofp\libc_nano.a(lib_a-nano-freer.o)
                              c:/st/stm32cubeide_1.7.0/stm32cubeide/plugins/com.st.stm32cube.ide.mcu.externaltools.gnu-tools-for-stm32.10.3-2021.10.win32_1.0.200.202301161003/tools/bin/../lib/gcc/arm-none-eabi/10.3.1/../../../../arm-none-eabi/lib/thumb/v7-m/nofp\libc_nano.a(lib_a-malloc.o) (_free_r)
c:/st/stm32cubeide_1.7.0/stm32cubeide/plugins/com.st.stm32cube.ide.mcu.externaltools.gnu-tools-for-stm32.10.3-2021.10.win32_1.0.200.202301161003/tools/bin/../lib/gcc/arm-none-eabi/10.3.1/../../../../arm-none-eabi/lib/thumb/v7-m/nofp\libc_nano.a(lib_a-nano-mallocr.o)
                              c:/st/stm32cubeide_1.7.0/stm32cubeide/plugins/com.st.stm32cube.ide.mcu.externaltools.gnu-tools-for-stm32.10.3-2021.10.win32_1.0.200.202301161003/tools/bin/../lib/gcc/arm-none-eabi/10.3.1/../../../../arm-none-eabi/lib/thumb/v7-m/nofp\libc_nano.a(lib_a-malloc.o) (_malloc_r)
c:/st/stm32cubeide_1.7.0/stm32cubeide/plugins/com.st.stm32cube.ide.mcu.externaltools.gnu-tools-for-stm32.10.3-2021.10.win32_1.0.200.202301161003/tools/bin/../lib/gcc/arm-none-eabi/10.3.1/../../../../arm-none-eabi/lib/thumb/v7-m/nofp\libc_nano.a(lib_a-nano-vfprintf_float.o)
                              (_printf_float)
c:/st/stm32cubeide_1.7.0/stm32cubeide/plugins/com.st.stm32cube.ide.mcu.externaltools.gnu-tools-for-stm32.10.3-2021.10.win32_1.0.200.202301161003/tools/bin/../lib/gcc/arm-none-eabi/10.3.1/../../../../arm-none-eabi/lib/thumb/v7-m/nofp\libc_nano.a(lib_a-nano-vfprintf_i.o)
[...]
Memory Configuration

Name             Origin             Length             Attributes
RAM              0x0000000020000000 0x0000000000020000 xrw
FLASH            0x0000000008000000 0x0000000000100000 xr
*default*        0x0000000000000000 0xffffffffffffffff

Linker script and memory map

LOAD c:/st/stm32cubeide_1.7.0/stm32cubeide/plugins/com.st.stm32cube.ide.mcu.externaltools.gnu-tools-for-stm32.10.3-2021.10.win32_1.0.200.202301161003/tools/bin/../lib/gcc/arm-none-eabi/10.3.1/thumb/v7-m/nofp/crti.o
LOAD c:/st/stm32cubeide_1.7.0/stm32cubeide/plugins/com.st.stm32cube.ide.mcu.externaltools.gnu-tools-for-stm32.10.3-2021.10.win32_1.0.200.202301161003/tools/bin/../lib/gcc/arm-none-eabi/10.3.1/thumb/v7-m/nofp/crtbegin.o
LOAD c:/st/stm32cubeide_1.7.0/stm32cubeide/plugins/com.st.stm32cube.ide.mcu.externaltools.gnu-tools-for-stm32.10.3-2021.10.win32_1.0.200.202301161003/tools/bin/../lib/gcc/arm-none-eabi/10.3.1/../../../../arm-none-eabi/lib/thumb/v7-m/nofp/crt0.o
LOAD ./src/ap/ap.o
LOAD ./src/bsp/bsp.o
LOAD ./src/bsp/stm32f2xx_hal_msp.o
LOAD ./src/bsp/stm32f2xx_it.o
LOAD ./src/bsp/syscalls.o
LOAD ./src/bsp/sysmem.o
LOAD ./src/bsp/system_stm32f2xx.o
LOAD ./src/bsp/startup/startup_stm32f207ighx.o
LOAD ./src/hw/deiver/led.o
LOAD ./src/hw/deiver/uart.o
LOAD ./src/hw/hw.o
LOAD ./src/lib/stm32f207_cube/Drivers/STM32F2xx_HAL_Driver/Src/stm32f2xx_hal.o
LOAD ./src/lib/stm32f207_cube/Drivers/STM32F2xx_HAL_Driver/Src/stm32f2xx_hal_cortex.o
LOAD ./src/lib/stm32f207_cube/Drivers/STM32F2xx_HAL_Driver/Src/stm32f2xx_hal_dma.o
LOAD ./src/lib/stm32f207_cube/Drivers/STM32F2xx_HAL_Driver/Src/stm32f2xx_hal_dma_ex.o
LOAD ./src/lib/stm32f207_cube/Drivers/STM32F2xx_HAL_Driver/Src/stm32f2xx_hal_exti.o
LOAD ./src/lib/stm32f207_cube/Drivers/STM32F2xx_HAL_Driver/Src/stm32f2xx_hal_flash.o
LOAD ./src/lib/stm32f207_cube/Drivers/STM32F2xx_HAL_Driver/Src/stm32f2xx_hal_flash_ex.o
LOAD ./src/lib/stm32f207_cube/Drivers/STM32F2xx_HAL_Driver/Src/stm32f2xx_hal_gpio.o
LOAD ./src/lib/stm32f207_cube/Drivers/STM32F2xx_HAL_Driver/Src/stm32f2xx_hal_pcd.o
LOAD ./src/lib/stm32f207_cube/Drivers/STM32F2xx_HAL_Driver/Src/stm32f2xx_hal_pcd_ex.o
LOAD ./src/lib/stm32f207_cube/Drivers/STM32F2xx_HAL_Driver/Src/stm32f2xx_hal_pwr.o
LOAD ./src/lib/stm32f207_cube/Drivers/STM32F2xx_HAL_Driver/Src/stm32f2xx_hal_pwr_ex.o
LOAD ./src/lib/stm32f207_cube/Drivers/STM32F2xx_HAL_Driver/Src/stm32f2xx_hal_rcc.o
LOAD ./src/lib/stm32f207_cube/Drivers/STM32F2xx_HAL_Driver/Src/stm32f2xx_hal_rcc_ex.o
LOAD ./src/lib/stm32f207_cube/Drivers/STM32F2xx_HAL_Driver/Src/stm32f2xx_hal_tim.o
LOAD ./src/lib/stm32f207_cube/Drivers/STM32F2xx_HAL_Driver/Src/stm32f2xx_hal_tim_ex.o
LOAD ./src/lib/stm32f207_cube/Drivers/STM32F2xx_HAL_Driver/Src/stm32f2xx_ll_usb.o
LOAD ./src/lib/stm32f207_cube/Middlewares/ST/STM32_USB_Device_Library/Class/CDC/Src/usbd_cdc.o
LOAD ./src/lib/stm32f207_cube/Middlewares/ST/STM32_USB_Device_Library/Core/Src/usbd_core.o
LOAD ./src/lib/stm32f207_cube/Middlewares/ST/STM32_USB_Device_Library/Core/Src/usbd_ctlreq.o
LOAD ./src/lib/stm32f207_cube/Middlewares/ST/STM32_USB_Device_Library/Core/Src/usbd_ioreq.o
LOAD ./src/lib/stm32f207_cube/USB_DEVICE/App/usb_device.o
LOAD ./src/lib/stm32f207_cube/USB_DEVICE/App/usbd_cdc_if.o
LOAD ./src/lib/stm32f207_cube/USB_DEVICE/App/usbd_desc.o
LOAD ./src/lib/stm32f207_cube/USB_DEVICE/Target/usbd_conf.o
LOAD ./src/main.o
START GROUP
LOAD c:/st/stm32cubeide_1.7.0/stm32cubeide/plugins/com.st.stm32cube.ide.mcu.externaltools.gnu-tools-for-stm32.10.3-2021.10.win32_1.0.200.202301161003/tools/bin/../lib/gcc/arm-none-eabi/10.3.1/../../../../arm-none-eabi/lib/thumb/v7-m/nofp\libc_nano.a
LOAD c:/st/stm32cubeide_1.7.0/stm32cubeide/plugins/com.st.stm32cube.ide.mcu.externaltools.gnu-tools-for-stm32.10.3-2021.10.win32_1.0.200.202301161003/tools/bin/../lib/gcc/arm-none-eabi/10.3.1/../../../../arm-none-eabi/lib/thumb/v7-m/nofp\libm.a
END GROUP
START GROUP
LOAD c:/st/stm32cubeide_1.7.0/stm32cubeide/plugins/com.st.stm32cube.ide.mcu.externaltools.gnu-tools-for-stm32.10.3-2021.10.win32_1.0.200.202301161003/tools/bin/../lib/gcc/arm-none-eabi/10.3.1/thumb/v7-m/nofp\libgcc.a
LOAD c:/st/stm32cubeide_1.7.0/stm32cubeide/plugins/com.st.stm32cube.ide.mcu.externaltools.gnu-tools-for-stm32.10.3-2021.10.win32_1.0.200.202301161003/tools/bin/../lib/gcc/arm-none-eabi/10.3.1/../../../../arm-none-eabi/lib/thumb/v7-m/nofp\libc_nano.a
END GROUP
START GROUP
LOAD c:/st/stm32cubeide_1.7.0/stm32cubeide/plugins/com.st.stm32cube.ide.mcu.externaltools.gnu-tools-for-stm32.10.3-2021.10.win32_1.0.200.202301161003/tools/bin/../lib/gcc/arm-none-eabi/10.3.1/thumb/v7-m/nofp\libgcc.a
LOAD c:/st/stm32cubeide_1.7.0/stm32cubeide/plugins/com.st.stm32cube.ide.mcu.externaltools.gnu-tools-for-stm32.10.3-2021.10.win32_1.0.200.202301161003/tools/bin/../lib/gcc/arm-none-eabi/10.3.1/../../../../arm-none-eabi/lib/thumb/v7-m/nofp\libc_nano.a
LOAD c:/st/stm32cubeide_1.7.0/stm32cubeide/plugins/com.st.stm32cube.ide.mcu.externaltools.gnu-tools-for-stm32.10.3-2021.10.win32_1.0.200.202301161003/tools/bin/../lib/gcc/arm-none-eabi/10.3.1/../../../../arm-none-eabi/lib/thumb/v7-m/nofp\libnosys.a
END GROUP
START GROUP
LOAD c:/st/stm32cubeide_1.7.0/stm32cubeide/plugins/com.st.stm32cube.ide.mcu.externaltools.gnu-tools-for-stm32.10.3-2021.10.win32_1.0.200.202301161003/tools/bin/../lib/gcc/arm-none-eabi/10.3.1/thumb/v7-m/nofp\libgcc.a
LOAD c:/st/stm32cubeide_1.7.0/stm32cubeide/plugins/com.st.stm32cube.ide.mcu.externaltools.gnu-tools-for-stm32.10.3-2021.10.win32_1.0.200.202301161003/tools/bin/../lib/gcc/arm-none-eabi/10.3.1/../../../../arm-none-eabi/lib/thumb/v7-m/nofp\libc_nano.a
LOAD c:/st/stm32cubeide_1.7.0/stm32cubeide/plugins/com.st.stm32cube.ide.mcu.externaltools.gnu-tools-for-stm32.10.3-2021.10.win32_1.0.200.202301161003/tools/bin/../lib/gcc/arm-none-eabi/10.3.1/../../../../arm-none-eabi/lib/thumb/v7-m/nofp\libnosys.a
END GROUP
LOAD c:/st/stm32cubeide_1.7.0/stm32cubeide/plugins/com.st.stm32cube.ide.mcu.externaltools.gnu-tools-for-stm32.10.3-2021.10.win32_1.0.200.202301161003/tools/bin/../lib/gcc/arm-none-eabi/10.3.1/thumb/v7-m/nofp/crtend.o
LOAD c:/st/stm32cubeide_1.7.0/stm32cubeide/plugins/com.st.stm32cube.ide.mcu.externaltools.gnu-tools-for-stm32.10.3-2021.10.win32_1.0.200.202301161003/tools/bin/../lib/gcc/arm-none-eabi/10.3.1/thumb/v7-m/nofp/crtn.o
                0x0000000020020000                _estack = (ORIGIN (RAM) + LENGTH (RAM))
                0x0000000000000200                _Min_Heap_Size = 0x200
                0x0000000000000400                _Min_Stack_Size = 0x400

.isr_vector     0x0000000008000000      0x184
                0x0000000008000000                . = ALIGN (0x4)
 *(.isr_vector)
 .isr_vector    0x0000000008000000      0x184 ./src/bsp/startup/startup_stm32f207ighx.o
                0x0000000008000000                g_pfnVectors
                0x0000000008000184                . = ALIGN (0x4)

.text           0x0000000008000188     0xba84
                0x0000000008000188                . = ALIGN (0x4)
 *(.text)
 .text          0x0000000008000188       0x40 c:/st/stm32cubeide_1.7.0/stm32cubeide/plugins/com.st.stm32cube.ide.mcu.externaltools.gnu-tools-for-stm32.10.3-2021.10.win32_1.0.200.202301161003/tools/bin/../lib/gcc/arm-none-eabi/10.3.1/thumb/v7-m/nofp/crtbegin.o
 .text          0x00000000080001c8       0x10 c:/st/stm32cubeide_1.7.0/stm32cubeide/plugins/com.st.stm32cube.ide.mcu.externaltools.gnu-tools-for-stm32.10.3-2021.10.win32_1.0.200.202301161003/tools/bin/../lib/gcc/arm-none-eabi/10.3.1/../../../../arm-none-eabi/lib/thumb/v7-m/nofp\libc_nano.a(lib_a-strlen.o)
                0x00000000080001c8                strlen
 .text          0x00000000080001d8      0x378 c:/st/stm32cubeide_1.7.0/stm32cubeide/plugins/com.st.stm32cube.ide.mcu.externaltools.gnu-tools-for-stm32.10.3-2021.10.win32_1.0.200.202301161003/tools/bin/../lib/gcc/arm-none-eabi/10.3.1/thumb/v7-m/nofp\libgcc.a(_arm_addsubdf3.o)
                0x00000000080001d8                __aeabi_drsub
                0x00000000080001e0                __aeabi_dsub
                0x00000000080001e0                __subdf3
                0x00000000080001e4                __aeabi_dadd
                0x00000000080001e4                __adddf3
                0x000000000800045c                __floatunsidf
                0x000000000800045c                __aeabi_ui2d
                0x000000000800047c                __floatsidf
                0x000000000800047c                __aeabi_i2d
                0x00000000080004a0                __aeabi_f2d
                0x00000000080004a0                __extendsfdf2
                0x00000000080004e4                __floatundidf
                0x00000000080004e4                __aeabi_ul2d
                0x00000000080004f4                __floatdidf
                0x00000000080004f4                __aeabi_l2d
 .text          0x0000000008000550      0x424 c:/st/stm32cubeide_1.7.0/stm32cubeide/plugins/com.st.stm32cube.ide.mcu.externaltools.gnu-tools-for-stm32.10.3-2021.10.win32_1.0.200.202301161003/tools/bin/../lib/gcc/arm-none-eabi/10.3.1/thumb/v7-m/nofp\libgcc.a(_arm_muldivdf3.o)
                0x0000000008000550                __aeabi_dmul
                0x0000000008000550                __muldf3
                0x00000000080007a4                __divdf3
                0x00000000080007a4                __aeabi_ddiv
 .text          0x0000000008000974      0x110 c:/st/stm32cubeide_1.7.0/stm32cubeide/plugins/com.st.stm32cube.ide.mcu.externaltools.gnu-tools-for-stm32.10.3-2021.10.win32_1.0.200.202301161003/tools/bin/../lib/gcc/arm-none-eabi/10.3.1/thumb/v7-m/nofp\libgcc.a(_arm_cmpdf2.o)
                0x0000000008000974                __gtdf2
                0x0000000008000974                __gedf2
                0x000000000800097c                __ltdf2
                0x000000000800097c                __ledf2
                0x0000000008000984                __nedf2
                0x0000000008000984                __eqdf2
                0x0000000008000984                __cmpdf2
                0x0000000008000a00                __aeabi_cdrcmple
                0x0000000008000a10                __aeabi_cdcmpeq
                0x0000000008000a10                __aeabi_cdcmple
                0x0000000008000a20                __aeabi_dcmpeq
                0x0000000008000a34                __aeabi_dcmplt
                0x0000000008000a48                __aeabi_dcmple
                0x0000000008000a5c                __aeabi_dcmpge
                0x0000000008000a70                __aeabi_dcmpgt
 .text          0x0000000008000a84       0x2c c:/st/stm32cubeide_1.7.0/stm32cubeide/plugins/com.st.stm32cube.ide.mcu.externaltools.gnu-tools-for-stm32.10.3-2021.10.win32_1.0.200.202301161003/tools/bin/../lib/gcc/arm-none-eabi/10.3.1/thumb/v7-m/nofp\libgcc.a(_arm_unorddf2.o)
                0x0000000008000a84                __unorddf2
                0x0000000008000a84                __aeabi_dcmpun
 .text          0x0000000008000ab0       0x50 c:/st/stm32cubeide_1.7.0/stm32cubeide/plugins/com.st.stm32cube.ide.mcu.externaltools.gnu-tools-for-stm32.10.3-2021.10.win32_1.0.200.202301161003/tools/bin/../lib/gcc/arm-none-eabi/10.3.1/thumb/v7-m/nofp\libgcc.a(_arm_fixdfsi.o)
                0x0000000008000ab0                __aeabi_d2iz
                0x0000000008000ab0                __fixdfsi
 .text          0x0000000008000b00       0x40 c:/st/stm32cubeide_1.7.0/stm32cubeide/plugins/com.st.stm32cube.ide.mcu.externaltools.gnu-tools-for-stm32.10.3-2021.10.win32_1.0.200.202301161003/tools/bin/../lib/gcc/arm-none-eabi/10.3.1/thumb/v7-m/nofp\libgcc.a(_arm_fixunsdfsi.o)
                0x0000000008000b00                __aeabi_d2uiz
                0x0000000008000b00                __fixunsdfsi
 .text          0x0000000008000b40       0xa0 c:/st/stm32cubeide_1.7.0/stm32cubeide/plugins/com.st.stm32cube.ide.mcu.externaltools.gnu-tools-for-stm32.10.3-2021.10.win32_1.0.200.202301161003/tools/bin/../lib/gcc/arm-none-eabi/10.3.1/thumb/v7-m/nofp\libgcc.a(_arm_truncdfsf2.o)
                0x0000000008000b40                __truncdfsf2
                0x0000000008000b40                __aeabi_d2f
 .text          0x0000000008000be0       0x30 c:/st/stm32cubeide_1.7.0/stm32cubeide/plugins/com.st.stm32cube.ide.mcu.externaltools.gnu-tools-for-stm32.10.3-2021.10.win32_1.0.200.202301161003/tools/bin/../lib/gcc/arm-none-eabi/10.3.1/thumb/v7-m/nofp\libgcc.a(_aeabi_uldivmod.o)
                0x0000000008000be0                __aeabi_uldivmod
 .text          0x0000000008000c10       0x34 c:/st/stm32cubeide_1.7.0/stm32cubeide/plugins/com.st.stm32cube.ide.mcu.externaltools.gnu-tools-for-stm32.10.3-2021.10.win32_1.0.200.202301161003/tools/bin/../lib/gcc/arm-none-eabi/10.3.1/thumb/v7-m/nofp\libgcc.a(_fixdfdi.o)
                0x0000000008000c10                __fixdfdi
                0x0000000008000c10                __aeabi_d2lz
 .text          0x0000000008000c44       0x3c c:/st/stm32cubeide_1.7.0/stm32cubeide/plugins/com.st.stm32cube.ide.mcu.externaltools.gnu-tools-for-stm32.10.3-2021.10.win32_1.0.200.202301161003/tools/bin/../lib/gcc/arm-none-eabi/10.3.1/thumb/v7-m/nofp\libgcc.a(_fixunsdfdi.o)
                0x0000000008000c44                __fixunsdfdi
                0x0000000008000c44                __aeabi_d2ulz
 .text          0x0000000008000c80      0x2d4 c:/st/stm32cubeide_1.7.0/stm32cubeide/plugins/com.st.stm32cube.ide.mcu.externaltools.gnu-tools-for-stm32.10.3-2021.10.win32_1.0.200.202301161003/tools/bin/../lib/gcc/arm-none-eabi/10.3.1/thumb/v7-m/nofp\libgcc.a(_udivmoddi4.o)
                0x0000000008000c80                __udivmoddi4
 .text          0x0000000008000f54        0x4 c:/st/stm32cubeide_1.7.0/stm32cubeide/plugins/com.st.stm32cube.ide.mcu.externaltools.gnu-tools-for-stm32.10.3-2021.10.win32_1.0.200.202301161003/tools/bin/../lib/gcc/arm-none-eabi/10.3.1/thumb/v7-m/nofp\libgcc.a(_dvmd_tls.o)
                0x0000000008000f54                __aeabi_idiv0
                0x0000000008000f54                __aeabi_ldiv0
 *(.text*)
 .text.apInit   0x0000000008000f58       0x12 ./src/ap/ap.o
                0x0000000008000f58                apInit
 *fill*         0x0000000008000f6a        0x2 
 .text.apMain   0x0000000008000f6c       0x7c ./src/ap/ap.o
                0x0000000008000f6c                apMain
 .text.bspInit  0x0000000008000fe8       0xd4 ./src/bsp/bsp.o
                0x0000000008000fe8                bspInit
 .text.delay    0x00000000080010bc       0x16 ./src/bsp/bsp.o
                0x00000000080010bc                delay
 .text.millis   0x00000000080010d2        0xe ./src/bsp/bsp.o
                0x00000000080010d2                millis
 .text.SystemClock_Config
                0x00000000080010e0       0x8c ./src/bsp/bsp.o
                0x00000000080010e0                SystemClock_Config
 .text.Error_Handler
                0x000000000800116c        0xa ./src/bsp/bsp.o
                0x000000000800116c                Error_Handler
 *fill*         0x0000000008001176        0x2 
 .text.HAL_MspInit
                0x0000000008001178       0x4c ./src/bsp/stm32f2xx_hal_msp.o
                0x0000000008001178                HAL_MspInit
 .text.NMI_Handler
                0x00000000080011c4        0x6 ./src/bsp/stm32f2xx_it.o
                0x00000000080011c4                NMI_Handler
 .text.HardFault_Handler
                0x00000000080011ca        0x6 ./src/bsp/stm32f2xx_it.o
                0x00000000080011ca                HardFault_Handler
 .text.MemManage_Handler
                0x00000000080011d0        0x6 ./src/bsp/stm32f2xx_it.o
                0x00000000080011d0                MemManage_Handler
 .text.BusFault_Handler
                0x00000000080011d6        0x6 ./src/bsp/stm32f2xx_it.o
                0x00000000080011d6                BusFault_Handler
 .text.UsageFault_Handler
                0x00000000080011dc        0x6 ./src/bsp/stm32f2xx_it.o
                0x00000000080011dc                UsageFault_Handler
 .text.SVC_Handler
                0x00000000080011e2        0xc ./src/bsp/stm32f2xx_it.o
                0x00000000080011e2                SVC_Handler
 .text.DebugMon_Handler
                0x00000000080011ee        0xc ./src/bsp/stm32f2xx_it.o
                0x00000000080011ee                DebugMon_Handler
 .text.PendSV_Handler
                0x00000000080011fa        0xc ./src/bsp/stm32f2xx_it.o
                0x00000000080011fa                PendSV_Handler
 .text.SysTick_Handler
                0x0000000008001206        0xc ./src/bsp/stm32f2xx_it.o
                0x0000000008001206                SysTick_Handler
 *fill*         0x0000000008001212        0x2 
 .text.OTG_FS_IRQHandler
                0x0000000008001214       0x14 ./src/bsp/stm32f2xx_it.o
                0x0000000008001214                OTG_FS_IRQHandler
 .text._getpid  0x0000000008001228        0xe ./src/bsp/syscalls.o
                0x0000000008001228                _getpid
 .text._kill    0x0000000008001236       0x20 ./src/bsp/syscalls.o
                0x0000000008001236                _kill
 .text._exit    0x0000000008001256       0x14 ./src/bsp/syscalls.o
                0x0000000008001256                _exit
 .text._read    0x000000000800126a       0x3a ./src/bsp/syscalls.o
                0x000000000800126a                _read
 .text._write   0x00000000080012a4       0x38 ./src/bsp/syscalls.o
                0x00000000080012a4                _write
 .text._close   0x00000000080012dc       0x16 ./src/bsp/syscalls.o
                0x00000000080012dc                _close
 .text._fstat   0x00000000080012f2       0x1e ./src/bsp/syscalls.o
                0x00000000080012f2                _fstat
 .text._isatty  0x0000000008001310       0x14 ./src/bsp/syscalls.o
                0x0000000008001310                _isatty
 .text._lseek   0x0000000008001324       0x18 ./src/bsp/syscalls.o
                0x0000000008001324                _lseek
 .text._sbrk    0x000000000800133c       0x6c ./src/bsp/sysmem.o
                0x000000000800133c                _sbrk
 .text.SystemInit
                0x00000000080013a8        0xc ./src/bsp/system_stm32f2xx.o
                0x00000000080013a8                SystemInit
 .text.Reset_Handler
                0x00000000080013b4       0x50 ./src/bsp/startup/startup_stm32f207ighx.o
                0x00000000080013b4                Reset_Handler
 .text.Default_Handler
                0x0000000008001404        0x2 ./src/bsp/startup/startup_stm32f207ighx.o
                0x0000000008001404                RTC_Alarm_IRQHandler
                0x0000000008001404                HASH_RNG_IRQHandler
                0x0000000008001404                EXTI2_IRQHandler
                0x0000000008001404                TIM8_CC_IRQHandler
                0x0000000008001404                TIM1_CC_IRQHandler
                0x0000000008001404                DMA2_Stream5_IRQHandler
                0x0000000008001404                DMA1_Stream5_IRQHandler
                0x0000000008001404                PVD_IRQHandler
                0x0000000008001404                SDIO_IRQHandler
                0x0000000008001404                TAMP_STAMP_IRQHandler
                0x0000000008001404                CAN2_RX1_IRQHandler
                0x0000000008001404                EXTI3_IRQHandler
                0x0000000008001404                TIM8_TRG_COM_TIM14_IRQHandler
                0x0000000008001404                TIM1_UP_TIM10_IRQHandler
                0x0000000008001404                TIM8_UP_TIM13_IRQHandler
                0x0000000008001404                I2C3_ER_IRQHandler
                0x0000000008001404                EXTI0_IRQHandler
                0x0000000008001404                I2C2_EV_IRQHandler
                0x0000000008001404                DMA1_Stream2_IRQHandler
                0x0000000008001404                CAN1_RX0_IRQHandler
                0x0000000008001404                OTG_HS_WKUP_IRQHandler
                0x0000000008001404                CAN2_SCE_IRQHandler
                0x0000000008001404                DMA2_Stream2_IRQHandler
                0x0000000008001404                SPI1_IRQHandler
                0x0000000008001404                TIM6_DAC_IRQHandler
                0x0000000008001404                TIM1_BRK_TIM9_IRQHandler
                0x0000000008001404                DCMI_IRQHandler
                0x0000000008001404                CAN2_RX0_IRQHandler
                0x0000000008001404                DMA2_Stream3_IRQHandler
                0x0000000008001404                USART6_IRQHandler
                0x0000000008001404                USART3_IRQHandler
                0x0000000008001404                CAN1_RX1_IRQHandler
                0x0000000008001404                UART5_IRQHandler
                0x0000000008001404                DMA2_Stream0_IRQHandler
                0x0000000008001404                TIM4_IRQHandler
                0x0000000008001404                I2C1_EV_IRQHandler
                0x0000000008001404                DMA1_Stream6_IRQHandler
                0x0000000008001404                DMA1_Stream1_IRQHandler
                0x0000000008001404                UART4_IRQHandler
                0x0000000008001404                TIM3_IRQHandler
                0x0000000008001404                RCC_IRQHandler
                0x0000000008001404                TIM8_BRK_TIM12_IRQHandler
                0x0000000008001404                Default_Handler
                0x0000000008001404                EXTI15_10_IRQHandler
                0x0000000008001404                ADC_IRQHandler
                0x0000000008001404                DMA1_Stream7_IRQHandler
                0x0000000008001404                TIM7_IRQHandler
                0x0000000008001404                CAN2_TX_IRQHandler
                0x0000000008001404                TIM5_IRQHandler
                0x0000000008001404                DMA2_Stream7_IRQHandler
                0x0000000008001404                I2C3_EV_IRQHandler
                0x0000000008001404                EXTI9_5_IRQHandler
                0x0000000008001404                RTC_WKUP_IRQHandler
                0x0000000008001404                ETH_WKUP_IRQHandler
                0x0000000008001404                SPI2_IRQHandler
                0x0000000008001404                OTG_HS_EP1_IN_IRQHandler
                0x0000000008001404                DMA1_Stream0_IRQHandler
                0x0000000008001404                CAN1_TX_IRQHandler
                0x0000000008001404                EXTI4_IRQHandler
                0x0000000008001404                FSMC_IRQHandler
                0x0000000008001404                ETH_IRQHandler
                0x0000000008001404                OTG_HS_EP1_OUT_IRQHandler
                0x0000000008001404                WWDG_IRQHandler
                0x0000000008001404                TIM2_IRQHandler
                0x0000000008001404                OTG_FS_WKUP_IRQHandler
                0x0000000008001404                TIM1_TRG_COM_TIM11_IRQHandler
                0x0000000008001404                OTG_HS_IRQHandler
                0x0000000008001404                EXTI1_IRQHandler
                0x0000000008001404                USART2_IRQHandler
                0x0000000008001404                I2C2_ER_IRQHandler
                0x0000000008001404                DMA2_Stream1_IRQHandler
                0x0000000008001404                CAN1_SCE_IRQHandler
                0x0000000008001404                FLASH_IRQHandler
                0x0000000008001404                DMA2_Stream4_IRQHandler
                0x0000000008001404                USART1_IRQHandler
                0x0000000008001404                SPI3_IRQHandler
                0x0000000008001404                DMA1_Stream4_IRQHandler
                0x0000000008001404                I2C1_ER_IRQHandler
                0x0000000008001404                DMA2_Stream6_IRQHandler
                0x0000000008001404                DMA1_Stream3_IRQHandler
 *fill*         0x0000000008001406        0x2 
 .text.ledInit  0x0000000008001408       0xcc ./src/hw/deiver/led.o
                0x0000000008001408                ledInit
 .text.ledOff   0x00000000080014d4       0x38 ./src/hw/deiver/led.o
                0x00000000080014d4                ledOff
 .text.ledToggle
                0x000000000800150c       0x30 ./src/hw/deiver/led.o
                0x000000000800150c                ledToggle
 .text.uartInit
                0x000000000800153c       0x34 ./src/hw/deiver/uart.o
                0x000000000800153c                uartInit
 .text.uartOpen
                0x0000000008001570       0x38 ./src/hw/deiver/uart.o
                0x0000000008001570                uartOpen
 .text.uartAvailable
                0x00000000080015a8       0x2e ./src/hw/deiver/uart.o
                0x00000000080015a8                uartAvailable
 .text.uartRead
                0x00000000080015d6       0x30 ./src/hw/deiver/uart.o
                0x00000000080015d6                uartRead
 .text.uartWrite
                0x0000000008001606       0x36 ./src/hw/deiver/uart.o
                0x0000000008001606                uartWrite
 .text.uartPrintf
                0x000000000800163c       0x70 ./src/hw/deiver/uart.o
                0x000000000800163c                uartPrintf
 .text.uartGetBaud
                0x00000000080016ac       0x2e ./src/hw/deiver/uart.o
                0x00000000080016ac                uartGetBaud
 .text.hwInit   0x00000000080016da       0x14 ./src/hw/hw.o
                0x00000000080016da                hwInit
 *fill*         0x00000000080016ee        0x2 
 .text.HAL_Init
                0x00000000080016f0       0x44 ./src/lib/stm32f207_cube/Drivers/STM32F2xx_HAL_Driver/Src/stm32f2xx_hal.o
                0x00000000080016f0                HAL_Init
 .text.HAL_InitTick
                0x0000000008001734       0x60 ./src/lib/stm32f207_cube/Drivers/STM32F2xx_HAL_Driver/Src/stm32f2xx_hal.o
                0x0000000008001734                HAL_InitTick
 .text.HAL_IncTick
                0x0000000008001794       0x24 ./src/lib/stm32f207_cube/Drivers/STM32F2xx_HAL_Driver/Src/stm32f2xx_hal.o
                0x0000000008001794                HAL_IncTick
 .text.HAL_GetTick
                0x00000000080017b8       0x14 ./src/lib/stm32f207_cube/Drivers/STM32F2xx_HAL_Driver/Src/stm32f2xx_hal.o
                0x00000000080017b8                HAL_GetTick
 .text.HAL_Delay
                0x00000000080017cc       0x48 ./src/lib/stm32f207_cube/Drivers/STM32F2xx_HAL_Driver/Src/stm32f2xx_hal.o
                0x00000000080017cc                HAL_Delay
 .text.__NVIC_SetPriorityGrouping
                0x0000000008001814       0x48 ./src/lib/stm32f207_cube/Drivers/STM32F2xx_HAL_Driver/Src/stm32f2xx_hal_cortex.o
 .text.__NVIC_GetPriorityGrouping
                0x000000000800185c       0x1c ./src/lib/stm32f207_cube/Drivers/STM32F2xx_HAL_Driver/Src/stm32f2xx_hal_cortex.o
 .text.__NVIC_EnableIRQ
                0x0000000008001878       0x38 ./src/lib/stm32f207_cube/Drivers/STM32F2xx_HAL_Driver/Src/stm32f2xx_hal_cortex.o
 .text.__NVIC_SetPriority
                0x00000000080018b0       0x54 ./src/lib/stm32f207_cube/Drivers/STM32F2xx_HAL_Driver/Src/stm32f2xx_hal_cortex.o
 .text.NVIC_EncodePriority
                0x0000000008001904       0x64 ./src/lib/stm32f207_cube/Drivers/STM32F2xx_HAL_Driver/Src/stm32f2xx_hal_cortex.o
 .text.SysTick_Config
                0x0000000008001968       0x44 ./src/lib/stm32f207_cube/Drivers/STM32F2xx_HAL_Driver/Src/stm32f2xx_hal_cortex.o
 .text.HAL_NVIC_SetPriorityGrouping
                0x00000000080019ac       0x16 ./src/lib/stm32f207_cube/Drivers/STM32F2xx_HAL_Driver/Src/stm32f2xx_hal_cortex.o
                0x00000000080019ac                HAL_NVIC_SetPriorityGrouping
 .text.HAL_NVIC_SetPriority
                0x00000000080019c2       0x38 ./src/lib/stm32f207_cube/Drivers/STM32F2xx_HAL_Driver/Src/stm32f2xx_hal_cortex.o
                0x00000000080019c2                HAL_NVIC_SetPriority
 .text.HAL_NVIC_EnableIRQ
                0x00000000080019fa       0x1c ./src/lib/stm32f207_cube/Drivers/STM32F2xx_HAL_Driver/Src/stm32f2xx_hal_cortex.o
                0x00000000080019fa                HAL_NVIC_EnableIRQ
 .text.HAL_SYSTICK_Config
                0x0000000008001a16       0x18 ./src/lib/stm32f207_cube/Drivers/STM32F2xx_HAL_Driver/Src/stm32f2xx_hal_cortex.o
                0x0000000008001a16                HAL_SYSTICK_Config
 *fill*         0x0000000008001a2e        0x2 
 .text.HAL_GPIO_Init
                0x0000000008001a30      0x33c ./src/lib/stm32f207_cube/Drivers/STM32F2xx_HAL_Driver/Src/stm32f2xx_hal_gpio.o
                0x0000000008001a30                HAL_GPIO_Init
 .text.HAL_GPIO_WritePin
                0x0000000008001d6c       0x30 ./src/lib/stm32f207_cube/Drivers/STM32F2xx_HAL_Driver/Src/stm32f2xx_hal_gpio.o
                0x0000000008001d6c                HAL_GPIO_WritePin
 .text.HAL_GPIO_TogglePin
                0x0000000008001d9c       0x32 ./src/lib/stm32f207_cube/Drivers/STM32F2xx_HAL_Driver/Src/stm32f2xx_hal_gpio.o
                0x0000000008001d9c                HAL_GPIO_TogglePin
 .text.HAL_PCD_Init
                0x0000000008001dce      0x23a ./src/lib/stm32f207_cube/Drivers/STM32F2xx_HAL_Driver/Src/stm32f2xx_hal_pcd.o
                0x0000000008001dce                HAL_PCD_Init
 .text.HAL_PCD_Start
                0x0000000008002008       0x44 ./src/lib/stm32f207_cube/Drivers/STM32F2xx_HAL_Driver/Src/stm32f2xx_hal_pcd.o
                0x0000000008002008                HAL_PCD_Start
 .text.HAL_PCD_IRQHandler
                0x000000000800204c      0x748 ./src/lib/stm32f207_cube/Drivers/STM32F2xx_HAL_Driver/Src/stm32f2xx_hal_pcd.o
                0x000000000800204c                HAL_PCD_IRQHandler
 .text.HAL_PCD_SetAddress
                0x0000000008002794       0x4a ./src/lib/stm32f207_cube/Drivers/STM32F2xx_HAL_Driver/Src/stm32f2xx_hal_pcd.o
                0x0000000008002794                HAL_PCD_SetAddress
 .text.HAL_PCD_EP_Open
                0x00000000080027de       0xd0 ./src/lib/stm32f207_cube/Drivers/STM32F2xx_HAL_Driver/Src/stm32f2xx_hal_pcd.o
                0x00000000080027de                HAL_PCD_EP_Open
 .text.HAL_PCD_EP_Close
                0x00000000080028ae       0x94 ./src/lib/stm32f207_cube/Drivers/STM32F2xx_HAL_Driver/Src/stm32f2xx_hal_pcd.o
                0x00000000080028ae                HAL_PCD_EP_Close
 .text.HAL_PCD_EP_Receive
                0x0000000008002942       0x96 ./src/lib/stm32f207_cube/Drivers/STM32F2xx_HAL_Driver/Src/stm32f2xx_hal_pcd.o
                0x0000000008002942                HAL_PCD_EP_Receive
 .text.HAL_PCD_EP_GetRxCount
                0x00000000080029d8       0x2e ./src/lib/stm32f207_cube/Drivers/STM32F2xx_HAL_Driver/Src/stm32f2xx_hal_pcd.o
                0x00000000080029d8                HAL_PCD_EP_GetRxCount
 .text.HAL_PCD_EP_Transmit
                0x0000000008002a06       0x94 ./src/lib/stm32f207_cube/Drivers/STM32F2xx_HAL_Driver/Src/stm32f2xx_hal_pcd.o
                0x0000000008002a06                HAL_PCD_EP_Transmit
 .text.HAL_PCD_EP_SetStall
                0x0000000008002a9a       0xc8 ./src/lib/stm32f207_cube/Drivers/STM32F2xx_HAL_Driver/Src/stm32f2xx_hal_pcd.o
                0x0000000008002a9a                HAL_PCD_EP_SetStall
 .text.HAL_PCD_EP_ClrStall
                0x0000000008002b62       0xac ./src/lib/stm32f207_cube/Drivers/STM32F2xx_HAL_Driver/Src/stm32f2xx_hal_pcd.o
                0x0000000008002b62                HAL_PCD_EP_ClrStall
 .text.PCD_WriteEmptyTxFifo
                0x0000000008002c0e      0x11a ./src/lib/stm32f207_cube/Drivers/STM32F2xx_HAL_Driver/Src/stm32f2xx_hal_pcd.o
 .text.PCD_EP_OutXfrComplete_int
                0x0000000008002d28      0x218 ./src/lib/stm32f207_cube/Drivers/STM32F2xx_HAL_Driver/Src/stm32f2xx_hal_pcd.o
 .text.PCD_EP_OutSetupPacket_int
                0x0000000008002f40       0x8c ./src/lib/stm32f207_cube/Drivers/STM32F2xx_HAL_Driver/Src/stm32f2xx_hal_pcd.o
 .text.HAL_PCDEx_SetTxFiFo
                0x0000000008002fcc       0x8c ./src/lib/stm32f207_cube/Drivers/STM32F2xx_HAL_Driver/Src/stm32f2xx_hal_pcd_ex.o
                0x0000000008002fcc                HAL_PCDEx_SetTxFiFo
 .text.HAL_PCDEx_SetRxFiFo
                0x0000000008003058       0x20 ./src/lib/stm32f207_cube/Drivers/STM32F2xx_HAL_Driver/Src/stm32f2xx_hal_pcd_ex.o
                0x0000000008003058                HAL_PCDEx_SetRxFiFo
 .text.HAL_RCC_OscConfig
                0x0000000008003078      0x49c ./src/lib/stm32f207_cube/Drivers/STM32F2xx_HAL_Driver/Src/stm32f2xx_hal_rcc.o
                0x0000000008003078                HAL_RCC_OscConfig
 .text.HAL_RCC_ClockConfig
                0x0000000008003514      0x1d8 ./src/lib/stm32f207_cube/Drivers/STM32F2xx_HAL_Driver/Src/stm32f2xx_hal_rcc.o
                0x0000000008003514                HAL_RCC_ClockConfig
 .text.HAL_RCC_GetSysClockFreq
                0x00000000080036ec      0x18c ./src/lib/stm32f207_cube/Drivers/STM32F2xx_HAL_Driver/Src/stm32f2xx_hal_rcc.o
                0x00000000080036ec                HAL_RCC_GetSysClockFreq
 .text.HAL_RCC_GetHCLKFreq
                0x0000000008003878       0x14 ./src/lib/stm32f207_cube/Drivers/STM32F2xx_HAL_Driver/Src/stm32f2xx_hal_rcc.o
                0x0000000008003878                HAL_RCC_GetHCLKFreq
 .text.USB_CoreInit
                0x000000000800388c       0xae ./src/lib/stm32f207_cube/Drivers/STM32F2xx_HAL_Driver/Src/stm32f2xx_ll_usb.o
                0x000000000800388c                USB_CoreInit
 *fill*         0x000000000800393a        0x2 
 .text.USB_SetTurnaroundTime
                0x000000000800393c      0x144 ./src/lib/stm32f207_cube/Drivers/STM32F2xx_HAL_Driver/Src/stm32f2xx_ll_usb.o
                0x000000000800393c                USB_SetTurnaroundTime
 .text.USB_EnableGlobalInt
                0x0000000008003a80       0x20 ./src/lib/stm32f207_cube/Drivers/STM32F2xx_HAL_Driver/Src/stm32f2xx_ll_usb.o
                0x0000000008003a80                USB_EnableGlobalInt
 .text.USB_DisableGlobalInt
                0x0000000008003aa0       0x20 ./src/lib/stm32f207_cube/Drivers/STM32F2xx_HAL_Driver/Src/stm32f2xx_ll_usb.o
                0x0000000008003aa0                USB_DisableGlobalInt
 .text.USB_SetCurrentMode
                0x0000000008003ac0       0x98 ./src/lib/stm32f207_cube/Drivers/STM32F2xx_HAL_Driver/Src/stm32f2xx_ll_usb.o
                0x0000000008003ac0                USB_SetCurrentMode
 .text.USB_DevInit
                0x0000000008003b58      0x2c8 ./src/lib/stm32f207_cube/Drivers/STM32F2xx_HAL_Driver/Src/stm32f2xx_ll_usb.o
                0x0000000008003b58                USB_DevInit
 .text.USB_FlushTxFifo
                0x0000000008003e20       0x48 ./src/lib/stm32f207_cube/Drivers/STM32F2xx_HAL_Driver/Src/stm32f2xx_ll_usb.o
                0x0000000008003e20                USB_FlushTxFifo
 .text.USB_FlushRxFifo
                0x0000000008003e68       0x40 ./src/lib/stm32f207_cube/Drivers/STM32F2xx_HAL_Driver/Src/stm32f2xx_ll_usb.o
                0x0000000008003e68                USB_FlushRxFifo
 .text.USB_SetDevSpeed
                0x0000000008003ea8       0x30 ./src/lib/stm32f207_cube/Drivers/STM32F2xx_HAL_Driver/Src/stm32f2xx_ll_usb.o
                0x0000000008003ea8                USB_SetDevSpeed
 .text.USB_GetDevSpeed
                0x0000000008003ed8       0x48 ./src/lib/stm32f207_cube/Drivers/STM32F2xx_HAL_Driver/Src/stm32f2xx_ll_usb.o
                0x0000000008003ed8                USB_GetDevSpeed
 .text.USB_ActivateEndpoint
                0x0000000008003f20      0x10c ./src/lib/stm32f207_cube/Drivers/STM32F2xx_HAL_Driver/Src/stm32f2xx_ll_usb.o
                0x0000000008003f20                USB_ActivateEndpoint
 .text.USB_DeactivateEndpoint
                0x000000000800402c      0x1b8 ./src/lib/stm32f207_cube/Drivers/STM32F2xx_HAL_Driver/Src/stm32f2xx_ll_usb.o
                0x000000000800402c                USB_DeactivateEndpoint
 .text.USB_EPStartXfer
                0x00000000080041e4      0x488 ./src/lib/stm32f207_cube/Drivers/STM32F2xx_HAL_Driver/Src/stm32f2xx_ll_usb.o
                0x00000000080041e4                USB_EPStartXfer
 .text.USB_EP0StartXfer
                0x000000000800466c      0x2a4 ./src/lib/stm32f207_cube/Drivers/STM32F2xx_HAL_Driver/Src/stm32f2xx_ll_usb.o
                0x000000000800466c                USB_EP0StartXfer
 .text.USB_WritePacket
                0x0000000008004910       0x7a ./src/lib/stm32f207_cube/Drivers/STM32F2xx_HAL_Driver/Src/stm32f2xx_ll_usb.o
                0x0000000008004910                USB_WritePacket
 .text.USB_ReadPacket
                0x000000000800498a       0xae ./src/lib/stm32f207_cube/Drivers/STM32F2xx_HAL_Driver/Src/stm32f2xx_ll_usb.o
                0x000000000800498a                USB_ReadPacket
 .text.USB_EPSetStall
                0x0000000008004a38       0xda ./src/lib/stm32f207_cube/Drivers/STM32F2xx_HAL_Driver/Src/stm32f2xx_ll_usb.o
                0x0000000008004a38                USB_EPSetStall
 .text.USB_EPClearStall
                0x0000000008004b12       0xca ./src/lib/stm32f207_cube/Drivers/STM32F2xx_HAL_Driver/Src/stm32f2xx_ll_usb.o
                0x0000000008004b12                USB_EPClearStall
 .text.USB_SetDevAddress
                0x0000000008004bdc       0x4a ./src/lib/stm32f207_cube/Drivers/STM32F2xx_HAL_Driver/Src/stm32f2xx_ll_usb.o
                0x0000000008004bdc                USB_SetDevAddress
 .text.USB_DevConnect
                0x0000000008004c26       0x40 ./src/lib/stm32f207_cube/Drivers/STM32F2xx_HAL_Driver/Src/stm32f2xx_ll_usb.o
                0x0000000008004c26                USB_DevConnect
 .text.USB_DevDisconnect
                0x0000000008004c66       0x40 ./src/lib/stm32f207_cube/Drivers/STM32F2xx_HAL_Driver/Src/stm32f2xx_ll_usb.o
                0x0000000008004c66                USB_DevDisconnect
 .text.USB_ReadInterrupts
                0x0000000008004ca6       0x24 ./src/lib/stm32f207_cube/Drivers/STM32F2xx_HAL_Driver/Src/stm32f2xx_ll_usb.o
                0x0000000008004ca6                USB_ReadInterrupts
 .text.USB_ReadDevAllOutEpInterrupt
                0x0000000008004cca       0x32 ./src/lib/stm32f207_cube/Drivers/STM32F2xx_HAL_Driver/Src/stm32f2xx_ll_usb.o
                0x0000000008004cca                USB_ReadDevAllOutEpInterrupt
 .text.USB_ReadDevAllInEpInterrupt
                0x0000000008004cfc       0x32 ./src/lib/stm32f207_cube/Drivers/STM32F2xx_HAL_Driver/Src/stm32f2xx_ll_usb.o
                0x0000000008004cfc                USB_ReadDevAllInEpInterrupt
 .text.USB_ReadDevOutEPInterrupt
                0x0000000008004d2e       0x3a ./src/lib/stm32f207_cube/Drivers/STM32F2xx_HAL_Driver/Src/stm32f2xx_ll_usb.o
                0x0000000008004d2e                USB_ReadDevOutEPInterrupt
 .text.USB_ReadDevInEPInterrupt
                0x0000000008004d68       0x5a ./src/lib/stm32f207_cube/Drivers/STM32F2xx_HAL_Driver/Src/stm32f2xx_ll_usb.o
                0x0000000008004d68                USB_ReadDevInEPInterrupt
 .text.USB_GetMode
                0x0000000008004dc2       0x1a ./src/lib/stm32f207_cube/Drivers/STM32F2xx_HAL_Driver/Src/stm32f2xx_ll_usb.o
                0x0000000008004dc2                USB_GetMode
 .text.USB_ActivateSetup
                0x0000000008004ddc       0x44 ./src/lib/stm32f207_cube/Drivers/STM32F2xx_HAL_Driver/Src/stm32f2xx_ll_usb.o
                0x0000000008004ddc                USB_ActivateSetup
 .text.USB_EP0_OutStart
                0x0000000008004e20       0xb8 ./src/lib/stm32f207_cube/Drivers/STM32F2xx_HAL_Driver/Src/stm32f2xx_ll_usb.o
                0x0000000008004e20                USB_EP0_OutStart
 .text.USB_CoreReset
                0x0000000008004ed8       0x64 ./src/lib/stm32f207_cube/Drivers/STM32F2xx_HAL_Driver/Src/stm32f2xx_ll_usb.o
 .text.USBD_CDC_Init
                0x0000000008004f3c       0xf6 ./src/lib/stm32f207_cube/Middlewares/ST/STM32_USB_Device_Library/Class/CDC/Src/usbd_cdc.o
 .text.USBD_CDC_DeInit
                0x0000000008005032       0x6e ./src/lib/stm32f207_cube/Middlewares/ST/STM32_USB_Device_Library/Class/CDC/Src/usbd_cdc.o
 .text.USBD_CDC_Setup
                0x00000000080050a0      0x146 ./src/lib/stm32f207_cube/Middlewares/ST/STM32_USB_Device_Library/Class/CDC/Src/usbd_cdc.o
 .text.USBD_CDC_DataIn
                0x00000000080051e6       0xa6 ./src/lib/stm32f207_cube/Middlewares/ST/STM32_USB_Device_Library/Class/CDC/Src/usbd_cdc.o
 .text.USBD_CDC_DataOut
                0x000000000800528c       0x56 ./src/lib/stm32f207_cube/Middlewares/ST/STM32_USB_Device_Library/Class/CDC/Src/usbd_cdc.o
 .text.USBD_CDC_EP0_RxReady
                0x00000000080052e2       0x50 ./src/lib/stm32f207_cube/Middlewares/ST/STM32_USB_Device_Library/Class/CDC/Src/usbd_cdc.o
 *fill*         0x0000000008005332        0x2 
 .text.USBD_CDC_GetFSCfgDesc
                0x0000000008005334       0x20 ./src/lib/stm32f207_cube/Middlewares/ST/STM32_USB_Device_Library/Class/CDC/Src/usbd_cdc.o
 .text.USBD_CDC_GetHSCfgDesc
                0x0000000008005354       0x20 ./src/lib/stm32f207_cube/Middlewares/ST/STM32_USB_Device_Library/Class/CDC/Src/usbd_cdc.o
 .text.USBD_CDC_GetOtherSpeedCfgDesc
                0x0000000008005374       0x20 ./src/lib/stm32f207_cube/Middlewares/ST/STM32_USB_Device_Library/Class/CDC/Src/usbd_cdc.o
 .text.USBD_CDC_GetDeviceQualifierDescriptor
                0x0000000008005394       0x20 ./src/lib/stm32f207_cube/Middlewares/ST/STM32_USB_Device_Library/Class/CDC/Src/usbd_cdc.o
                0x0000000008005394                USBD_CDC_GetDeviceQualifierDescriptor
 .text.USBD_CDC_RegisterInterface
                0x00000000080053b4       0x2c ./src/lib/stm32f207_cube/Middlewares/ST/STM32_USB_Device_Library/Class/CDC/Src/usbd_cdc.o
                0x00000000080053b4                USBD_CDC_RegisterInterface
 .text.USBD_CDC_SetTxBuffer
                0x00000000080053e0       0x32 ./src/lib/stm32f207_cube/Middlewares/ST/STM32_USB_Device_Library/Class/CDC/Src/usbd_cdc.o
                0x00000000080053e0                USBD_CDC_SetTxBuffer
 .text.USBD_CDC_SetRxBuffer
                0x0000000008005412       0x26 ./src/lib/stm32f207_cube/Middlewares/ST/STM32_USB_Device_Library/Class/CDC/Src/usbd_cdc.o
                0x0000000008005412                USBD_CDC_SetRxBuffer
 .text.USBD_CDC_TransmitPacket
                0x0000000008005438       0x5e ./src/lib/stm32f207_cube/Middlewares/ST/STM32_USB_Device_Library/Class/CDC/Src/usbd_cdc.o
                0x0000000008005438                USBD_CDC_TransmitPacket
 .text.USBD_CDC_ReceivePacket
                0x0000000008005496       0x54 ./src/lib/stm32f207_cube/Middlewares/ST/STM32_USB_Device_Library/Class/CDC/Src/usbd_cdc.o
                0x0000000008005496                USBD_CDC_ReceivePacket
 .text.USBD_Init
                0x00000000080054ea       0x56 ./src/lib/stm32f207_cube/Middlewares/ST/STM32_USB_Device_Library/Core/Src/usbd_core.o
                0x00000000080054ea                USBD_Init
 .text.USBD_RegisterClass
                0x0000000008005540       0x32 ./src/lib/stm32f207_cube/Middlewares/ST/STM32_USB_Device_Library/Core/Src/usbd_core.o
                0x0000000008005540                USBD_RegisterClass
 .text.USBD_Start
                0x0000000008005572       0x18 ./src/lib/stm32f207_cube/Middlewares/ST/STM32_USB_Device_Library/Core/Src/usbd_core.o
                0x0000000008005572                USBD_Start
 .text.USBD_RunTestMode
                0x000000000800558a       0x14 ./src/lib/stm32f207_cube/Middlewares/ST/STM32_USB_Device_Library/Core/Src/usbd_core.o
                0x000000000800558a                USBD_RunTestMode
 .text.USBD_SetClassConfig
                0x000000000800559e       0x3e ./src/lib/stm32f207_cube/Middlewares/ST/STM32_USB_Device_Library/Core/Src/usbd_core.o
                0x000000000800559e                USBD_SetClassConfig
 .text.USBD_ClrClassConfig
                0x00000000080055dc       0x26 ./src/lib/stm32f207_cube/Middlewares/ST/STM32_USB_Device_Library/Core/Src/usbd_core.o
                0x00000000080055dc                USBD_ClrClassConfig
 .text.USBD_LL_SetupStage
                0x0000000008005602       0x9a ./src/lib/stm32f207_cube/Middlewares/ST/STM32_USB_Device_Library/Core/Src/usbd_core.o
                0x0000000008005602                USBD_LL_SetupStage
 .text.USBD_LL_DataOutStage
                0x000000000800569c       0xe2 ./src/lib/stm32f207_cube/Middlewares/ST/STM32_USB_Device_Library/Core/Src/usbd_core.o
                0x000000000800569c                USBD_LL_DataOutStage
 .text.USBD_LL_DataInStage
                0x000000000800577e      0x14a ./src/lib/stm32f207_cube/Middlewares/ST/STM32_USB_Device_Library/Core/Src/usbd_core.o
                0x000000000800577e                USBD_LL_DataInStage
 .text.USBD_LL_Reset
                0x00000000080058c8       0x82 ./src/lib/stm32f207_cube/Middlewares/ST/STM32_USB_Device_Library/Core/Src/usbd_core.o
                0x00000000080058c8                USBD_LL_Reset
 .text.USBD_LL_SetSpeed
                0x000000000800594a       0x1e ./src/lib/stm32f207_cube/Middlewares/ST/STM32_USB_Device_Library/Core/Src/usbd_core.o
                0x000000000800594a                USBD_LL_SetSpeed
 .text.USBD_LL_Suspend
                0x0000000008005968       0x28 ./src/lib/stm32f207_cube/Middlewares/ST/STM32_USB_Device_Library/Core/Src/usbd_core.o
                0x0000000008005968                USBD_LL_Suspend
 .text.USBD_LL_Resume
                0x0000000008005990       0x2a ./src/lib/stm32f207_cube/Middlewares/ST/STM32_USB_Device_Library/Core/Src/usbd_core.o
                0x0000000008005990                USBD_LL_Resume
 .text.USBD_LL_SOF
                0x00000000080059ba       0x34 ./src/lib/stm32f207_cube/Middlewares/ST/STM32_USB_Device_Library/Core/Src/usbd_core.o
                0x00000000080059ba                USBD_LL_SOF
 .text.USBD_LL_IsoINIncomplete
                0x00000000080059ee       0x18 ./src/lib/stm32f207_cube/Middlewares/ST/STM32_USB_Device_Library/Core/Src/usbd_core.o
                0x00000000080059ee                USBD_LL_IsoINIncomplete
 .text.USBD_LL_IsoOUTIncomplete
                0x0000000008005a06       0x18 ./src/lib/stm32f207_cube/Middlewares/ST/STM32_USB_Device_Library/Core/Src/usbd_core.o
                0x0000000008005a06                USBD_LL_IsoOUTIncomplete
 .text.USBD_LL_DevConnected
                0x0000000008005a1e       0x14 ./src/lib/stm32f207_cube/Middlewares/ST/STM32_USB_Device_Library/Core/Src/usbd_core.o
                0x0000000008005a1e                USBD_LL_DevConnected
 .text.USBD_LL_DevDisconnected
                0x0000000008005a32       0x2e ./src/lib/stm32f207_cube/Middlewares/ST/STM32_USB_Device_Library/Core/Src/usbd_core.o
                0x0000000008005a32                USBD_LL_DevDisconnected
 .text.USBD_StdDevReq
                0x0000000008005a60       0xd4 ./src/lib/stm32f207_cube/Middlewares/ST/STM32_USB_Device_Library/Core/Src/usbd_ctlreq.o
                0x0000000008005a60                USBD_StdDevReq
 .text.USBD_StdItfReq
                0x0000000008005b34       0x90 ./src/lib/stm32f207_cube/Middlewares/ST/STM32_USB_Device_Library/Core/Src/usbd_ctlreq.o
                0x0000000008005b34                USBD_StdItfReq
 .text.USBD_StdEPReq
                0x0000000008005bc4      0x2c6 ./src/lib/stm32f207_cube/Middlewares/ST/STM32_USB_Device_Library/Core/Src/usbd_ctlreq.o
                0x0000000008005bc4                USBD_StdEPReq
 *fill*         0x0000000008005e8a        0x2 
 .text.USBD_GetDescriptor
                0x0000000008005e8c      0x2d0 ./src/lib/stm32f207_cube/Middlewares/ST/STM32_USB_Device_Library/Core/Src/usbd_ctlreq.o
 .text.USBD_SetAddress
                0x000000000800615c       0x86 ./src/lib/stm32f207_cube/Middlewares/ST/STM32_USB_Device_Library/Core/Src/usbd_ctlreq.o
 *fill*         0x00000000080061e2        0x2 
 .text.USBD_SetConfig
                0x00000000080061e4      0x11c ./src/lib/stm32f207_cube/Middlewares/ST/STM32_USB_Device_Library/Core/Src/usbd_ctlreq.o
 .text.USBD_GetConfig
                0x0000000008006300       0x6a ./src/lib/stm32f207_cube/Middlewares/ST/STM32_USB_Device_Library/Core/Src/usbd_ctlreq.o
 .text.USBD_GetStatus
                0x000000000800636a       0x66 ./src/lib/stm32f207_cube/Middlewares/ST/STM32_USB_Device_Library/Core/Src/usbd_ctlreq.o
 .text.USBD_SetFeature
                0x00000000080063d0       0x28 ./src/lib/stm32f207_cube/Middlewares/ST/STM32_USB_Device_Library/Core/Src/usbd_ctlreq.o
 .text.USBD_ClrFeature
                0x00000000080063f8       0x42 ./src/lib/stm32f207_cube/Middlewares/ST/STM32_USB_Device_Library/Core/Src/usbd_ctlreq.o
 .text.USBD_ParseSetupRequest
                0x000000000800643a       0x78 ./src/lib/stm32f207_cube/Middlewares/ST/STM32_USB_Device_Library/Core/Src/usbd_ctlreq.o
                0x000000000800643a                USBD_ParseSetupRequest
 .text.USBD_CtlError
                0x00000000080064b2       0x22 ./src/lib/stm32f207_cube/Middlewares/ST/STM32_USB_Device_Library/Core/Src/usbd_ctlreq.o
                0x00000000080064b2                USBD_CtlError
 .text.USBD_GetString
                0x00000000080064d4       0x84 ./src/lib/stm32f207_cube/Middlewares/ST/STM32_USB_Device_Library/Core/Src/usbd_ctlreq.o
                0x00000000080064d4                USBD_GetString
 .text.USBD_GetLen
                0x0000000008006558       0x2e ./src/lib/stm32f207_cube/Middlewares/ST/STM32_USB_Device_Library/Core/Src/usbd_ctlreq.o
 .text.USBD_CtlSendData
                0x0000000008006586       0x38 ./src/lib/stm32f207_cube/Middlewares/ST/STM32_USB_Device_Library/Core/Src/usbd_ioreq.o
                0x0000000008006586                USBD_CtlSendData
 .text.USBD_CtlContinueSendData
                0x00000000080065be       0x24 ./src/lib/stm32f207_cube/Middlewares/ST/STM32_USB_Device_Library/Core/Src/usbd_ioreq.o
                0x00000000080065be                USBD_CtlContinueSendData
 .text.USBD_CtlPrepareRx
                0x00000000080065e2       0x3c ./src/lib/stm32f207_cube/Middlewares/ST/STM32_USB_Device_Library/Core/Src/usbd_ioreq.o
                0x00000000080065e2                USBD_CtlPrepareRx
 .text.USBD_CtlContinueRx
                0x000000000800661e       0x24 ./src/lib/stm32f207_cube/Middlewares/ST/STM32_USB_Device_Library/Core/Src/usbd_ioreq.o
                0x000000000800661e                USBD_CtlContinueRx
 .text.USBD_CtlSendStatus
                0x0000000008006642       0x26 ./src/lib/stm32f207_cube/Middlewares/ST/STM32_USB_Device_Library/Core/Src/usbd_ioreq.o
                0x0000000008006642                USBD_CtlSendStatus
 .text.USBD_CtlReceiveStatus
                0x0000000008006668       0x26 ./src/lib/stm32f207_cube/Middlewares/ST/STM32_USB_Device_Library/Core/Src/usbd_ioreq.o
                0x0000000008006668                USBD_CtlReceiveStatus
 *fill*         0x000000000800668e        0x2 
 .text.MX_USB_DEVICE_Init
                0x0000000008006690       0x60 ./src/lib/stm32f207_cube/USB_DEVICE/App/usb_device.o
                0x0000000008006690                MX_USB_DEVICE_Init
 .text.cdcAvailable
                0x00000000080066f0       0x3c ./src/lib/stm32f207_cube/USB_DEVICE/App/usbd_cdc_if.o
                0x00000000080066f0                cdcAvailable
 .text.cdcRead  0x000000000800672c       0x50 ./src/lib/stm32f207_cube/USB_DEVICE/App/usbd_cdc_if.o
                0x000000000800672c                cdcRead
 .text.cdcDataIn
                0x000000000800677c       0x54 ./src/lib/stm32f207_cube/USB_DEVICE/App/usbd_cdc_if.o
                0x000000000800677c                cdcDataIn
 .text.cdcWrite
                0x00000000080067d0       0x50 ./src/lib/stm32f207_cube/USB_DEVICE/App/usbd_cdc_if.o
                0x00000000080067d0                cdcWrite
 .text.cdcGetBaud
                0x0000000008006820       0x14 ./src/lib/stm32f207_cube/USB_DEVICE/App/usbd_cdc_if.o
                0x0000000008006820                cdcGetBaud
 .text.CDC_Init_FS
                0x0000000008006834       0x28 ./src/lib/stm32f207_cube/USB_DEVICE/App/usbd_cdc_if.o
 .text.CDC_DeInit_FS
                0x000000000800685c        0xe ./src/lib/stm32f207_cube/USB_DEVICE/App/usbd_cdc_if.o
 *fill*         0x000000000800686a        0x2 
 .text.CDC_Control_FS
                0x000000000800686c      0x178 ./src/lib/stm32f207_cube/USB_DEVICE/App/usbd_cdc_if.o
 .text.CDC_Receive_FS
                0x00000000080069e4       0x4c ./src/lib/stm32f207_cube/USB_DEVICE/App/usbd_cdc_if.o
 .text.CDC_Transmit_FS
                0x0000000008006a30       0x4c ./src/lib/stm32f207_cube/USB_DEVICE/App/usbd_cdc_if.o
                0x0000000008006a30                CDC_Transmit_FS
 .text.USBD_FS_DeviceDescriptor
                0x0000000008006a7c       0x24 ./src/lib/stm32f207_cube/USB_DEVICE/App/usbd_desc.o
                0x0000000008006a7c                USBD_FS_DeviceDescriptor
 .text.USBD_FS_LangIDStrDescriptor
                0x0000000008006aa0       0x24 ./src/lib/stm32f207_cube/USB_DEVICE/App/usbd_desc.o
                0x0000000008006aa0                USBD_FS_LangIDStrDescriptor
 .text.USBD_FS_ProductStrDescriptor
                0x0000000008006ac4       0x3c ./src/lib/stm32f207_cube/USB_DEVICE/App/usbd_desc.o
                0x0000000008006ac4                USBD_FS_ProductStrDescriptor
 .text.USBD_FS_ManufacturerStrDescriptor
                0x0000000008006b00       0x28 ./src/lib/stm32f207_cube/USB_DEVICE/App/usbd_desc.o
                0x0000000008006b00                USBD_FS_ManufacturerStrDescriptor
 .text.USBD_FS_SerialStrDescriptor
                0x0000000008006b28       0x24 ./src/lib/stm32f207_cube/USB_DEVICE/App/usbd_desc.o
                0x0000000008006b28                USBD_FS_SerialStrDescriptor
 .text.USBD_FS_ConfigStrDescriptor
                0x0000000008006b4c       0x3c ./src/lib/stm32f207_cube/USB_DEVICE/App/usbd_desc.o
                0x0000000008006b4c                USBD_FS_ConfigStrDescriptor
 .text.USBD_FS_InterfaceStrDescriptor
                0x0000000008006b88       0x3c ./src/lib/stm32f207_cube/USB_DEVICE/App/usbd_desc.o
                0x0000000008006b88                USBD_FS_InterfaceStrDescriptor
 .text.Get_SerialNum
                0x0000000008006bc4       0x58 ./src/lib/stm32f207_cube/USB_DEVICE/App/usbd_desc.o
 .text.IntToUnicode
                0x0000000008006c1c       0x7c ./src/lib/stm32f207_cube/USB_DEVICE/App/usbd_desc.o
 .text.HAL_PCD_MspInit
                0x0000000008006c98       0xa8 ./src/lib/stm32f207_cube/USB_DEVICE/Target/usbd_conf.o
                0x0000000008006c98                HAL_PCD_MspInit
 .text.HAL_PCD_SetupStageCallback
                0x0000000008006d40       0x24 ./src/lib/stm32f207_cube/USB_DEVICE/Target/usbd_conf.o
                0x0000000008006d40                HAL_PCD_SetupStageCallback
 .text.HAL_PCD_DataOutStageCallback
                0x0000000008006d64       0x36 ./src/lib/stm32f207_cube/USB_DEVICE/Target/usbd_conf.o
                0x0000000008006d64                HAL_PCD_DataOutStageCallback
 .text.HAL_PCD_DataInStageCallback
                0x0000000008006d9a       0x34 ./src/lib/stm32f207_cube/USB_DEVICE/Target/usbd_conf.o
                0x0000000008006d9a                HAL_PCD_DataInStageCallback
 .text.HAL_PCD_SOFCallback
                0x0000000008006dce       0x1c ./src/lib/stm32f207_cube/USB_DEVICE/Target/usbd_conf.o
                0x0000000008006dce                HAL_PCD_SOFCallback
 .text.HAL_PCD_ResetCallback
                0x0000000008006dea       0x50 ./src/lib/stm32f207_cube/USB_DEVICE/Target/usbd_conf.o
                0x0000000008006dea                HAL_PCD_ResetCallback
 *fill*         0x0000000008006e3a        0x2 
 .text.HAL_PCD_SuspendCallback
                0x0000000008006e3c       0x4c ./src/lib/stm32f207_cube/USB_DEVICE/Target/usbd_conf.o
                0x0000000008006e3c                HAL_PCD_SuspendCallback
 .text.HAL_PCD_ResumeCallback
                0x0000000008006e88       0x1c ./src/lib/stm32f207_cube/USB_DEVICE/Target/usbd_conf.o
                0x0000000008006e88                HAL_PCD_ResumeCallback
 .text.HAL_PCD_ISOOUTIncompleteCallback
                0x0000000008006ea4       0x24 ./src/lib/stm32f207_cube/USB_DEVICE/Target/usbd_conf.o
                0x0000000008006ea4                HAL_PCD_ISOOUTIncompleteCallback
 .text.HAL_PCD_ISOINIncompleteCallback
                0x0000000008006ec8       0x24 ./src/lib/stm32f207_cube/USB_DEVICE/Target/usbd_conf.o
                0x0000000008006ec8                HAL_PCD_ISOINIncompleteCallback
 .text.HAL_PCD_ConnectCallback
                0x0000000008006eec       0x1c ./src/lib/stm32f207_cube/USB_DEVICE/Target/usbd_conf.o
                0x0000000008006eec                HAL_PCD_ConnectCallback
 .text.HAL_PCD_DisconnectCallback
                0x0000000008006f08       0x1c ./src/lib/stm32f207_cube/USB_DEVICE/Target/usbd_conf.o
                0x0000000008006f08                HAL_PCD_DisconnectCallback
 .text.USBD_LL_Init
                0x0000000008006f24       0x94 ./src/lib/stm32f207_cube/USB_DEVICE/Target/usbd_conf.o
                0x0000000008006f24                USBD_LL_Init
 .text.USBD_LL_Start
                0x0000000008006fb8       0x36 ./src/lib/stm32f207_cube/USB_DEVICE/Target/usbd_conf.o
                0x0000000008006fb8                USBD_LL_Start
 .text.USBD_LL_OpenEP
                0x0000000008006fee       0x4c ./src/lib/stm32f207_cube/USB_DEVICE/Target/usbd_conf.o
                0x0000000008006fee                USBD_LL_OpenEP
 .text.USBD_LL_CloseEP
                0x000000000800703a       0x3e ./src/lib/stm32f207_cube/USB_DEVICE/Target/usbd_conf.o
                0x000000000800703a                USBD_LL_CloseEP
 .text.USBD_LL_StallEP
                0x0000000008007078       0x3e ./src/lib/stm32f207_cube/USB_DEVICE/Target/usbd_conf.o
                0x0000000008007078                USBD_LL_StallEP
 .text.USBD_LL_ClearStallEP
                0x00000000080070b6       0x3e ./src/lib/stm32f207_cube/USB_DEVICE/Target/usbd_conf.o
                0x00000000080070b6                USBD_LL_ClearStallEP
 .text.USBD_LL_IsStallEP
                0x00000000080070f4       0x56 ./src/lib/stm32f207_cube/USB_DEVICE/Target/usbd_conf.o
                0x00000000080070f4                USBD_LL_IsStallEP
 .text.USBD_LL_SetUSBAddress
                0x000000000800714a       0x3e ./src/lib/stm32f207_cube/USB_DEVICE/Target/usbd_conf.o
                0x000000000800714a                USBD_LL_SetUSBAddress
 .text.USBD_LL_Transmit
                0x0000000008007188       0x46 ./src/lib/stm32f207_cube/USB_DEVICE/Target/usbd_conf.o
                0x0000000008007188                USBD_LL_Transmit
 .text.USBD_LL_PrepareReceive
                0x00000000080071ce       0x46 ./src/lib/stm32f207_cube/USB_DEVICE/Target/usbd_conf.o
                0x00000000080071ce                USBD_LL_PrepareReceive
 .text.USBD_LL_GetRxDataSize
                0x0000000008007214       0x26 ./src/lib/stm32f207_cube/USB_DEVICE/Target/usbd_conf.o
                0x0000000008007214                USBD_LL_GetRxDataSize
 *fill*         0x000000000800723a        0x2 
 .text.USBD_Get_USB_Status
                0x000000000800723c       0x58 ./src/lib/stm32f207_cube/USB_DEVICE/Target/usbd_conf.o
                0x000000000800723c                USBD_Get_USB_Status
 .text.main     0x0000000008007294       0x16 ./src/main.o
                0x0000000008007294                main
 *fill*         0x00000000080072aa        0x2 
 .text.__errno  0x00000000080072ac        0xc c:/st/stm32cubeide_1.7.0/stm32cubeide/plugins/com.st.stm32cube.ide.mcu.externaltools.gnu-tools-for-stm32.10.3-2021.10.win32_1.0.200.202301161003/tools/bin/../lib/gcc/arm-none-eabi/10.3.1/../../../../arm-none-eabi/lib/thumb/v7-m/nofp\libc_nano.a(lib_a-errno.o)
                0x00000000080072ac                __errno
 .text.__libc_init_array
                0x00000000080072b8       0x48 c:/st/stm32cubeide_1.7.0/stm32cubeide/plugins/com.st.stm32cube.ide.mcu.externaltools.gnu-tools-for-stm32.10.3-2021.10.win32_1.0.200.202301161003/tools/bin/../lib/gcc/arm-none-eabi/10.3.1/../../../../arm-none-eabi/lib/thumb/v7-m/nofp\libc_nano.a(lib_a-init.o)
                0x00000000080072b8                __libc_init_array
 .text.malloc   0x0000000008007300       0x10 c:/st/stm32cubeide_1.7.0/stm32cubeide/plugins/com.st.stm32cube.ide.mcu.externaltools.gnu-tools-for-stm32.10.3-2021.10.win32_1.0.200.202301161003/tools/bin/../lib/gcc/arm-none-eabi/10.3.1/../../../../arm-none-eabi/lib/thumb/v7-m/nofp\libc_nano.a(lib_a-malloc.o)
                0x0000000008007300                malloc
 .text.free     0x0000000008007310       0x10 c:/st/stm32cubeide_1.7.0/stm32cubeide/plugins/com.st.stm32cube.ide.mcu.externaltools.gnu-tools-for-stm32.10.3-2021.10.win32_1.0.200.202301161003/tools/bin/../lib/gcc/arm-none-eabi/10.3.1/../../../../arm-none-eabi/lib/thumb/v7-m/nofp\libc_nano.a(lib_a-malloc.o)
                0x0000000008007310                free
 .text.memset   0x0000000008007320       0x10 c:/st/stm32cubeide_1.7.0/stm32cubeide/plugins/com.st.stm32cube.ide.mcu.externaltools.gnu-tools-for-stm32.10.3-2021.10.win32_1.0.200.202301161003/tools/bin/../lib/gcc/arm-none-eabi/10.3.1/../../../../arm-none-eabi/lib/thumb/v7-m/nofp\libc_nano.a(lib_a-memset.o)
                0x0000000008007320                memset
 .text._free_r  0x0000000008007330       0x90 c:/st/stm32cubeide_1.7.0/stm32cubeide/plugins/com.st.stm32cube.ide.mcu.externaltools.gnu-tools-for-stm32.10.3-2021.10.win32_1.0.200.202301161003/tools/bin/../lib/gcc/arm-none-eabi/10.3.1/../../../../arm-none-eabi/lib/thumb/v7-m/nofp\libc_nano.a(lib_a-nano-freer.o)
                0x0000000008007330                _free_r
 .text.sbrk_aligned
                0x00000000080073c0       0x40 c:/st/stm32cubeide_1.7.0/stm32cubeide/plugins/com.st.stm32cube.ide.mcu.externaltools.gnu-tools-for-stm32.10.3-2021.10.win32_1.0.200.202301161003/tools/bin/../lib/gcc/arm-none-eabi/10.3.1/../../../../arm-none-eabi/lib/thumb/v7-m/nofp\libc_nano.a(lib_a-nano-mallocr.o)
 .text._malloc_r
                0x0000000008007400       0xe8 c:/st/stm32cubeide_1.7.0/stm32cubeide/plugins/com.st.stm32cube.ide.mcu.externaltools.gnu-tools-for-stm32.10.3-2021.10.win32_1.0.200.202301161003/tools/bin/../lib/gcc/arm-none-eabi/10.3.1/../../../../arm-none-eabi/lib/thumb/v7-m/nofp\libc_nano.a(lib_a-nano-mallocr.o)
                0x0000000008007400                _malloc_r
 .text.__cvt    0x00000000080074e8       0xbe c:/st/stm32cubeide_1.7.0/stm32cubeide/plugins/com.st.stm32cube.ide.mcu.externaltools.gnu-tools-for-stm32.10.3-2021.10.win32_1.0.200.202301161003/tools/bin/../lib/gcc/arm-none-eabi/10.3.1/../../../../arm-none-eabi/lib/thumb/v7-m/nofp\libc_nano.a(lib_a-nano-vfprintf_float.o)
                0x00000000080074e8                __cvt
 .text.__exponent
                0x00000000080075a6       0x7c c:/st/stm32cubeide_1.7.0/stm32cubeide/plugins/com.st.stm32cube.ide.mcu.externaltools.gnu-tools-for-stm32.10.3-2021.10.win32_1.0.200.202301161003/tools/bin/../lib/gcc/arm-none-eabi/10.3.1/../../../../arm-none-eabi/lib/thumb/v7-m/nofp\libc_nano.a(lib_a-nano-vfprintf_float.o)
                0x00000000080075a6                __exponent
 *fill*         0x0000000008007622        0x2 
 .text._printf_float
                0x0000000008007624      0x458 c:/st/stm32cubeide_1.7.0/stm32cubeide/plugins/com.st.stm32cube.ide.mcu.externaltools.gnu-tools-for-stm32.10.3-2021.10.win32_1.0.200.202301161003/tools/bin/../lib/gcc/arm-none-eabi/10.3.1/../../../../arm-none-eabi/lib/thumb/v7-m/nofp\libc_nano.a(lib_a-nano-vfprintf_float.o)
                0x0000000008007624                _printf_float
 .text._printf_common
                0x0000000008007a7c       0xde c:/st/stm32cubeide_1.7.0/stm32cubeide/plugins/com.st.stm32cube.ide.mcu.externaltools.gnu-tools-for-stm32.10.3-2021.10.win32_1.0.200.202301161003/tools/bin/../lib/gcc/arm-none-eabi/10.3.1/../../../../arm-none-eabi/lib/thumb/v7-m/nofp\libc_nano.a(lib_a-nano-vfprintf_i.o)
                0x0000000008007a7c                _printf_common
 *fill*         0x0000000008007b5a        0x2 
 .text._printf_i
                0x0000000008007b5c      0x24c c:/st/stm32cubeide_1.7.0/stm32cubeide/plugins/com.st.stm32cube.ide.mcu.externaltools.gnu-tools-for-stm32.10.3-2021.10.win32_1.0.200.202301161003/tools/bin/../lib/gcc/arm-none-eabi/10.3.1/../../../../arm-none-eabi/lib/thumb/v7-m/nofp\libc_nano.a(lib_a-nano-vfprintf_i.o)
                0x0000000008007b5c                _printf_i
 .text._scanf_float
                0x0000000008007da8      0x41c c:/st/stm32cubeide_1.7.0/stm32cubeide/plugins/com.st.stm32cube.ide.mcu.externaltools.gnu-tools-for-stm32.10.3-2021.10.win32_1.0.200.202301161003/tools/bin/../lib/gcc/arm-none-eabi/10.3.1/../../../../arm-none-eabi/lib/thumb/v7-m/nofp\libc_nano.a(lib_a-nano-vfscanf_float.o)
                0x0000000008007da8                _scanf_float
 .text._sbrk_r  0x00000000080081c4       0x20 c:/st/stm32cubeide_1.7.0/stm32cubeide/plugins/com.st.stm32cube.ide.mcu.externaltools.gnu-tools-for-stm32.10.3-2021.10.win32_1.0.200.202301161003/tools/bin/../lib/gcc/arm-none-eabi/10.3.1/../../../../arm-none-eabi/lib/thumb/v7-m/nofp\libc_nano.a(lib_a-sbrkr.o)
                0x00000000080081c4                _sbrk_r
 .text.nanf     0x00000000080081e4        0x8 c:/st/stm32cubeide_1.7.0/stm32cubeide/plugins/com.st.stm32cube.ide.mcu.externaltools.gnu-tools-for-stm32.10.3-2021.10.win32_1.0.200.202301161003/tools/bin/../lib/gcc/arm-none-eabi/10.3.1/../../../../arm-none-eabi/lib/thumb/v7-m/nofp\libc_nano.a(lib_a-sf_nan.o)
                0x00000000080081e4                nanf
 .text.sprintf  0x00000000080081ec       0x40 c:/st/stm32cubeide_1.7.0/stm32cubeide/plugins/com.st.stm32cube.ide.mcu.externaltools.gnu-tools-for-stm32.10.3-2021.10.win32_1.0.200.202301161003/tools/bin/../lib/gcc/arm-none-eabi/10.3.1/../../../../arm-none-eabi/lib/thumb/v7-m/nofp\libc_nano.a(lib_a-sprintf.o)
                0x00000000080081ec                siprintf
                0x00000000080081ec                sprintf
 .text.sulp     0x000000000800822c       0x42 c:/st/stm32cubeide_1.7.0/stm32cubeide/plugins/com.st.stm32cube.ide.mcu.externaltools.gnu-tools-for-stm32.10.3-2021.10.win32_1.0.200.202301161003/tools/bin/../lib/gcc/arm-none-eabi/10.3.1/../../../../arm-none-eabi/lib/thumb/v7-m/nofp\libc_nano.a(lib_a-strtod.o)
 *fill*         0x000000000800826e        0x2 
 .text._strtod_l
                0x0000000008008270      0xbd0 c:/st/stm32cubeide_1.7.0/stm32cubeide/plugins/com.st.stm32cube.ide.mcu.externaltools.gnu-tools-for-stm32.10.3-2021.10.win32_1.0.200.202301161003/tools/bin/../lib/gcc/arm-none-eabi/10.3.1/../../../../arm-none-eabi/lib/thumb/v7-m/nofp\libc_nano.a(lib_a-strtod.o)
                0x0000000008008270                _strtod_l
 .text._strtod_r
                0x0000000008008e40        0xc c:/st/stm32cubeide_1.7.0/stm32cubeide/plugins/com.st.stm32cube.ide.mcu.externaltools.gnu-tools-for-stm32.10.3-2021.10.win32_1.0.200.202301161003/tools/bin/../lib/gcc/arm-none-eabi/10.3.1/../../../../arm-none-eabi/lib/thumb/v7-m/nofp\libc_nano.a(lib_a-strtod.o)
                0x0000000008008e40                _strtod_r
 .text._strtol_l.constprop.0
                0x0000000008008e4c       0xf8 c:/st/stm32cubeide_1.7.0/stm32cubeide/plugins/com.st.stm32cube.ide.mcu.externaltools.gnu-tools-for-stm32.10.3-2021.10.win32_1.0.200.202301161003/tools/bin/../lib/gcc/arm-none-eabi/10.3.1/../../../../arm-none-eabi/lib/thumb/v7-m/nofp\libc_nano.a(lib_a-strtol.o)
 .text._strtol_r
                0x0000000008008f44        0x4 c:/st/stm32cubeide_1.7.0/stm32cubeide/plugins/com.st.stm32cube.ide.mcu.externaltools.gnu-tools-for-stm32.10.3-2021.10.win32_1.0.200.202301161003/tools/bin/../lib/gcc/arm-none-eabi/10.3.1/../../../../arm-none-eabi/lib/thumb/v7-m/nofp\libc_nano.a(lib_a-strtol.o)
                0x0000000008008f44                _strtol_r
 .text._vsnprintf_r
                0x0000000008008f48       0x56 c:/st/stm32cubeide_1.7.0/stm32cubeide/plugins/com.st.stm32cube.ide.mcu.externaltools.gnu-tools-for-stm32.10.3-2021.10.win32_1.0.200.202301161003/tools/bin/../lib/gcc/arm-none-eabi/10.3.1/../../../../arm-none-eabi/lib/thumb/v7-m/nofp\libc_nano.a(lib_a-vsnprintf.o)
                0x0000000008008f48                _vsniprintf_r
                0x0000000008008f48                _vsnprintf_r
 *fill*         0x0000000008008f9e        0x2 
 .text.vsnprintf
                0x0000000008008fa0       0x1c c:/st/stm32cubeide_1.7.0/stm32cubeide/plugins/com.st.stm32cube.ide.mcu.externaltools.gnu-tools-for-stm32.10.3-2021.10.win32_1.0.200.202301161003/tools/bin/../lib/gcc/arm-none-eabi/10.3.1/../../../../arm-none-eabi/lib/thumb/v7-m/nofp\libc_nano.a(lib_a-vsnprintf.o)
                0x0000000008008fa0                vsniprintf
                0x0000000008008fa0                vsnprintf
 .text.quorem   0x0000000008008fbc      0x118 c:/st/stm32cubeide_1.7.0/stm32cubeide/plugins/com.st.stm32cube.ide.mcu.externaltools.gnu-tools-for-stm32.10.3-2021.10.win32_1.0.200.202301161003/tools/bin/../lib/gcc/arm-none-eabi/10.3.1/../../../../arm-none-eabi/lib/thumb/v7-m/nofp\libc_nano.a(lib_a-dtoa.o)
 *fill*         0x00000000080090d4        0x4 
 .text._dtoa_r  0x00000000080090d8      0xbdc c:/st/stm32cubeide_1.7.0/stm32cubeide/plugins/com.st.stm32cube.ide.mcu.externaltools.gnu-tools-for-stm32.10.3-2021.10.win32_1.0.200.202301161003/tools/bin/../lib/gcc/arm-none-eabi/10.3.1/../../../../arm-none-eabi/lib/thumb/v7-m/nofp\libc_nano.a(lib_a-dtoa.o)
                0x00000000080090d8                _dtoa_r
 .text.rshift   0x0000000008009cb4       0xa6 c:/st/stm32cubeide_1.7.0/stm32cubeide/plugins/com.st.stm32cube.ide.mcu.externaltools.gnu-tools-for-stm32.10.3-2021.10.win32_1.0.200.202301161003/tools/bin/../lib/gcc/arm-none-eabi/10.3.1/../../../../arm-none-eabi/lib/thumb/v7-m/nofp\libc_nano.a(lib_a-gdtoa-gethex.o)
 .text.__hexdig_fun
                0x0000000008009d5a       0x2a c:/st/stm32cubeide_1.7.0/stm32cubeide/plugins/com.st.stm32cube.ide.mcu.externaltools.gnu-tools-for-stm32.10.3-2021.10.win32_1.0.200.202301161003/tools/bin/../lib/gcc/arm-none-eabi/10.3.1/../../../../arm-none-eabi/lib/thumb/v7-m/nofp\libc_nano.a(lib_a-gdtoa-gethex.o)
                0x0000000008009d5a                __hexdig_fun
 .text.__gethex
                0x0000000008009d84      0x478 c:/st/stm32cubeide_1.7.0/stm32cubeide/plugins/com.st.stm32cube.ide.mcu.externaltools.gnu-tools-for-stm32.10.3-2021.10.win32_1.0.200.202301161003/tools/bin/../lib/gcc/arm-none-eabi/10.3.1/../../../../arm-none-eabi/lib/thumb/v7-m/nofp\libc_nano.a(lib_a-gdtoa-gethex.o)
                0x0000000008009d84                __gethex
 .text.L_shift  0x000000000800a1fc       0x24 c:/st/stm32cubeide_1.7.0/stm32cubeide/plugins/com.st.stm32cube.ide.mcu.externaltools.gnu-tools-for-stm32.10.3-2021.10.win32_1.0.200.202301161003/tools/bin/../lib/gcc/arm-none-eabi/10.3.1/../../../../arm-none-eabi/lib/thumb/v7-m/nofp\libc_nano.a(lib_a-gdtoa-hexnan.o)
 .text.__match  0x000000000800a220       0x28 c:/st/stm32cubeide_1.7.0/stm32cubeide/plugins/com.st.stm32cube.ide.mcu.externaltools.gnu-tools-for-stm32.10.3-2021.10.win32_1.0.200.202301161003/tools/bin/../lib/gcc/arm-none-eabi/10.3.1/../../../../arm-none-eabi/lib/thumb/v7-m/nofp\libc_nano.a(lib_a-gdtoa-hexnan.o)
                0x000000000800a220                __match
 .text.__hexnan
                0x000000000800a248      0x138 c:/st/stm32cubeide_1.7.0/stm32cubeide/plugins/com.st.stm32cube.ide.mcu.externaltools.gnu-tools-for-stm32.10.3-2021.10.win32_1.0.200.202301161003/tools/bin/../lib/gcc/arm-none-eabi/10.3.1/../../../../arm-none-eabi/lib/thumb/v7-m/nofp\libc_nano.a(lib_a-gdtoa-hexnan.o)
                0x000000000800a248                __hexnan
 .text._localeconv_r
                0x000000000800a380        0x8 c:/st/stm32cubeide_1.7.0/stm32cubeide/plugins/com.st.stm32cube.ide.mcu.externaltools.gnu-tools-for-stm32.10.3-2021.10.win32_1.0.200.202301161003/tools/bin/../lib/gcc/arm-none-eabi/10.3.1/../../../../arm-none-eabi/lib/thumb/v7-m/nofp\libc_nano.a(lib_a-localeconv.o)
                0x000000000800a380                _localeconv_r
 .text.__ascii_mbtowc
                0x000000000800a388       0x24 c:/st/stm32cubeide_1.7.0/stm32cubeide/plugins/com.st.stm32cube.ide.mcu.externaltools.gnu-tools-for-stm32.10.3-2021.10.win32_1.0.200.202301161003/tools/bin/../lib/gcc/arm-none-eabi/10.3.1/../../../../arm-none-eabi/lib/thumb/v7-m/nofp\libc_nano.a(lib_a-mbtowc_r.o)
                0x000000000800a388                __ascii_mbtowc
 .text.memchr   0x000000000800a3ac       0x1c c:/st/stm32cubeide_1.7.0/stm32cubeide/plugins/com.st.stm32cube.ide.mcu.externaltools.gnu-tools-for-stm32.10.3-2021.10.win32_1.0.200.202301161003/tools/bin/../lib/gcc/arm-none-eabi/10.3.1/../../../../arm-none-eabi/lib/thumb/v7-m/nofp\libc_nano.a(lib_a-memchr-stub.o)
                0x000000000800a3ac                memchr
 .text.memcpy   0x000000000800a3c8       0x1c c:/st/stm32cubeide_1.7.0/stm32cubeide/plugins/com.st.stm32cube.ide.mcu.externaltools.gnu-tools-for-stm32.10.3-2021.10.win32_1.0.200.202301161003/tools/bin/../lib/gcc/arm-none-eabi/10.3.1/../../../../arm-none-eabi/lib/thumb/v7-m/nofp\libc_nano.a(lib_a-memcpy-stub.o)
                0x000000000800a3c8                memcpy
 .text.__malloc_lock
                0x000000000800a3e4        0xc c:/st/stm32cubeide_1.7.0/stm32cubeide/plugins/com.st.stm32cube.ide.mcu.externaltools.gnu-tools-for-stm32.10.3-2021.10.win32_1.0.200.202301161003/tools/bin/../lib/gcc/arm-none-eabi/10.3.1/../../../../arm-none-eabi/lib/thumb/v7-m/nofp\libc_nano.a(lib_a-mlock.o)
                0x000000000800a3e4                __malloc_lock
 .text.__malloc_unlock
                0x000000000800a3f0        0xc c:/st/stm32cubeide_1.7.0/stm32cubeide/plugins/com.st.stm32cube.ide.mcu.externaltools.gnu-tools-for-stm32.10.3-2021.10.win32_1.0.200.202301161003/tools/bin/../lib/gcc/arm-none-eabi/10.3.1/../../../../arm-none-eabi/lib/thumb/v7-m/nofp\libc_nano.a(lib_a-mlock.o)
                0x000000000800a3f0                __malloc_unlock
 .text._Balloc  0x000000000800a3fc       0x80 c:/st/stm32cubeide_1.7.0/stm32cubeide/plugins/com.st.stm32cube.ide.mcu.externaltools.gnu-tools-for-stm32.10.3-2021.10.win32_1.0.200.202301161003/tools/bin/../lib/gcc/arm-none-eabi/10.3.1/../../../../arm-none-eabi/lib/thumb/v7-m/nofp\libc_nano.a(lib_a-mprec.o)
                0x000000000800a3fc                _Balloc
 .text._Bfree   0x000000000800a47c       0x44 c:/st/stm32cubeide_1.7.0/stm32cubeide/plugins/com.st.stm32cube.ide.mcu.externaltools.gnu-tools-for-stm32.10.3-2021.10.win32_1.0.200.202301161003/tools/bin/../lib/gcc/arm-none-eabi/10.3.1/../../../../arm-none-eabi/lib/thumb/v7-m/nofp\libc_nano.a(lib_a-mprec.o)
                0x000000000800a47c                _Bfree
 .text.__multadd
                0x000000000800a4c0       0x8c c:/st/stm32cubeide_1.7.0/stm32cubeide/plugins/com.st.stm32cube.ide.mcu.externaltools.gnu-tools-for-stm32.10.3-2021.10.win32_1.0.200.202301161003/tools/bin/../lib/gcc/arm-none-eabi/10.3.1/../../../../arm-none-eabi/lib/thumb/v7-m/nofp\libc_nano.a(lib_a-mprec.o)
                0x000000000800a4c0                __multadd
 .text.__s2b    0x000000000800a54c       0x94 c:/st/stm32cubeide_1.7.0/stm32cubeide/plugins/com.st.stm32cube.ide.mcu.externaltools.gnu-tools-for-stm32.10.3-2021.10.win32_1.0.200.202301161003/tools/bin/../lib/gcc/arm-none-eabi/10.3.1/../../../../arm-none-eabi/lib/thumb/v7-m/nofp\libc_nano.a(lib_a-mprec.o)
                0x000000000800a54c                __s2b
 .text.__hi0bits
                0x000000000800a5e0       0x40 c:/st/stm32cubeide_1.7.0/stm32cubeide/plugins/com.st.stm32cube.ide.mcu.externaltools.gnu-tools-for-stm32.10.3-2021.10.win32_1.0.200.202301161003/tools/bin/../lib/gcc/arm-none-eabi/10.3.1/../../../../arm-none-eabi/lib/thumb/v7-m/nofp\libc_nano.a(lib_a-mprec.o)
                0x000000000800a5e0                __hi0bits
 .text.__lo0bits
                0x000000000800a620       0x5a c:/st/stm32cubeide_1.7.0/stm32cubeide/plugins/com.st.stm32cube.ide.mcu.externaltools.gnu-tools-for-stm32.10.3-2021.10.win32_1.0.200.202301161003/tools/bin/../lib/gcc/arm-none-eabi/10.3.1/../../../../arm-none-eabi/lib/thumb/v7-m/nofp\libc_nano.a(lib_a-mprec.o)
                0x000000000800a620                __lo0bits
 *fill*         0x000000000800a67a        0x2 
 .text.__i2b    0x000000000800a67c       0x2c c:/st/stm32cubeide_1.7.0/stm32cubeide/plugins/com.st.stm32cube.ide.mcu.externaltools.gnu-tools-for-stm32.10.3-2021.10.win32_1.0.200.202301161003/tools/bin/../lib/gcc/arm-none-eabi/10.3.1/../../../../arm-none-eabi/lib/thumb/v7-m/nofp\libc_nano.a(lib_a-mprec.o)
                0x000000000800a67c                __i2b
 .text.__multiply
                0x000000000800a6a8      0x150 c:/st/stm32cubeide_1.7.0/stm32cubeide/plugins/com.st.stm32cube.ide.mcu.externaltools.gnu-tools-for-stm32.10.3-2021.10.win32_1.0.200.202301161003/tools/bin/../lib/gcc/arm-none-eabi/10.3.1/../../../../arm-none-eabi/lib/thumb/v7-m/nofp\libc_nano.a(lib_a-mprec.o)
                0x000000000800a6a8                __multiply
 .text.__pow5mult
                0x000000000800a7f8       0xb4 c:/st/stm32cubeide_1.7.0/stm32cubeide/plugins/com.st.stm32cube.ide.mcu.externaltools.gnu-tools-for-stm32.10.3-2021.10.win32_1.0.200.202301161003/tools/bin/../lib/gcc/arm-none-eabi/10.3.1/../../../../arm-none-eabi/lib/thumb/v7-m/nofp\libc_nano.a(lib_a-mprec.o)
                0x000000000800a7f8                __pow5mult
 .text.__lshift
                0x000000000800a8ac       0xe0 c:/st/stm32cubeide_1.7.0/stm32cubeide/plugins/com.st.stm32cube.ide.mcu.externaltools.gnu-tools-for-stm32.10.3-2021.10.win32_1.0.200.202301161003/tools/bin/../lib/gcc/arm-none-eabi/10.3.1/../../../../arm-none-eabi/lib/thumb/v7-m/nofp\libc_nano.a(lib_a-mprec.o)
                0x000000000800a8ac                __lshift
 .text.__mcmp   0x000000000800a98c       0x36 c:/st/stm32cubeide_1.7.0/stm32cubeide/plugins/com.st.stm32cube.ide.mcu.externaltools.gnu-tools-for-stm32.10.3-2021.10.win32_1.0.200.202301161003/tools/bin/../lib/gcc/arm-none-eabi/10.3.1/../../../../arm-none-eabi/lib/thumb/v7-m/nofp\libc_nano.a(lib_a-mprec.o)
                0x000000000800a98c                __mcmp
 *fill*         0x000000000800a9c2        0x2 
 .text.__mdiff  0x000000000800a9c4      0x118 c:/st/stm32cubeide_1.7.0/stm32cubeide/plugins/com.st.stm32cube.ide.mcu.externaltools.gnu-tools-for-stm32.10.3-2021.10.win32_1.0.200.202301161003/tools/bin/../lib/gcc/arm-none-eabi/10.3.1/../../../../arm-none-eabi/lib/thumb/v7-m/nofp\libc_nano.a(lib_a-mprec.o)
                0x000000000800a9c4                __mdiff
 .text.__ulp    0x000000000800aadc       0x4c c:/st/stm32cubeide_1.7.0/stm32cubeide/plugins/com.st.stm32cube.ide.mcu.externaltools.gnu-tools-for-stm32.10.3-2021.10.win32_1.0.200.202301161003/tools/bin/../lib/gcc/arm-none-eabi/10.3.1/../../../../arm-none-eabi/lib/thumb/v7-m/nofp\libc_nano.a(lib_a-mprec.o)
                0x000000000800aadc                __ulp
 .text.__b2d    0x000000000800ab28       0xa8 c:/st/stm32cubeide_1.7.0/stm32cubeide/plugins/com.st.stm32cube.ide.mcu.externaltools.gnu-tools-for-stm32.10.3-2021.10.win32_1.0.200.202301161003/tools/bin/../lib/gcc/arm-none-eabi/10.3.1/../../../../arm-none-eabi/lib/thumb/v7-m/nofp\libc_nano.a(lib_a-mprec.o)
                0x000000000800ab28                __b2d
 .text.__d2b    0x000000000800abd0       0xb8 c:/st/stm32cubeide_1.7.0/stm32cubeide/plugins/com.st.stm32cube.ide.mcu.externaltools.gnu-tools-for-stm32.10.3-2021.10.win32_1.0.200.202301161003/tools/bin/../lib/gcc/arm-none-eabi/10.3.1/../../../../arm-none-eabi/lib/thumb/v7-m/nofp\libc_nano.a(lib_a-mprec.o)
                0x000000000800abd0                __d2b
 .text.__ratio  0x000000000800ac88       0x5c c:/st/stm32cubeide_1.7.0/stm32cubeide/plugins/com.st.stm32cube.ide.mcu.externaltools.gnu-tools-for-stm32.10.3-2021.10.win32_1.0.200.202301161003/tools/bin/../lib/gcc/arm-none-eabi/10.3.1/../../../../arm-none-eabi/lib/thumb/v7-m/nofp\libc_nano.a(lib_a-mprec.o)
                0x000000000800ac88                __ratio
 .text.__copybits
                0x000000000800ace4       0x46 c:/st/stm32cubeide_1.7.0/stm32cubeide/plugins/com.st.stm32cube.ide.mcu.externaltools.gnu-tools-for-stm32.10.3-2021.10.win32_1.0.200.202301161003/tools/bin/../lib/gcc/arm-none-eabi/10.3.1/../../../../arm-none-eabi/lib/thumb/v7-m/nofp\libc_nano.a(lib_a-mprec.o)
                0x000000000800ace4                __copybits
 .text.__any_on
                0x000000000800ad2a       0x42 c:/st/stm32cubeide_1.7.0/stm32cubeide/plugins/com.st.stm32cube.ide.mcu.externaltools.gnu-tools-for-stm32.10.3-2021.10.win32_1.0.200.202301161003/tools/bin/../lib/gcc/arm-none-eabi/10.3.1/../../../../arm-none-eabi/lib/thumb/v7-m/nofp\libc_nano.a(lib_a-mprec.o)
                0x000000000800ad2a                __any_on
 .text._calloc_r
                0x000000000800ad6c       0x28 c:/st/stm32cubeide_1.7.0/stm32cubeide/plugins/com.st.stm32cube.ide.mcu.externaltools.gnu-tools-for-stm32.10.3-2021.10.win32_1.0.200.202301161003/tools/bin/../lib/gcc/arm-none-eabi/10.3.1/../../../../arm-none-eabi/lib/thumb/v7-m/nofp\libc_nano.a(lib_a-nano-callocr.o)
                0x000000000800ad6c                _calloc_r
 .text.__ssputs_r
                0x000000000800ad94       0xb6 c:/st/stm32cubeide_1.7.0/stm32cubeide/plugins/com.st.stm32cube.ide.mcu.externaltools.gnu-tools-for-stm32.10.3-2021.10.win32_1.0.200.202301161003/tools/bin/../lib/gcc/arm-none-eabi/10.3.1/../../../../arm-none-eabi/lib/thumb/v7-m/nofp\libc_nano.a(lib_a-nano-svfprintf.o)
                0x000000000800ad94                __ssputs_r
 *fill*         0x000000000800ae4a        0x2 
 .text._svfprintf_r
                0x000000000800ae4c      0x200 c:/st/stm32cubeide_1.7.0/stm32cubeide/plugins/com.st.stm32cube.ide.mcu.externaltools.gnu-tools-for-stm32.10.3-2021.10.win32_1.0.200.202301161003/tools/bin/../lib/gcc/arm-none-eabi/10.3.1/../../../../arm-none-eabi/lib/thumb/v7-m/nofp\libc_nano.a(lib_a-nano-svfprintf.o)
                0x000000000800ae4c                _svfiprintf_r
                0x000000000800ae4c                _svfprintf_r
 .text.nan      0x000000000800b04c        0xc c:/st/stm32cubeide_1.7.0/stm32cubeide/plugins/com.st.stm32cube.ide.mcu.externaltools.gnu-tools-for-stm32.10.3-2021.10.win32_1.0.200.202301161003/tools/bin/../lib/gcc/arm-none-eabi/10.3.1/../../../../arm-none-eabi/lib/thumb/v7-m/nofp\libc_nano.a(lib_a-s_nan.o)
                0x000000000800b04c                nan
 .text.strncmp  0x000000000800b058       0x28 c:/st/stm32cubeide_1.7.0/stm32cubeide/plugins/com.st.stm32cube.ide.mcu.externaltools.gnu-tools-for-stm32.10.3-2021.10.win32_1.0.200.202301161003/tools/bin/../lib/gcc/arm-none-eabi/10.3.1/../../../../arm-none-eabi/lib/thumb/v7-m/nofp\libc_nano.a(lib_a-strncmp.o)
                0x000000000800b058                strncmp
 .text.__ascii_wctomb
                0x000000000800b080       0x1a c:/st/stm32cubeide_1.7.0/stm32cubeide/plugins/com.st.stm32cube.ide.mcu.externaltools.gnu-tools-for-stm32.10.3-2021.10.win32_1.0.200.202301161003/tools/bin/../lib/gcc/arm-none-eabi/10.3.1/../../../../arm-none-eabi/lib/thumb/v7-m/nofp\libc_nano.a(lib_a-wctomb_r.o)
                0x000000000800b080                __ascii_wctomb
 *fill*         0x000000000800b09a        0x2 
 .text.__assert_func
                0x000000000800b09c       0x3c c:/st/stm32cubeide_1.7.0/stm32cubeide/plugins/com.st.stm32cube.ide.mcu.externaltools.gnu-tools-for-stm32.10.3-2021.10.win32_1.0.200.202301161003/tools/bin/../lib/gcc/arm-none-eabi/10.3.1/../../../../arm-none-eabi/lib/thumb/v7-m/nofp\libc_nano.a(lib_a-assert.o)
                0x000000000800b09c                __assert_func
 .text.fprintf  0x000000000800b0d8       0x24 c:/st/stm32cubeide_1.7.0/stm32cubeide/plugins/com.st.stm32cube.ide.mcu.externaltools.gnu-tools-for-stm32.10.3-2021.10.win32_1.0.200.202301161003/tools/bin/../lib/gcc/arm-none-eabi/10.3.1/../../../../arm-none-eabi/lib/thumb/v7-m/nofp\libc_nano.a(lib_a-fprintf.o)
                0x000000000800b0d8                fiprintf
                0x000000000800b0d8                fprintf
 .text.__retarget_lock_init_recursive
                0x000000000800b0fc        0x2 c:/st/stm32cubeide_1.7.0/stm32cubeide/plugins/com.st.stm32cube.ide.mcu.externaltools.gnu-tools-for-stm32.10.3-2021.10.win32_1.0.200.202301161003/tools/bin/../lib/gcc/arm-none-eabi/10.3.1/../../../../arm-none-eabi/lib/thumb/v7-m/nofp\libc_nano.a(lib_a-lock.o)
                0x000000000800b0fc                __retarget_lock_init_recursive
 .text.__retarget_lock_acquire_recursive
                0x000000000800b0fe        0x2 c:/st/stm32cubeide_1.7.0/stm32cubeide/plugins/com.st.stm32cube.ide.mcu.externaltools.gnu-tools-for-stm32.10.3-2021.10.win32_1.0.200.202301161003/tools/bin/../lib/gcc/arm-none-eabi/10.3.1/../../../../arm-none-eabi/lib/thumb/v7-m/nofp\libc_nano.a(lib_a-lock.o)
                0x000000000800b0fe                __retarget_lock_acquire_recursive
 .text.__retarget_lock_release_recursive
                0x000000000800b100        0x2 c:/st/stm32cubeide_1.7.0/stm32cubeide/plugins/com.st.stm32cube.ide.mcu.externaltools.gnu-tools-for-stm32.10.3-2021.10.win32_1.0.200.202301161003/tools/bin/../lib/gcc/arm-none-eabi/10.3.1/../../../../arm-none-eabi/lib/thumb/v7-m/nofp\libc_nano.a(lib_a-lock.o)
                0x000000000800b100                __retarget_lock_release_recursive
 .text.memmove  0x000000000800b102       0x34 c:/st/stm32cubeide_1.7.0/stm32cubeide/plugins/com.st.stm32cube.ide.mcu.externaltools.gnu-tools-for-stm32.10.3-2021.10.win32_1.0.200.202301161003/tools/bin/../lib/gcc/arm-none-eabi/10.3.1/../../../../arm-none-eabi/lib/thumb/v7-m/nofp\libc_nano.a(lib_a-memmove.o)
                0x000000000800b102                memmove
 .text._realloc_r
                0x000000000800b136       0x5e c:/st/stm32cubeide_1.7.0/stm32cubeide/plugins/com.st.stm32cube.ide.mcu.externaltools.gnu-tools-for-stm32.10.3-2021.10.win32_1.0.200.202301161003/tools/bin/../lib/gcc/arm-none-eabi/10.3.1/../../../../arm-none-eabi/lib/thumb/v7-m/nofp\libc_nano.a(lib_a-nano-reallocr.o)
                0x000000000800b136                _realloc_r
 .text.__sfputc_r
                0x000000000800b194       0x2a c:/st/stm32cubeide_1.7.0/stm32cubeide/plugins/com.st.stm32cube.ide.mcu.externaltools.gnu-tools-for-stm32.10.3-2021.10.win32_1.0.200.202301161003/tools/bin/../lib/gcc/arm-none-eabi/10.3.1/../../../../arm-none-eabi/lib/thumb/v7-m/nofp\libc_nano.a(lib_a-nano-vfprintf.o)
 .text.__sfputs_r
                0x000000000800b1be       0x24 c:/st/stm32cubeide_1.7.0/stm32cubeide/plugins/com.st.stm32cube.ide.mcu.externaltools.gnu-tools-for-stm32.10.3-2021.10.win32_1.0.200.202301161003/tools/bin/../lib/gcc/arm-none-eabi/10.3.1/../../../../arm-none-eabi/lib/thumb/v7-m/nofp\libc_nano.a(lib_a-nano-vfprintf.o)
                0x000000000800b1be                __sfputs_r
 *fill*         0x000000000800b1e2        0x2 
 .text._vfprintf_r
                0x000000000800b1e4      0x260 c:/st/stm32cubeide_1.7.0/stm32cubeide/plugins/com.st.stm32cube.ide.mcu.externaltools.gnu-tools-for-stm32.10.3-2021.10.win32_1.0.200.202301161003/tools/bin/../lib/gcc/arm-none-eabi/10.3.1/../../../../arm-none-eabi/lib/thumb/v7-m/nofp\libc_nano.a(lib_a-nano-vfprintf.o)
                0x000000000800b1e4                _vfprintf_r
                0x000000000800b1e4                _vfiprintf_r
 .text.__swbuf_r
                0x000000000800b444       0xa4 c:/st/stm32cubeide_1.7.0/stm32cubeide/plugins/com.st.stm32cube.ide.mcu.externaltools.gnu-tools-for-stm32.10.3-2021.10.win32_1.0.200.202301161003/tools/bin/../lib/gcc/arm-none-eabi/10.3.1/../../../../arm-none-eabi/lib/thumb/v7-m/nofp\libc_nano.a(lib_a-wbuf.o)
                0x000000000800b444                __swbuf_r
 .text.__swsetup_r
                0x000000000800b4e8       0xdc c:/st/stm32cubeide_1.7.0/stm32cubeide/plugins/com.st.stm32cube.ide.mcu.externaltools.gnu-tools-for-stm32.10.3-2021.10.win32_1.0.200.202301161003/tools/bin/../lib/gcc/arm-none-eabi/10.3.1/../../../../arm-none-eabi/lib/thumb/v7-m/nofp\libc_nano.a(lib_a-wsetup.o)
                0x000000000800b4e8                __swsetup_r
 .text.abort    0x000000000800b5c4        0xe c:/st/stm32cubeide_1.7.0/stm32cubeide/plugins/com.st.stm32cube.ide.mcu.externaltools.gnu-tools-for-stm32.10.3-2021.10.win32_1.0.200.202301161003/tools/bin/../lib/gcc/arm-none-eabi/10.3.1/../../../../arm-none-eabi/lib/thumb/v7-m/nofp\libc_nano.a(lib_a-abort.o)
                0x000000000800b5c4                abort
 *fill*         0x000000000800b5d2        0x2 
 .text.__sflush_r
                0x000000000800b5d4      0x104 c:/st/stm32cubeide_1.7.0/stm32cubeide/plugins/com.st.stm32cube.ide.mcu.externaltools.gnu-tools-for-stm32.10.3-2021.10.win32_1.0.200.202301161003/tools/bin/../lib/gcc/arm-none-eabi/10.3.1/../../../../arm-none-eabi/lib/thumb/v7-m/nofp\libc_nano.a(lib_a-fflush.o)
                0x000000000800b5d4                __sflush_r
 .text._fflush_r
                0x000000000800b6d8       0x78 c:/st/stm32cubeide_1.7.0/stm32cubeide/plugins/com.st.stm32cube.ide.mcu.externaltools.gnu-tools-for-stm32.10.3-2021.10.win32_1.0.200.202301161003/tools/bin/../lib/gcc/arm-none-eabi/10.3.1/../../../../arm-none-eabi/lib/thumb/v7-m/nofp\libc_nano.a(lib_a-fflush.o)
                0x000000000800b6d8                _fflush_r
 .text.std      0x000000000800b750       0x48 c:/st/stm32cubeide_1.7.0/stm32cubeide/plugins/com.st.stm32cube.ide.mcu.externaltools.gnu-tools-for-stm32.10.3-2021.10.win32_1.0.200.202301161003/tools/bin/../lib/gcc/arm-none-eabi/10.3.1/../../../../arm-none-eabi/lib/thumb/v7-m/nofp\libc_nano.a(lib_a-findfp.o)
 .text._cleanup_r
                0x000000000800b798        0xc c:/st/stm32cubeide_1.7.0/stm32cubeide/plugins/com.st.stm32cube.ide.mcu.externaltools.gnu-tools-for-stm32.10.3-2021.10.win32_1.0.200.202301161003/tools/bin/../lib/gcc/arm-none-eabi/10.3.1/../../../../arm-none-eabi/lib/thumb/v7-m/nofp\libc_nano.a(lib_a-findfp.o)
                0x000000000800b798                _cleanup_r
 .text.__sfmoreglue
                0x000000000800b7a4       0x2c c:/st/stm32cubeide_1.7.0/stm32cubeide/plugins/com.st.stm32cube.ide.mcu.externaltools.gnu-tools-for-stm32.10.3-2021.10.win32_1.0.200.202301161003/tools/bin/../lib/gcc/arm-none-eabi/10.3.1/../../../../arm-none-eabi/lib/thumb/v7-m/nofp\libc_nano.a(lib_a-findfp.o)
                0x000000000800b7a4                __sfmoreglue
 .text.__sfp_lock_acquire
                0x000000000800b7d0        0xc c:/st/stm32cubeide_1.7.0/stm32cubeide/plugins/com.st.stm32cube.ide.mcu.externaltools.gnu-tools-for-stm32.10.3-2021.10.win32_1.0.200.202301161003/tools/bin/../lib/gcc/arm-none-eabi/10.3.1/../../../../arm-none-eabi/lib/thumb/v7-m/nofp\libc_nano.a(lib_a-findfp.o)
                0x000000000800b7d0                __sfp_lock_acquire
 .text.__sfp_lock_release
                0x000000000800b7dc        0xc c:/st/stm32cubeide_1.7.0/stm32cubeide/plugins/com.st.stm32cube.ide.mcu.externaltools.gnu-tools-for-stm32.10.3-2021.10.win32_1.0.200.202301161003/tools/bin/../lib/gcc/arm-none-eabi/10.3.1/../../../../arm-none-eabi/lib/thumb/v7-m/nofp\libc_nano.a(lib_a-findfp.o)
                0x000000000800b7dc                __sfp_lock_release
 .text.__sinit_lock_acquire
                0x000000000800b7e8        0xc c:/st/stm32cubeide_1.7.0/stm32cubeide/plugins/com.st.stm32cube.ide.mcu.externaltools.gnu-tools-for-stm32.10.3-2021.10.win32_1.0.200.202301161003/tools/bin/../lib/gcc/arm-none-eabi/10.3.1/../../../../arm-none-eabi/lib/thumb/v7-m/nofp\libc_nano.a(lib_a-findfp.o)
                0x000000000800b7e8                __sinit_lock_acquire
 .text.__sinit_lock_release
                0x000000000800b7f4        0xc c:/st/stm32cubeide_1.7.0/stm32cubeide/plugins/com.st.stm32cube.ide.mcu.externaltools.gnu-tools-for-stm32.10.3-2021.10.win32_1.0.200.202301161003/tools/bin/../lib/gcc/arm-none-eabi/10.3.1/../../../../arm-none-eabi/lib/thumb/v7-m/nofp\libc_nano.a(lib_a-findfp.o)
                0x000000000800b7f4                __sinit_lock_release
 .text.__sinit  0x000000000800b800       0x70 c:/st/stm32cubeide_1.7.0/stm32cubeide/plugins/com.st.stm32cube.ide.mcu.externaltools.gnu-tools-for-stm32.10.3-2021.10.win32_1.0.200.202301161003/tools/bin/../lib/gcc/arm-none-eabi/10.3.1/../../../../arm-none-eabi/lib/thumb/v7-m/nofp\libc_nano.a(lib_a-findfp.o)
                0x000000000800b800                __sinit
 .text.__sfp    0x000000000800b870       0x8c c:/st/stm32cubeide_1.7.0/stm32cubeide/plugins/com.st.stm32cube.ide.mcu.externaltools.gnu-tools-for-stm32.10.3-2021.10.win32_1.0.200.202301161003/tools/bin/../lib/gcc/arm-none-eabi/10.3.1/../../../../arm-none-eabi/lib/thumb/v7-m/nofp\libc_nano.a(lib_a-findfp.o)
                0x000000000800b870                __sfp
 .text._fwalk_reent
                0x000000000800b8fc       0x3e c:/st/stm32cubeide_1.7.0/stm32cubeide/plugins/com.st.stm32cube.ide.mcu.externaltools.gnu-tools-for-stm32.10.3-2021.10.win32_1.0.200.202301161003/tools/bin/../lib/gcc/arm-none-eabi/10.3.1/../../../../arm-none-eabi/lib/thumb/v7-m/nofp\libc_nano.a(lib_a-fwalk.o)
                0x000000000800b8fc                _fwalk_reent
 .text.__swhatbuf_r
                0x000000000800b93a       0x4a c:/st/stm32cubeide_1.7.0/stm32cubeide/plugins/com.st.stm32cube.ide.mcu.externaltools.gnu-tools-for-stm32.10.3-2021.10.win32_1.0.200.202301161003/tools/bin/../lib/gcc/arm-none-eabi/10.3.1/../../../../arm-none-eabi/lib/thumb/v7-m/nofp\libc_nano.a(lib_a-makebuf.o)
                0x000000000800b93a                __swhatbuf_r
 .text.__smakebuf_r
                0x000000000800b984       0x80 c:/st/stm32cubeide_1.7.0/stm32cubeide/plugins/com.st.stm32cube.ide.mcu.externaltools.gnu-tools-for-stm32.10.3-2021.10.win32_1.0.200.202301161003/tools/bin/../lib/gcc/arm-none-eabi/10.3.1/../../../../arm-none-eabi/lib/thumb/v7-m/nofp\libc_nano.a(lib_a-makebuf.o)
                0x000000000800b984                __smakebuf_r
 .text._malloc_usable_size_r
                0x000000000800ba04       0x10 c:/st/stm32cubeide_1.7.0/stm32cubeide/plugins/com.st.stm32cube.ide.mcu.externaltools.gnu-tools-for-stm32.10.3-2021.10.win32_1.0.200.202301161003/tools/bin/../lib/gcc/arm-none-eabi/10.3.1/../../../../arm-none-eabi/lib/thumb/v7-m/nofp\libc_nano.a(lib_a-nano-msizer.o)
                0x000000000800ba04                _malloc_usable_size_r
 .text._raise_r
                0x000000000800ba14       0x50 c:/st/stm32cubeide_1.7.0/stm32cubeide/plugins/com.st.stm32cube.ide.mcu.externaltools.gnu-tools-for-stm32.10.3-2021.10.win32_1.0.200.202301161003/tools/bin/../lib/gcc/arm-none-eabi/10.3.1/../../../../arm-none-eabi/lib/thumb/v7-m/nofp\libc_nano.a(lib_a-signal.o)
                0x000000000800ba14                _raise_r