Archive member included to satisfy reference by file (symbol)

c:/st/stm32cubeide_1.7.0/stm32cubeide/plugins/com.st.stm32cube.ide.mcu.externaltools.gnu-tools-for-stm32.10.3-2021.10.win32_1.0.200.202301161003/tools/bin/../lib/gcc/arm-none-eabi/10.3.1/../../../../arm-none-eabi/lib/thumb/v7-m/nofp\libc_nano.a(lib_a-errno.o)
                              ./src/bsp/syscalls.o (__errno)
c:/st/stm32cubeide_1.7.0/stm32cubeide/plugins/com.st.stm32cube.ide.mcu.externaltools.gnu-tools-for-stm32.10.3-2021.10.win32_1.0.200.202301161003/tools/bin/../lib/gcc/arm-none-eabi/10.3.1/../../../../arm-none-eabi/lib/thumb/v7-m/nofp\libc_nano.a(lib_a-exit.o)
                              c:/st/stm32cubeide_1.7.0/stm32cubeide/plugins/com.st.stm32cube.ide.mcu.externaltools.gnu-tools-for-stm32.10.3-2021.10.win32_1.0.200.202301161003/tools/bin/../lib/gcc/arm-none-eabi/10.3.1/../../../../arm-none-eabi/lib/thumb/v7-m/nofp/crt0.o (exit)
c:/st/stm32cubeide_1.7.0/stm32cubeide/plugins/com.st.stm32cube.ide.mcu.externaltools.gnu-tools-for-stm32.10.3-2021.10.win32_1.0.200.202301161003/tools/bin/../lib/gcc/arm-none-eabi/10.3.1/../../../../arm-none-eabi/lib/thumb/v7-m/nofp\libc_nano.a(lib_a-impure.o)
                              c:/st/stm32cubeide_1.7.0/stm32cubeide/plugins/com.st.stm32cube.ide.mcu.externaltools.gnu-tools-for-stm32.10.3-2021.10.win32_1.0.200.202301161003/tools/bin/../lib/gcc/arm-none-eabi/10.3.1/../../../../arm-none-eabi/lib/thumb/v7-m/nofp\libc_nano.a(lib_a-exit.o) (_global_impure_ptr)
c:/st/stm32cubeide_1.7.0/stm32cubeide/plugins/com.st.stm32cube.ide.mcu.externaltools.gnu-tools-for-stm32.10.3-2021.10.win32_1.0.200.202301161003/tools/bin/../lib/gcc/arm-none-eabi/10.3.1/../../../../arm-none-eabi/lib/thumb/v7-m/nofp\libc_nano.a(lib_a-init.o)
                              c:/st/stm32cubeide_1.7.0/stm32cubeide/plugins/com.st.stm32cube.ide.mcu.externaltools.gnu-tools-for-stm32.10.3-2021.10.win32_1.0.200.202301161003/tools/bin/../lib/gcc/arm-none-eabi/10.3.1/../../../../arm-none-eabi/lib/thumb/v7-m/nofp/crt0.o (__libc_init_array)
c:/st/stm32cubeide_1.7.0/stm32cubeide/plugins/com.st.stm32cube.ide.mcu.externaltools.gnu-tools-for-stm32.10.3-2021.10.win32_1.0.200.202301161003/tools/bin/../lib/gcc/arm-none-eabi/10.3.1/../../../../arm-none-eabi/lib/thumb/v7-m/nofp\libc_nano.a(lib_a-malloc.o)
                              ./src/lib/stm32f207_cube/Middlewares/ST/STM32_USB_Device_Library/Class/CDC/Src/usbd_cdc.o (malloc)
c:/st/stm32cubeide_1.7.0/stm32cubeide/plugins/com.st.stm32cube.ide.mcu.externaltools.gnu-tools-for-stm32.10.3-2021.10.win32_1.0.200.202301161003/tools/bin/../lib/gcc/arm-none-eabi/10.3.1/../../../../arm-none-eabi/lib/thumb/v7-m/nofp\libc_nano.a(lib_a-memset.o)
                              c:/st/stm32cubeide_1.7.0/stm32cubeide/plugins/com.st.stm32cube.ide.mcu.externaltools.gnu-tools-for-stm32.10.3-2021.10.win32_1.0.200.202301161003/tools/bin/../lib/gcc/arm-none-eabi/10.3.1/../../../../arm-none-eabi/lib/thumb/v7-m/nofp/crt0.o (memset)
c:/st/stm32cubeide_1.7.0/stm32cubeide/plugins/com.st.stm32cube.ide.mcu.externaltools.gnu-tools-for-stm32.10.3-2021.10.win32_1.0.200.202301161003/tools/bin/../lib/gcc/arm-none-eabi/10.3.1/../../../../arm-none-eabi/lib/thumb/v7-m/nofp\libc_nano.a(lib_a-nano-freer.o)
                              c:/st/stm32cubeide_1.7.0/stm32cubeide/plugins/com.st.stm32cube.ide.mcu.externaltools.gnu-tools-for-stm32.10.3-2021.10.win32_1.0.200.202301161003/tools/bin/../lib/gcc/arm-none-eabi/10.3.1/../../../../arm-none-eabi/lib/thumb/v7-m/nofp\libc_nano.a(lib_a-malloc.o) (_free_r)
c:/st/stm32cubeide_1.7.0/stm32cubeide/plugins/com.st.stm32cube.ide.mcu.externaltools.gnu-tools-for-stm32.10.3-2021.10.win32_1.0.200.202301161003/tools/bin/../lib/gcc/arm-none-eabi/10.3.1/../../../../arm-none-eabi/lib/thumb/v7-m/nofp\libc_nano.a(lib_a-nano-mallocr.o)
                              c:/st/stm32cubeide_1.7.0/stm32cubeide/plugins/com.st.stm32cube.ide.mcu.externaltools.gnu-tools-for-stm32.10.3-2021.10.win32_1.0.200.202301161003/tools/bin/../lib/gcc/arm-none-eabi/10.3.1/../../../../arm-none-eabi/lib/thumb/v7-m/nofp\libc_nano.a(lib_a-malloc.o) (_malloc_r)
c:/st/stm32cubeide_1.7.0/stm32cubeide/plugins/com.st.stm32cube.ide.mcu.externaltools.gnu-tools-for-stm32.10.3-2021.10.win32_1.0.200.202301161003/tools/bin/../lib/gcc/arm-none-eabi/10.3.1/../../../../arm-none-eabi/lib/thumb/v7-m/nofp\libc_nano.a(lib_a-nano-vfprintf_float.o)
                              (_printf_float)
c:/st/stm32cubeide_1.7.0/stm32cubeide/plugins/com.st.stm32cube.ide.mcu.externaltools.gnu-tools-for-stm32.10.3-2021.10.win32_1.0.200.202301161003/tools/bin/../lib/gcc/arm-none-eabi/10.3.1/../../../../arm-none-eabi/lib/thumb/v7-m/nofp\libc_nano.a(lib_a-nano-vfprintf_i.o)
[...]
Memory Configuration

Name             Origin             Length             Attributes
RAM              0x0000000020000000 0x0000000000020000 xrw
FLASH            0x0000000008000000 0x0000000000100000 xr
*default*        0x0000000000000000 0xffffffffffffffff

Linker script and memory map

LOAD c:/st/stm32cubeide_1.7.0/stm32cubeide/plugins/com.st.stm32cube.ide.mcu.externaltools.gnu-tools-for-stm32.10.3-2021.10.win32_1.0.200.202301161003/tools/bin/../lib/gcc/arm-none-eabi/10.3.1/thumb/v7-m/nofp/crti.o
LOAD c:/st/stm32cubeide_1.7.0/stm32cubeide/plugins/com.st.stm32cube.ide.mcu.externaltools.gnu-tools-for-stm32.10.3-2021.10.win32_1.0.200.202301161003/tools/bin/../lib/gcc/arm-none-eabi/10.3.1/thumb/v7-m/nofp/crtbegin.o
LOAD c:/st/stm32cubeide_1.7.0/stm32cubeide/plugins/com.st.stm32cube.ide.mcu.externaltools.gnu-tools-for-stm32.10.3-2021.10.win32_1.0.200.202301161003/tools/bin/../lib/gcc/arm-none-eabi/10.3.1/../../../../arm-none-eabi/lib/thumb/v7-m/nofp/crt0.o
LOAD ./src/ap/ap.o
LOAD ./src/bsp/bsp.o
LOAD ./src/bsp/stm32f2xx_hal_msp.o
LOAD ./src/bsp/stm32f2xx_it.o
LOAD ./src/bsp/syscalls.o
LOAD ./src/bsp/sysmem.o
LOAD ./src/bsp/system_stm32f2xx.o
LOAD ./src/bsp/startup/startup_stm32f207ighx.o
LOAD ./src/common/core/qbuffer.o
LOAD ./src/hw/deiver/cdc.o
LOAD ./src/hw/deiver/cli.o
LOAD ./src/hw/deiver/flash.o
LOAD ./src/hw/deiver/led.o
LOAD ./src/hw/deiver/uart.o
LOAD ./src/hw/hw.o
LOAD ./src/lib/stm32f207_cube/Drivers/STM32F2xx_HAL_Driver/Src/stm32f2xx_hal.o
LOAD ./src/lib/stm32f207_cube/Drivers/STM32F2xx_HAL_Driver/Src/stm32f2xx_hal_cortex.o
LOAD ./src/lib/stm32f207_cube/Drivers/STM32F2xx_HAL_Driver/Src/stm32f2xx_hal_dma.o
LOAD ./src/lib/stm32f207_cube/Drivers/STM32F2xx_HAL_Driver/Src/stm32f2xx_hal_dma_ex.o
LOAD ./src/lib/stm32f207_cube/Drivers/STM32F2xx_HAL_Driver/Src/stm32f2xx_hal_exti.o
LOAD ./src/lib/stm32f207_cube/Drivers/STM32F2xx_HAL_Driver/Src/stm32f2xx_hal_flash.o
LOAD ./src/lib/stm32f207_cube/Drivers/STM32F2xx_HAL_Driver/Src/stm32f2xx_hal_flash_ex.o
LOAD ./src/lib/stm32f207_cube/Drivers/STM32F2xx_HAL_Driver/Src/stm32f2xx_hal_gpio.o
LOAD ./src/lib/stm32f207_cube/Drivers/STM32F2xx_HAL_Driver/Src/stm32f2xx_hal_pcd.o
LOAD ./src/lib/stm32f207_cube/Drivers/STM32F2xx_HAL_Driver/Src/stm32f2xx_hal_pcd_ex.o
LOAD ./src/lib/stm32f207_cube/Drivers/STM32F2xx_HAL_Driver/Src/stm32f2xx_hal_pwr.o
LOAD ./src/lib/stm32f207_cube/Drivers/STM32F2xx_HAL_Driver/Src/stm32f2xx_hal_pwr_ex.o
LOAD ./src/lib/stm32f207_cube/Drivers/STM32F2xx_HAL_Driver/Src/stm32f2xx_hal_rcc.o
LOAD ./src/lib/stm32f207_cube/Drivers/STM32F2xx_HAL_Driver/Src/stm32f2xx_hal_rcc_ex.o
LOAD ./src/lib/stm32f207_cube/Drivers/STM32F2xx_HAL_Driver/Src/stm32f2xx_hal_tim.o
LOAD ./src/lib/stm32f207_cube/Drivers/STM32F2xx_HAL_Driver/Src/stm32f2xx_hal_tim_ex.o
LOAD ./src/lib/stm32f207_cube/Drivers/STM32F2xx_HAL_Driver/Src/stm32f2xx_hal_uart.o
LOAD ./src/lib/stm32f207_cube/Drivers/STM32F2xx_HAL_Driver/Src/stm32f2xx_ll_usb.o
LOAD ./src/lib/stm32f207_cube/Middlewares/ST/STM32_USB_Device_Library/Class/CDC/Src/usbd_cdc.o
LOAD ./src/lib/stm32f207_cube/Middlewares/ST/STM32_USB_Device_Library/Core/Src/usbd_core.o
LOAD ./src/lib/stm32f207_cube/Middlewares/ST/STM32_USB_Device_Library/Core/Src/usbd_ctlreq.o
LOAD ./src/lib/stm32f207_cube/Middlewares/ST/STM32_USB_Device_Library/Core/Src/usbd_ioreq.o
LOAD ./src/lib/stm32f207_cube/USB_DEVICE/App/usb_device.o
LOAD ./src/lib/stm32f207_cube/USB_DEVICE/App/usbd_cdc_if.o
LOAD ./src/lib/stm32f207_cube/USB_DEVICE/App/usbd_desc.o
LOAD ./src/lib/stm32f207_cube/USB_DEVICE/Target/usbd_conf.o
LOAD ./src/main.o
START GROUP
LOAD c:/st/stm32cubeide_1.7.0/stm32cubeide/plugins/com.st.stm32cube.ide.mcu.externaltools.gnu-tools-for-stm32.10.3-2021.10.win32_1.0.200.202301161003/tools/bin/../lib/gcc/arm-none-eabi/10.3.1/../../../../arm-none-eabi/lib/thumb/v7-m/nofp\libc_nano.a
LOAD c:/st/stm32cubeide_1.7.0/stm32cubeide/plugins/com.st.stm32cube.ide.mcu.externaltools.gnu-tools-for-stm32.10.3-2021.10.win32_1.0.200.202301161003/tools/bin/../lib/gcc/arm-none-eabi/10.3.1/../../../../arm-none-eabi/lib/thumb/v7-m/nofp\libm.a
END GROUP
START GROUP
LOAD c:/st/stm32cubeide_1.7.0/stm32cubeide/plugins/com.st.stm32cube.ide.mcu.externaltools.gnu-tools-for-stm32.10.3-2021.10.win32_1.0.200.202301161003/tools/bin/../lib/gcc/arm-none-eabi/10.3.1/thumb/v7-m/nofp\libgcc.a
LOAD c:/st/stm32cubeide_1.7.0/stm32cubeide/plugins/com.st.stm32cube.ide.mcu.externaltools.gnu-tools-for-stm32.10.3-2021.10.win32_1.0.200.202301161003/tools/bin/../lib/gcc/arm-none-eabi/10.3.1/../../../../arm-none-eabi/lib/thumb/v7-m/nofp\libc_nano.a
END GROUP
START GROUP
LOAD c:/st/stm32cubeide_1.7.0/stm32cubeide/plugins/com.st.stm32cube.ide.mcu.externaltools.gnu-tools-for-stm32.10.3-2021.10.win32_1.0.200.202301161003/tools/bin/../lib/gcc/arm-none-eabi/10.3.1/thumb/v7-m/nofp\libgcc.a
LOAD c:/st/stm32cubeide_1.7.0/stm32cubeide/plugins/com.st.stm32cube.ide.mcu.externaltools.gnu-tools-for-stm32.10.3-2021.10.win32_1.0.200.202301161003/tools/bin/../lib/gcc/arm-none-eabi/10.3.1/../../../../arm-none-eabi/lib/thumb/v7-m/nofp\libc_nano.a
LOAD c:/st/stm32cubeide_1.7.0/stm32cubeide/plugins/com.st.stm32cube.ide.mcu.externaltools.gnu-tools-for-stm32.10.3-2021.10.win32_1.0.200.202301161003/tools/bin/../lib/gcc/arm-none-eabi/10.3.1/../../../../arm-none-eabi/lib/thumb/v7-m/nofp\libnosys.a
END GROUP
START GROUP
LOAD c:/st/stm32cubeide_1.7.0/stm32cubeide/plugins/com.st.stm32cube.ide.mcu.externaltools.gnu-tools-for-stm32.10.3-2021.10.win32_1.0.200.202301161003/tools/bin/../lib/gcc/arm-none-eabi/10.3.1/thumb/v7-m/nofp\libgcc.a
LOAD c:/st/stm32cubeide_1.7.0/stm32cubeide/plugins/com.st.stm32cube.ide.mcu.externaltools.gnu-tools-for-stm32.10.3-2021.10.win32_1.0.200.202301161003/tools/bin/../lib/gcc/arm-none-eabi/10.3.1/../../../../arm-none-eabi/lib/thumb/v7-m/nofp\libc_nano.a
LOAD c:/st/stm32cubeide_1.7.0/stm32cubeide/plugins/com.st.stm32cube.ide.mcu.externaltools.gnu-tools-for-stm32.10.3-2021.10.win32_1.0.200.202301161003/tools/bin/../lib/gcc/arm-none-eabi/10.3.1/../../../../arm-none-eabi/lib/thumb/v7-m/nofp\libnosys.a
END GROUP
LOAD c:/st/stm32cubeide_1.7.0/stm32cubeide/plugins/com.st.stm32cube.ide.mcu.externaltools.gnu-tools-for-stm32.10.3-2021.10.win32_1.0.200.202301161003/tools/bin/../lib/gcc/arm-none-eabi/10.3.1/thumb/v7-m/nofp/crtend.o
LOAD c:/st/stm32cubeide_1.7.0/stm32cubeide/plugins/com.st.stm32cube.ide.mcu.externaltools.gnu-tools-for-stm32.10.3-2021.10.win32_1.0.200.202301161003/tools/bin/../lib/gcc/arm-none-eabi/10.3.1/thumb/v7-m/nofp/crtn.o
                0x0000000020020000                _estack = (ORIGIN (RAM) + LENGTH (RAM))
                0x0000000000000200                _Min_Heap_Size = 0x200
                0x0000000000000400                _Min_Stack_Size = 0x400

.isr_vector     0x0000000008000000      0x184
                0x0000000008000000                . = ALIGN (0x4)
 *(.isr_vector)
 .isr_vector    0x0000000008000000      0x184 ./src/bsp/startup/startup_stm32f207ighx.o
                0x0000000008000000                g_pfnVectors
                0x0000000008000184                . = ALIGN (0x4)

.text           0x0000000008000188     0xf424
                0x0000000008000188                . = ALIGN (0x4)
 *(.text)
 .text          0x0000000008000188       0x40 c:/st/stm32cubeide_1.7.0/stm32cubeide/plugins/com.st.stm32cube.ide.mcu.externaltools.gnu-tools-for-stm32.10.3-2021.10.win32_1.0.200.202301161003/tools/bin/../lib/gcc/arm-none-eabi/10.3.1/thumb/v7-m/nofp/crtbegin.o
 .text          0x00000000080001c8       0x14 c:/st/stm32cubeide_1.7.0/stm32cubeide/plugins/com.st.stm32cube.ide.mcu.externaltools.gnu-tools-for-stm32.10.3-2021.10.win32_1.0.200.202301161003/tools/bin/../lib/gcc/arm-none-eabi/10.3.1/../../../../arm-none-eabi/lib/thumb/v7-m/nofp\libc_nano.a(lib_a-strcmp.o)
                0x00000000080001c8                strcmp
 .text          0x00000000080001dc       0x10 c:/st/stm32cubeide_1.7.0/stm32cubeide/plugins/com.st.stm32cube.ide.mcu.externaltools.gnu-tools-for-stm32.10.3-2021.10.win32_1.0.200.202301161003/tools/bin/../lib/gcc/arm-none-eabi/10.3.1/../../../../arm-none-eabi/lib/thumb/v7-m/nofp\libc_nano.a(lib_a-strlen.o)
                0x00000000080001dc                strlen
 .text          0x00000000080001ec      0x378 c:/st/stm32cubeide_1.7.0/stm32cubeide/plugins/com.st.stm32cube.ide.mcu.externaltools.gnu-tools-for-stm32.10.3-2021.10.win32_1.0.200.202301161003/tools/bin/../lib/gcc/arm-none-eabi/10.3.1/thumb/v7-m/nofp\libgcc.a(_arm_addsubdf3.o)
                0x00000000080001ec                __aeabi_drsub
                0x00000000080001f4                __aeabi_dsub
                0x00000000080001f4                __subdf3
                0x00000000080001f8                __aeabi_dadd
                0x00000000080001f8                __adddf3
                0x0000000008000470                __floatunsidf
                0x0000000008000470                __aeabi_ui2d
                0x0000000008000490                __floatsidf
                0x0000000008000490                __aeabi_i2d
                0x00000000080004b4                __aeabi_f2d
                0x00000000080004b4                __extendsfdf2
                0x00000000080004f8                __floatundidf
                0x00000000080004f8                __aeabi_ul2d
                0x0000000008000508                __floatdidf
                0x0000000008000508                __aeabi_l2d
 .text          0x0000000008000564      0x424 c:/st/stm32cubeide_1.7.0/stm32cubeide/plugins/com.st.stm32cube.ide.mcu.externaltools.gnu-tools-for-stm32.10.3-2021.10.win32_1.0.200.202301161003/tools/bin/../lib/gcc/arm-none-eabi/10.3.1/thumb/v7-m/nofp\libgcc.a(_arm_muldivdf3.o)
                0x0000000008000564                __aeabi_dmul
                0x0000000008000564                __muldf3
                0x00000000080007b8                __divdf3
                0x00000000080007b8                __aeabi_ddiv
 .text          0x0000000008000988      0x110 c:/st/stm32cubeide_1.7.0/stm32cubeide/plugins/com.st.stm32cube.ide.mcu.externaltools.gnu-tools-for-stm32.10.3-2021.10.win32_1.0.200.202301161003/tools/bin/../lib/gcc/arm-none-eabi/10.3.1/thumb/v7-m/nofp\libgcc.a(_arm_cmpdf2.o)
                0x0000000008000988                __gtdf2
                0x0000000008000988                __gedf2
                0x0000000008000990                __ltdf2
                0x0000000008000990                __ledf2
                0x0000000008000998                __nedf2
                0x0000000008000998                __eqdf2
                0x0000000008000998                __cmpdf2
                0x0000000008000a14                __aeabi_cdrcmple
                0x0000000008000a24                __aeabi_cdcmpeq
                0x0000000008000a24                __aeabi_cdcmple
                0x0000000008000a34                __aeabi_dcmpeq
                0x0000000008000a48                __aeabi_dcmplt
                0x0000000008000a5c                __aeabi_dcmple
                0x0000000008000a70                __aeabi_dcmpge
                0x0000000008000a84                __aeabi_dcmpgt
 .text          0x0000000008000a98       0x2c c:/st/stm32cubeide_1.7.0/stm32cubeide/plugins/com.st.stm32cube.ide.mcu.externaltools.gnu-tools-for-stm32.10.3-2021.10.win32_1.0.200.202301161003/tools/bin/../lib/gcc/arm-none-eabi/10.3.1/thumb/v7-m/nofp\libgcc.a(_arm_unorddf2.o)
                0x0000000008000a98                __unorddf2
                0x0000000008000a98                __aeabi_dcmpun
 .text          0x0000000008000ac4       0x50 c:/st/stm32cubeide_1.7.0/stm32cubeide/plugins/com.st.stm32cube.ide.mcu.externaltools.gnu-tools-for-stm32.10.3-2021.10.win32_1.0.200.202301161003/tools/bin/../lib/gcc/arm-none-eabi/10.3.1/thumb/v7-m/nofp\libgcc.a(_arm_fixdfsi.o)
                0x0000000008000ac4                __aeabi_d2iz
                0x0000000008000ac4                __fixdfsi
 .text          0x0000000008000b14       0x40 c:/st/stm32cubeide_1.7.0/stm32cubeide/plugins/com.st.stm32cube.ide.mcu.externaltools.gnu-tools-for-stm32.10.3-2021.10.win32_1.0.200.202301161003/tools/bin/../lib/gcc/arm-none-eabi/10.3.1/thumb/v7-m/nofp\libgcc.a(_arm_fixunsdfsi.o)
                0x0000000008000b14                __aeabi_d2uiz
                0x0000000008000b14                __fixunsdfsi
 .text          0x0000000008000b54       0xa0 c:/st/stm32cubeide_1.7.0/stm32cubeide/plugins/com.st.stm32cube.ide.mcu.externaltools.gnu-tools-for-stm32.10.3-2021.10.win32_1.0.200.202301161003/tools/bin/../lib/gcc/arm-none-eabi/10.3.1/thumb/v7-m/nofp\libgcc.a(_arm_truncdfsf2.o)
                0x0000000008000b54                __truncdfsf2
                0x0000000008000b54                __aeabi_d2f
 .text          0x0000000008000bf4       0xec c:/st/stm32cubeide_1.7.0/stm32cubeide/plugins/com.st.stm32cube.ide.mcu.externaltools.gnu-tools-for-stm32.10.3-2021.10.win32_1.0.200.202301161003/tools/bin/../lib/gcc/arm-none-eabi/10.3.1/thumb/v7-m/nofp\libgcc.a(_arm_cmpsf2.o)
                0x0000000008000bf4                __gesf2
                0x0000000008000bf4                __gtsf2
                0x0000000008000bfc                __lesf2
                0x0000000008000bfc                __ltsf2
                0x0000000008000c04                __nesf2
                0x0000000008000c04                __eqsf2
                0x0000000008000c04                __cmpsf2
                0x0000000008000c64                __aeabi_cfrcmple
                0x0000000008000c6c                __aeabi_cfcmpeq
                0x0000000008000c6c                __aeabi_cfcmple
                0x0000000008000c7c                __aeabi_fcmpeq
                0x0000000008000c90                __aeabi_fcmplt
                0x0000000008000ca4                __aeabi_fcmple
                0x0000000008000cb8                __aeabi_fcmpge
                0x0000000008000ccc                __aeabi_fcmpgt
 .text          0x0000000008000ce0       0x2c c:/st/stm32cubeide_1.7.0/stm32cubeide/plugins/com.st.stm32cube.ide.mcu.externaltools.gnu-tools-for-stm32.10.3-2021.10.win32_1.0.200.202301161003/tools/bin/../lib/gcc/arm-none-eabi/10.3.1/thumb/v7-m/nofp\libgcc.a(_arm_unordsf2.o)
                0x0000000008000ce0                __unordsf2
                0x0000000008000ce0                __aeabi_fcmpun
 .text          0x0000000008000d0c       0x30 c:/st/stm32cubeide_1.7.0/stm32cubeide/plugins/com.st.stm32cube.ide.mcu.externaltools.gnu-tools-for-stm32.10.3-2021.10.win32_1.0.200.202301161003/tools/bin/../lib/gcc/arm-none-eabi/10.3.1/thumb/v7-m/nofp\libgcc.a(_aeabi_uldivmod.o)
                0x0000000008000d0c                __aeabi_uldivmod
 .text          0x0000000008000d3c       0x34 c:/st/stm32cubeide_1.7.0/stm32cubeide/plugins/com.st.stm32cube.ide.mcu.externaltools.gnu-tools-for-stm32.10.3-2021.10.win32_1.0.200.202301161003/tools/bin/../lib/gcc/arm-none-eabi/10.3.1/thumb/v7-m/nofp\libgcc.a(_fixdfdi.o)
                0x0000000008000d3c                __fixdfdi
                0x0000000008000d3c                __aeabi_d2lz
 .text          0x0000000008000d70       0x3c c:/st/stm32cubeide_1.7.0/stm32cubeide/plugins/com.st.stm32cube.ide.mcu.externaltools.gnu-tools-for-stm32.10.3-2021.10.win32_1.0.200.202301161003/tools/bin/../lib/gcc/arm-none-eabi/10.3.1/thumb/v7-m/nofp\libgcc.a(_fixunsdfdi.o)
                0x0000000008000d70                __fixunsdfdi
                0x0000000008000d70                __aeabi_d2ulz
 .text          0x0000000008000dac      0x2d4 c:/st/stm32cubeide_1.7.0/stm32cubeide/plugins/com.st.stm32cube.ide.mcu.externaltools.gnu-tools-for-stm32.10.3-2021.10.win32_1.0.200.202301161003/tools/bin/../lib/gcc/arm-none-eabi/10.3.1/thumb/v7-m/nofp\libgcc.a(_udivmoddi4.o)
                0x0000000008000dac                __udivmoddi4
 .text          0x0000000008001080        0x4 c:/st/stm32cubeide_1.7.0/stm32cubeide/plugins/com.st.stm32cube.ide.mcu.externaltools.gnu-tools-for-stm32.10.3-2021.10.win32_1.0.200.202301161003/tools/bin/../lib/gcc/arm-none-eabi/10.3.1/thumb/v7-m/nofp\libgcc.a(_dvmd_tls.o)
                0x0000000008001080                __aeabi_idiv0
                0x0000000008001080                __aeabi_ldiv0
 *(.text*)
 .text.apInit   0x0000000008001084       0x30 ./src/ap/ap.o
                0x0000000008001084                apInit
 .text.apMain   0x00000000080010b4       0x2e ./src/ap/ap.o
                0x00000000080010b4                apMain
 *fill*         0x00000000080010e2        0x2 
 .text.bspInit  0x00000000080010e4       0xd4 ./src/bsp/bsp.o
                0x00000000080010e4                bspInit
 .text.delay    0x00000000080011b8       0x16 ./src/bsp/bsp.o
                0x00000000080011b8                delay
 .text.__io_putchar
                0x00000000080011ce       0x1e ./src/bsp/bsp.o
                0x00000000080011ce                __io_putchar
 .text.millis   0x00000000080011ec        0xe ./src/bsp/bsp.o
                0x00000000080011ec                millis
 .text.SystemClock_Config
                0x00000000080011fa       0x8c ./src/bsp/bsp.o
                0x00000000080011fa                SystemClock_Config
 .text.Error_Handler
                0x0000000008001286        0xa ./src/bsp/bsp.o
                0x0000000008001286                Error_Handler
 .text.HAL_MspInit
                0x0000000008001290       0x4c ./src/bsp/stm32f2xx_hal_msp.o
                0x0000000008001290                HAL_MspInit
 .text.NMI_Handler
                0x00000000080012dc        0x6 ./src/bsp/stm32f2xx_it.o
                0x00000000080012dc                NMI_Handler
 .text.HardFault_Handler
                0x00000000080012e2        0x6 ./src/bsp/stm32f2xx_it.o
                0x00000000080012e2                HardFault_Handler
 .text.MemManage_Handler
                0x00000000080012e8        0x6 ./src/bsp/stm32f2xx_it.o
                0x00000000080012e8                MemManage_Handler
 .text.BusFault_Handler
                0x00000000080012ee        0x6 ./src/bsp/stm32f2xx_it.o
                0x00000000080012ee                BusFault_Handler
 .text.UsageFault_Handler
                0x00000000080012f4        0x6 ./src/bsp/stm32f2xx_it.o
                0x00000000080012f4                UsageFault_Handler
 .text.SVC_Handler
                0x00000000080012fa        0xc ./src/bsp/stm32f2xx_it.o
                0x00000000080012fa                SVC_Handler
 .text.DebugMon_Handler
                0x0000000008001306        0xc ./src/bsp/stm32f2xx_it.o
                0x0000000008001306                DebugMon_Handler
 .text.PendSV_Handler
                0x0000000008001312        0xc ./src/bsp/stm32f2xx_it.o
                0x0000000008001312                PendSV_Handler
 .text.SysTick_Handler
                0x000000000800131e        0xc ./src/bsp/stm32f2xx_it.o
                0x000000000800131e                SysTick_Handler
 *fill*         0x000000000800132a        0x2 
 .text.DMA1_Stream1_IRQHandler
                0x000000000800132c       0x14 ./src/bsp/stm32f2xx_it.o
                0x000000000800132c                DMA1_Stream1_IRQHandler
 .text.USART3_IRQHandler
                0x0000000008001340       0x14 ./src/bsp/stm32f2xx_it.o
                0x0000000008001340                USART3_IRQHandler
 .text.OTG_FS_IRQHandler
                0x0000000008001354       0x14 ./src/bsp/stm32f2xx_it.o
                0x0000000008001354                OTG_FS_IRQHandler
 .text._getpid  0x0000000008001368        0xe ./src/bsp/syscalls.o
                0x0000000008001368                _getpid
 .text._kill    0x0000000008001376       0x20 ./src/bsp/syscalls.o
                0x0000000008001376                _kill
 .text._exit    0x0000000008001396       0x14 ./src/bsp/syscalls.o
                0x0000000008001396                _exit
 .text._read    0x00000000080013aa       0x3a ./src/bsp/syscalls.o
                0x00000000080013aa                _read
 .text._write   0x00000000080013e4       0x38 ./src/bsp/syscalls.o
                0x00000000080013e4                _write
 .text._close   0x000000000800141c       0x16 ./src/bsp/syscalls.o
                0x000000000800141c                _close
 .text._fstat   0x0000000008001432       0x1e ./src/bsp/syscalls.o
                0x0000000008001432                _fstat
 .text._isatty  0x0000000008001450       0x14 ./src/bsp/syscalls.o
                0x0000000008001450                _isatty
 .text._lseek   0x0000000008001464       0x18 ./src/bsp/syscalls.o
                0x0000000008001464                _lseek
 .text._sbrk    0x000000000800147c       0x6c ./src/bsp/sysmem.o
                0x000000000800147c                _sbrk
 .text.SystemInit
                0x00000000080014e8        0xc ./src/bsp/system_stm32f2xx.o
                0x00000000080014e8                SystemInit
 .text.Reset_Handler
                0x00000000080014f4       0x50 ./src/bsp/startup/startup_stm32f207ighx.o
                0x00000000080014f4                Reset_Handler
 .text.Default_Handler
                0x0000000008001544        0x2 ./src/bsp/startup/startup_stm32f207ighx.o
                0x0000000008001544                RTC_Alarm_IRQHandler
                0x0000000008001544                HASH_RNG_IRQHandler
                0x0000000008001544                EXTI2_IRQHandler
                0x0000000008001544                TIM8_CC_IRQHandler
                0x0000000008001544                TIM1_CC_IRQHandler
                0x0000000008001544                DMA2_Stream5_IRQHandler
                0x0000000008001544                DMA1_Stream5_IRQHandler
                0x0000000008001544                PVD_IRQHandler
                0x0000000008001544                SDIO_IRQHandler
                0x0000000008001544                TAMP_STAMP_IRQHandler
                0x0000000008001544                CAN2_RX1_IRQHandler
                0x0000000008001544                EXTI3_IRQHandler
                0x0000000008001544                TIM8_TRG_COM_TIM14_IRQHandler
                0x0000000008001544                TIM1_UP_TIM10_IRQHandler
                0x0000000008001544                TIM8_UP_TIM13_IRQHandler
                0x0000000008001544                I2C3_ER_IRQHandler
                0x0000000008001544                EXTI0_IRQHandler
                0x0000000008001544                I2C2_EV_IRQHandler
                0x0000000008001544                DMA1_Stream2_IRQHandler
                0x0000000008001544                CAN1_RX0_IRQHandler
                0x0000000008001544                OTG_HS_WKUP_IRQHandler
                0x0000000008001544                CAN2_SCE_IRQHandler
                0x0000000008001544                DMA2_Stream2_IRQHandler
                0x0000000008001544                SPI1_IRQHandler
                0x0000000008001544                TIM6_DAC_IRQHandler
                0x0000000008001544                TIM1_BRK_TIM9_IRQHandler
                0x0000000008001544                DCMI_IRQHandler
                0x0000000008001544                CAN2_RX0_IRQHandler
                0x0000000008001544                DMA2_Stream3_IRQHandler
                0x0000000008001544                USART6_IRQHandler
                0x0000000008001544                CAN1_RX1_IRQHandler
                0x0000000008001544                UART5_IRQHandler
                0x0000000008001544                DMA2_Stream0_IRQHandler
                0x0000000008001544                TIM4_IRQHandler
                0x0000000008001544                I2C1_EV_IRQHandler
                0x0000000008001544                DMA1_Stream6_IRQHandler
                0x0000000008001544                UART4_IRQHandler
                0x0000000008001544                TIM3_IRQHandler
                0x0000000008001544                RCC_IRQHandler
                0x0000000008001544                TIM8_BRK_TIM12_IRQHandler
                0x0000000008001544                Default_Handler
                0x0000000008001544                EXTI15_10_IRQHandler
                0x0000000008001544                ADC_IRQHandler
                0x0000000008001544                DMA1_Stream7_IRQHandler
                0x0000000008001544                TIM7_IRQHandler
                0x0000000008001544                CAN2_TX_IRQHandler
                0x0000000008001544                TIM5_IRQHandler
                0x0000000008001544                DMA2_Stream7_IRQHandler
                0x0000000008001544                I2C3_EV_IRQHandler
                0x0000000008001544                EXTI9_5_IRQHandler
                0x0000000008001544                RTC_WKUP_IRQHandler
                0x0000000008001544                ETH_WKUP_IRQHandler
                0x0000000008001544                SPI2_IRQHandler
                0x0000000008001544                OTG_HS_EP1_IN_IRQHandler
                0x0000000008001544                DMA1_Stream0_IRQHandler
                0x0000000008001544                CAN1_TX_IRQHandler
                0x0000000008001544                EXTI4_IRQHandler
                0x0000000008001544                FSMC_IRQHandler
                0x0000000008001544                ETH_IRQHandler
                0x0000000008001544                OTG_HS_EP1_OUT_IRQHandler
                0x0000000008001544                WWDG_IRQHandler
                0x0000000008001544                TIM2_IRQHandler
                0x0000000008001544                OTG_FS_WKUP_IRQHandler
                0x0000000008001544                TIM1_TRG_COM_TIM11_IRQHandler
                0x0000000008001544                OTG_HS_IRQHandler
                0x0000000008001544                EXTI1_IRQHandler
                0x0000000008001544                USART2_IRQHandler
                0x0000000008001544                I2C2_ER_IRQHandler
                0x0000000008001544                DMA2_Stream1_IRQHandler
                0x0000000008001544                CAN1_SCE_IRQHandler
                0x0000000008001544                FLASH_IRQHandler
                0x0000000008001544                DMA2_Stream4_IRQHandler
                0x0000000008001544                USART1_IRQHandler
                0x0000000008001544                SPI3_IRQHandler
                0x0000000008001544                DMA1_Stream4_IRQHandler
                0x0000000008001544                I2C1_ER_IRQHandler
                0x0000000008001544                DMA2_Stream6_IRQHandler
                0x0000000008001544                DMA1_Stream3_IRQHandler
 .text.qbufferCreate
                0x0000000008001546       0x34 ./src/common/core/qbuffer.o
                0x0000000008001546                qbufferCreate
 .text.qbufferRead
                0x000000000800157a       0x78 ./src/common/core/qbuffer.o
                0x000000000800157a                qbufferRead
 .text.qbufferAvailable
                0x00000000080015f2       0x2e ./src/common/core/qbuffer.o
                0x00000000080015f2                qbufferAvailable
 .text.cdcInit  0x0000000008001620       0x16 ./src/hw/deiver/cdc.o
                0x0000000008001620                cdcInit
 *fill*         0x0000000008001636        0x2 
 .text.cliInit  0x0000000008001638       0x98 ./src/hw/deiver/cli.o
                0x0000000008001638                cliInit
 .text.cliOpen  0x00000000080016d0       0x3c ./src/hw/deiver/cli.o
                0x00000000080016d0                cliOpen
 .text.cliOpenLog
                0x000000000800170c       0x40 ./src/hw/deiver/cli.o
                0x000000000800170c                cliOpenLog
 .text.cliShowLog
                0x000000000800174c      0x104 ./src/hw/deiver/cli.o
                0x000000000800174c                cliShowLog
 .text.cliShowPrompt
                0x0000000008001850       0x30 ./src/hw/deiver/cli.o
 .text.cliMain  0x0000000008001880       0x40 ./src/hw/deiver/cli.o
                0x0000000008001880                cliMain
 .text.cliAvailable
                0x00000000080018c0       0x18 ./src/hw/deiver/cli.o
                0x00000000080018c0                cliAvailable
 .text.cliUpdate
                0x00000000080018d8      0x4cc ./src/hw/deiver/cli.o
 .text.cliLineClean
                0x0000000008001da4       0x32 ./src/hw/deiver/cli.o
 .text.cliLineAdd
                0x0000000008001dd6       0xa8 ./src/hw/deiver/cli.o
 *fill*         0x0000000008001e7e        0x2 
 .text.cliLineChange
                0x0000000008001e80      0x134 ./src/hw/deiver/cli.o
 .text.cliRunCmd
                0x0000000008001fb4       0xb4 ./src/hw/deiver/cli.o
 .text.cliParseArgs
                0x0000000008002068       0x90 ./src/hw/deiver/cli.o
 .text.cliPrintf
                0x00000000080020f8       0x48 ./src/hw/deiver/cli.o
                0x00000000080020f8                cliPrintf
 .text.cliToUpper
                0x0000000008002140       0x66 ./src/hw/deiver/cli.o
 *fill*         0x00000000080021a6        0x2 
 .text.cliArgsGetData
                0x00000000080021a8       0x50 ./src/hw/deiver/cli.o
 .text.cliArgsGetFloat
                0x00000000080021f8       0x50 ./src/hw/deiver/cli.o
 .text.cliArgsGetStr
                0x0000000008002248       0x44 ./src/hw/deiver/cli.o
 .text.cliArgsIsStr
                0x000000000800228c       0x54 ./src/hw/deiver/cli.o
 .text.cliKeepLoop
                0x00000000080022e0       0x2c ./src/hw/deiver/cli.o
                0x00000000080022e0                cliKeepLoop
 .text.cliAdd   0x000000000800230c       0x94 ./src/hw/deiver/cli.o
                0x000000000800230c                cliAdd
 .text.cliShowList
                0x00000000080023a0       0x70 ./src/hw/deiver/cli.o
                0x00000000080023a0                cliShowList
 .text.cliMemoryDump
                0x0000000008002410      0x144 ./src/hw/deiver/cli.o
                0x0000000008002410                cliMemoryDump
 .text.flashInSector
                0x0000000008002554       0xb0 ./src/hw/deiver/flash.o
 .text.flashInit
                0x0000000008002604       0x24 ./src/hw/deiver/flash.o
                0x0000000008002604                flashInit
 .text.flashErase
                0x0000000008002628       0xa6 ./src/hw/deiver/flash.o
                0x0000000008002628                flashErase
 .text.flashWrite
                0x00000000080026ce       0x64 ./src/hw/deiver/flash.o
                0x00000000080026ce                flashWrite
 *fill*         0x0000000008002732        0x2 
 .text.cliFlash
                0x0000000008002734      0x1d0 ./src/hw/deiver/flash.o
 .text.ledInit  0x0000000008002904       0xdc ./src/hw/deiver/led.o
                0x0000000008002904                ledInit
 .text.ledOff   0x00000000080029e0       0x38 ./src/hw/deiver/led.o
                0x00000000080029e0                ledOff
 .text.ledToggle
                0x0000000008002a18       0x30 ./src/hw/deiver/led.o
                0x0000000008002a18                ledToggle
 .text.cliLed   0x0000000008002a48       0xac ./src/hw/deiver/led.o
 .text.uartInit
                0x0000000008002af4       0x34 ./src/hw/deiver/uart.o
                0x0000000008002af4                uartInit
 .text.uartOpen
                0x0000000008002b28      0x144 ./src/hw/deiver/uart.o
                0x0000000008002b28                uartOpen
 .text.uartAvailable
                0x0000000008002c6c       0x64 ./src/hw/deiver/uart.o
                0x0000000008002c6c                uartAvailable
 .text.uartRead
                0x0000000008002cd0       0x48 ./src/hw/deiver/uart.o
                0x0000000008002cd0                uartRead
 .text.uartWrite
                0x0000000008002d18       0x58 ./src/hw/deiver/uart.o
                0x0000000008002d18                uartWrite
 .text.uartPrintf
                0x0000000008002d70       0x70 ./src/hw/deiver/uart.o
                0x0000000008002d70                uartPrintf
 .text.HAL_UART_RxCpltCallback
                0x0000000008002de0       0x12 ./src/hw/deiver/uart.o
                0x0000000008002de0                HAL_UART_RxCpltCallback
 .text.HAL_UART_ErrorCallback
                0x0000000008002df2       0x12 ./src/hw/deiver/uart.o
                0x0000000008002df2                HAL_UART_ErrorCallback
 .text.HAL_UART_MspInit
                0x0000000008002e04      0x108 ./src/hw/deiver/uart.o
                0x0000000008002e04                HAL_UART_MspInit
 .text.HAL_UART_MspDeInit
                0x0000000008002f0c       0x4c ./src/hw/deiver/uart.o
                0x0000000008002f0c                HAL_UART_MspDeInit
 .text.hwInit   0x0000000008002f58       0x20 ./src/hw/hw.o
                0x0000000008002f58                hwInit
 .text.HAL_Init
                0x0000000008002f78       0x44 ./src/lib/stm32f207_cube/Drivers/STM32F2xx_HAL_Driver/Src/stm32f2xx_hal.o
                0x0000000008002f78                HAL_Init
 .text.HAL_InitTick
                0x0000000008002fbc       0x60 ./src/lib/stm32f207_cube/Drivers/STM32F2xx_HAL_Driver/Src/stm32f2xx_hal.o
                0x0000000008002fbc                HAL_InitTick
 .text.HAL_IncTick
                0x000000000800301c       0x24 ./src/lib/stm32f207_cube/Drivers/STM32F2xx_HAL_Driver/Src/stm32f2xx_hal.o
                0x000000000800301c                HAL_IncTick
 .text.HAL_GetTick
                0x0000000008003040       0x14 ./src/lib/stm32f207_cube/Drivers/STM32F2xx_HAL_Driver/Src/stm32f2xx_hal.o
                0x0000000008003040                HAL_GetTick
 .text.HAL_Delay
                0x0000000008003054       0x48 ./src/lib/stm32f207_cube/Drivers/STM32F2xx_HAL_Driver/Src/stm32f2xx_hal.o
                0x0000000008003054                HAL_Delay
 .text.__NVIC_SetPriorityGrouping
                0x000000000800309c       0x48 ./src/lib/stm32f207_cube/Drivers/STM32F2xx_HAL_Driver/Src/stm32f2xx_hal_cortex.o
 .text.__NVIC_GetPriorityGrouping
                0x00000000080030e4       0x1c ./src/lib/stm32f207_cube/Drivers/STM32F2xx_HAL_Driver/Src/stm32f2xx_hal_cortex.o
 .text.__NVIC_EnableIRQ
                0x0000000008003100       0x38 ./src/lib/stm32f207_cube/Drivers/STM32F2xx_HAL_Driver/Src/stm32f2xx_hal_cortex.o
 .text.__NVIC_DisableIRQ
                0x0000000008003138       0x48 ./src/lib/stm32f207_cube/Drivers/STM32F2xx_HAL_Driver/Src/stm32f2xx_hal_cortex.o
 .text.__NVIC_SetPriority
                0x0000000008003180       0x54 ./src/lib/stm32f207_cube/Drivers/STM32F2xx_HAL_Driver/Src/stm32f2xx_hal_cortex.o
 .text.NVIC_EncodePriority
                0x00000000080031d4       0x64 ./src/lib/stm32f207_cube/Drivers/STM32F2xx_HAL_Driver/Src/stm32f2xx_hal_cortex.o
 .text.SysTick_Config
                0x0000000008003238       0x44 ./src/lib/stm32f207_cube/Drivers/STM32F2xx_HAL_Driver/Src/stm32f2xx_hal_cortex.o
 .text.HAL_NVIC_SetPriorityGrouping
                0x000000000800327c       0x16 ./src/lib/stm32f207_cube/Drivers/STM32F2xx_HAL_Driver/Src/stm32f2xx_hal_cortex.o
                0x000000000800327c                HAL_NVIC_SetPriorityGrouping
 .text.HAL_NVIC_SetPriority
                0x0000000008003292       0x38 ./src/lib/stm32f207_cube/Drivers/STM32F2xx_HAL_Driver/Src/stm32f2xx_hal_cortex.o
                0x0000000008003292                HAL_NVIC_SetPriority
 .text.HAL_NVIC_EnableIRQ
                0x00000000080032ca       0x1c ./src/lib/stm32f207_cube/Drivers/STM32F2xx_HAL_Driver/Src/stm32f2xx_hal_cortex.o
                0x00000000080032ca                HAL_NVIC_EnableIRQ
 .text.HAL_NVIC_DisableIRQ
                0x00000000080032e6       0x1c ./src/lib/stm32f207_cube/Drivers/STM32F2xx_HAL_Driver/Src/stm32f2xx_hal_cortex.o
                0x00000000080032e6                HAL_NVIC_DisableIRQ
 .text.HAL_SYSTICK_Config
                0x0000000008003302       0x18 ./src/lib/stm32f207_cube/Drivers/STM32F2xx_HAL_Driver/Src/stm32f2xx_hal_cortex.o
                0x0000000008003302                HAL_SYSTICK_Config
 *fill*         0x000000000800331a        0x2 
 .text.HAL_DMA_Init
                0x000000000800331c      0x15c ./src/lib/stm32f207_cube/Drivers/STM32F2xx_HAL_Driver/Src/stm32f2xx_hal_dma.o
                0x000000000800331c                HAL_DMA_Init
 .text.HAL_DMA_DeInit
                0x0000000008003478       0xbc ./src/lib/stm32f207_cube/Drivers/STM32F2xx_HAL_Driver/Src/stm32f2xx_hal_dma.o
                0x0000000008003478                HAL_DMA_DeInit
 .text.HAL_DMA_Start_IT
                0x0000000008003534       0xb0 ./src/lib/stm32f207_cube/Drivers/STM32F2xx_HAL_Driver/Src/stm32f2xx_hal_dma.o
                0x0000000008003534                HAL_DMA_Start_IT
 .text.HAL_DMA_Abort
                0x00000000080035e4       0xe0 ./src/lib/stm32f207_cube/Drivers/STM32F2xx_HAL_Driver/Src/stm32f2xx_hal_dma.o
                0x00000000080035e4                HAL_DMA_Abort
 .text.HAL_DMA_Abort_IT
                0x00000000080036c4       0x42 ./src/lib/stm32f207_cube/Drivers/STM32F2xx_HAL_Driver/Src/stm32f2xx_hal_dma.o
                0x00000000080036c4                HAL_DMA_Abort_IT
 *fill*         0x0000000008003706        0x2 
 .text.HAL_DMA_IRQHandler
                0x0000000008003708      0x314 ./src/lib/stm32f207_cube/Drivers/STM32F2xx_HAL_Driver/Src/stm32f2xx_hal_dma.o
                0x0000000008003708                HAL_DMA_IRQHandler
 .text.DMA_SetConfig
                0x0000000008003a1c       0x5a ./src/lib/stm32f207_cube/Drivers/STM32F2xx_HAL_Driver/Src/stm32f2xx_hal_dma.o
 *fill*         0x0000000008003a76        0x2 
 .text.DMA_CalcBaseAndBitshift
                0x0000000008003a78       0x68 ./src/lib/stm32f207_cube/Drivers/STM32F2xx_HAL_Driver/Src/stm32f2xx_hal_dma.o
 .text.DMA_CheckFifoParam
                0x0000000008003ae0       0xf4 ./src/lib/stm32f207_cube/Drivers/STM32F2xx_HAL_Driver/Src/stm32f2xx_hal_dma.o
 .text.HAL_FLASH_Program
                0x0000000008003bd4       0xa8 ./src/lib/stm32f207_cube/Drivers/STM32F2xx_HAL_Driver/Src/stm32f2xx_hal_flash.o
                0x0000000008003bd4                HAL_FLASH_Program
 .text.HAL_FLASH_Unlock
                0x0000000008003c7c       0x44 ./src/lib/stm32f207_cube/Drivers/STM32F2xx_HAL_Driver/Src/stm32f2xx_hal_flash.o
                0x0000000008003c7c                HAL_FLASH_Unlock
 .text.HAL_FLASH_Lock
                0x0000000008003cc0       0x20 ./src/lib/stm32f207_cube/Drivers/STM32F2xx_HAL_Driver/Src/stm32f2xx_hal_flash.o
                0x0000000008003cc0                HAL_FLASH_Lock
 .text.FLASH_WaitForLastOperation
                0x0000000008003ce0       0x80 ./src/lib/stm32f207_cube/Drivers/STM32F2xx_HAL_Driver/Src/stm32f2xx_hal_flash.o
                0x0000000008003ce0                FLASH_WaitForLastOperation
 .text.FLASH_Program_DoubleWord
                0x0000000008003d60       0x64 ./src/lib/stm32f207_cube/Drivers/STM32F2xx_HAL_Driver/Src/stm32f2xx_hal_flash.o
 .text.FLASH_Program_Word
                0x0000000008003dc4       0x44 ./src/lib/stm32f207_cube/Drivers/STM32F2xx_HAL_Driver/Src/stm32f2xx_hal_flash.o
 .text.FLASH_Program_HalfWord
                0x0000000008003e08       0x44 ./src/lib/stm32f207_cube/Drivers/STM32F2xx_HAL_Driver/Src/stm32f2xx_hal_flash.o
 .text.FLASH_Program_Byte
                0x0000000008003e4c       0x40 ./src/lib/stm32f207_cube/Drivers/STM32F2xx_HAL_Driver/Src/stm32f2xx_hal_flash.o
 .text.FLASH_SetErrorCode
                0x0000000008003e8c       0xac ./src/lib/stm32f207_cube/Drivers/STM32F2xx_HAL_Driver/Src/stm32f2xx_hal_flash.o
 .text.HAL_FLASHEx_Erase
                0x0000000008003f38       0xe0 ./src/lib/stm32f207_cube/Drivers/STM32F2xx_HAL_Driver/Src/stm32f2xx_hal_flash_ex.o
                0x0000000008003f38                HAL_FLASHEx_Erase
 .text.FLASH_Erase_Sector
                0x0000000008004018       0xa4 ./src/lib/stm32f207_cube/Drivers/STM32F2xx_HAL_Driver/Src/stm32f2xx_hal_flash_ex.o
                0x0000000008004018                FLASH_Erase_Sector
 .text.FLASH_FlushCaches
                0x00000000080040bc       0x88 ./src/lib/stm32f207_cube/Drivers/STM32F2xx_HAL_Driver/Src/stm32f2xx_hal_flash_ex.o
                0x00000000080040bc                FLASH_FlushCaches
 .text.FLASH_MassErase
                0x0000000008004144       0x44 ./src/lib/stm32f207_cube/Drivers/STM32F2xx_HAL_Driver/Src/stm32f2xx_hal_flash_ex.o
 .text.HAL_GPIO_Init
                0x0000000008004188      0x33c ./src/lib/stm32f207_cube/Drivers/STM32F2xx_HAL_Driver/Src/stm32f2xx_hal_gpio.o
                0x0000000008004188                HAL_GPIO_Init
 .text.HAL_GPIO_DeInit
                0x00000000080044c4      0x1fc ./src/lib/stm32f207_cube/Drivers/STM32F2xx_HAL_Driver/Src/stm32f2xx_hal_gpio.o
                0x00000000080044c4                HAL_GPIO_DeInit
 .text.HAL_GPIO_WritePin
                0x00000000080046c0       0x30 ./src/lib/stm32f207_cube/Drivers/STM32F2xx_HAL_Driver/Src/stm32f2xx_hal_gpio.o
                0x00000000080046c0                HAL_GPIO_WritePin
 .text.HAL_GPIO_TogglePin
                0x00000000080046f0       0x32 ./src/lib/stm32f207_cube/Drivers/STM32F2xx_HAL_Driver/Src/stm32f2xx_hal_gpio.o
                0x00000000080046f0                HAL_GPIO_TogglePin
 .text.HAL_PCD_Init
                0x0000000008004722      0x23a ./src/lib/stm32f207_cube/Drivers/STM32F2xx_HAL_Driver/Src/stm32f2xx_hal_pcd.o
                0x0000000008004722                HAL_PCD_Init
 .text.HAL_PCD_Start
                0x000000000800495c       0x44 ./src/lib/stm32f207_cube/Drivers/STM32F2xx_HAL_Driver/Src/stm32f2xx_hal_pcd.o
                0x000000000800495c                HAL_PCD_Start
 .text.HAL_PCD_IRQHandler
                0x00000000080049a0      0x748 ./src/lib/stm32f207_cube/Drivers/STM32F2xx_HAL_Driver/Src/stm32f2xx_hal_pcd.o
                0x00000000080049a0                HAL_PCD_IRQHandler
 .text.HAL_PCD_SetAddress
                0x00000000080050e8       0x4a ./src/lib/stm32f207_cube/Drivers/STM32F2xx_HAL_Driver/Src/stm32f2xx_hal_pcd.o
                0x00000000080050e8                HAL_PCD_SetAddress
 .text.HAL_PCD_EP_Open
                0x0000000008005132       0xd0 ./src/lib/stm32f207_cube/Drivers/STM32F2xx_HAL_Driver/Src/stm32f2xx_hal_pcd.o
                0x0000000008005132                HAL_PCD_EP_Open
 .text.HAL_PCD_EP_Close
                0x0000000008005202       0x94 ./src/lib/stm32f207_cube/Drivers/STM32F2xx_HAL_Driver/Src/stm32f2xx_hal_pcd.o
                0x0000000008005202                HAL_PCD_EP_Close
 .text.HAL_PCD_EP_Receive
                0x0000000008005296       0x96 ./src/lib/stm32f207_cube/Drivers/STM32F2xx_HAL_Driver/Src/stm32f2xx_hal_pcd.o
                0x0000000008005296                HAL_PCD_EP_Receive
 .text.HAL_PCD_EP_GetRxCount
                0x000000000800532c       0x2e ./src/lib/stm32f207_cube/Drivers/STM32F2xx_HAL_Driver/Src/stm32f2xx_hal_pcd.o
                0x000000000800532c                HAL_PCD_EP_GetRxCount
 .text.HAL_PCD_EP_Transmit
                0x000000000800535a       0x94 ./src/lib/stm32f207_cube/Drivers/STM32F2xx_HAL_Driver/Src/stm32f2xx_hal_pcd.o
                0x000000000800535a                HAL_PCD_EP_Transmit
 .text.HAL_PCD_EP_SetStall
                0x00000000080053ee       0xc8 ./src/lib/stm32f207_cube/Drivers/STM32F2xx_HAL_Driver/Src/stm32f2xx_hal_pcd.o
                0x00000000080053ee                HAL_PCD_EP_SetStall
 .text.HAL_PCD_EP_ClrStall
                0x00000000080054b6       0xac ./src/lib/stm32f207_cube/Drivers/STM32F2xx_HAL_Driver/Src/stm32f2xx_hal_pcd.o
                0x00000000080054b6                HAL_PCD_EP_ClrStall
 .text.PCD_WriteEmptyTxFifo
                0x0000000008005562      0x11a ./src/lib/stm32f207_cube/Drivers/STM32F2xx_HAL_Driver/Src/stm32f2xx_hal_pcd.o
 .text.PCD_EP_OutXfrComplete_int
                0x000000000800567c      0x218 ./src/lib/stm32f207_cube/Drivers/STM32F2xx_HAL_Driver/Src/stm32f2xx_hal_pcd.o
 .text.PCD_EP_OutSetupPacket_int
                0x0000000008005894       0x8c ./src/lib/stm32f207_cube/Drivers/STM32F2xx_HAL_Driver/Src/stm32f2xx_hal_pcd.o
 .text.HAL_PCDEx_SetTxFiFo
                0x0000000008005920       0x8c ./src/lib/stm32f207_cube/Drivers/STM32F2xx_HAL_Driver/Src/stm32f2xx_hal_pcd_ex.o
                0x0000000008005920                HAL_PCDEx_SetTxFiFo
 .text.HAL_PCDEx_SetRxFiFo
                0x00000000080059ac       0x20 ./src/lib/stm32f207_cube/Drivers/STM32F2xx_HAL_Driver/Src/stm32f2xx_hal_pcd_ex.o
                0x00000000080059ac                HAL_PCDEx_SetRxFiFo
 .text.HAL_RCC_OscConfig
                0x00000000080059cc      0x49c ./src/lib/stm32f207_cube/Drivers/STM32F2xx_HAL_Driver/Src/stm32f2xx_hal_rcc.o
                0x00000000080059cc                HAL_RCC_OscConfig
 .text.HAL_RCC_ClockConfig
                0x0000000008005e68      0x1d8 ./src/lib/stm32f207_cube/Drivers/STM32F2xx_HAL_Driver/Src/stm32f2xx_hal_rcc.o
                0x0000000008005e68                HAL_RCC_ClockConfig
 .text.HAL_RCC_GetSysClockFreq
                0x0000000008006040      0x18c ./src/lib/stm32f207_cube/Drivers/STM32F2xx_HAL_Driver/Src/stm32f2xx_hal_rcc.o
                0x0000000008006040                HAL_RCC_GetSysClockFreq
 .text.HAL_RCC_GetHCLKFreq
                0x00000000080061cc       0x14 ./src/lib/stm32f207_cube/Drivers/STM32F2xx_HAL_Driver/Src/stm32f2xx_hal_rcc.o
                0x00000000080061cc                HAL_RCC_GetHCLKFreq
 .text.HAL_RCC_GetPCLK1Freq
                0x00000000080061e0       0x44 ./src/lib/stm32f207_cube/Drivers/STM32F2xx_HAL_Driver/Src/stm32f2xx_hal_rcc.o
                0x00000000080061e0                HAL_RCC_GetPCLK1Freq
 .text.HAL_RCC_GetPCLK2Freq
                0x0000000008006224       0x44 ./src/lib/stm32f207_cube/Drivers/STM32F2xx_HAL_Driver/Src/stm32f2xx_hal_rcc.o
                0x0000000008006224                HAL_RCC_GetPCLK2Freq
 .text.HAL_UART_Init
                0x0000000008006268       0x9a ./src/lib/stm32f207_cube/Drivers/STM32F2xx_HAL_Driver/Src/stm32f2xx_hal_uart.o
                0x0000000008006268                HAL_UART_Init
 .text.HAL_UART_DeInit
                0x0000000008006302       0x5e ./src/lib/stm32f207_cube/Drivers/STM32F2xx_HAL_Driver/Src/stm32f2xx_hal_uart.o
                0x0000000008006302                HAL_UART_DeInit
 .text.HAL_UART_Transmit
                0x0000000008006360      0x124 ./src/lib/stm32f207_cube/Drivers/STM32F2xx_HAL_Driver/Src/stm32f2xx_hal_uart.o
                0x0000000008006360                HAL_UART_Transmit
 .text.HAL_UART_Receive_DMA
                0x0000000008006484       0x60 ./src/lib/stm32f207_cube/Drivers/STM32F2xx_HAL_Driver/Src/stm32f2xx_hal_uart.o
                0x0000000008006484                HAL_UART_Receive_DMA
 .text.HAL_UART_IRQHandler
                0x00000000080064e4      0x358 ./src/lib/stm32f207_cube/Drivers/STM32F2xx_HAL_Driver/Src/stm32f2xx_hal_uart.o
                0x00000000080064e4                HAL_UART_IRQHandler
 .text.HAL_UART_TxCpltCallback
                0x000000000800683c       0x12 ./src/lib/stm32f207_cube/Drivers/STM32F2xx_HAL_Driver/Src/stm32f2xx_hal_uart.o
                0x000000000800683c                HAL_UART_TxCpltCallback
 .text.HAL_UART_RxHalfCpltCallback
                0x000000000800684e       0x12 ./src/lib/stm32f207_cube/Drivers/STM32F2xx_HAL_Driver/Src/stm32f2xx_hal_uart.o
                0x000000000800684e                HAL_UART_RxHalfCpltCallback
 .text.HAL_UARTEx_RxEventCallback
                0x0000000008006860       0x16 ./src/lib/stm32f207_cube/Drivers/STM32F2xx_HAL_Driver/Src/stm32f2xx_hal_uart.o
                0x0000000008006860                HAL_UARTEx_RxEventCallback
 .text.UART_DMAReceiveCplt
                0x0000000008006876       0x96 ./src/lib/stm32f207_cube/Drivers/STM32F2xx_HAL_Driver/Src/stm32f2xx_hal_uart.o
 .text.UART_DMARxHalfCplt
                0x000000000800690c       0x36 ./src/lib/stm32f207_cube/Drivers/STM32F2xx_HAL_Driver/Src/stm32f2xx_hal_uart.o
 .text.UART_DMAError
                0x0000000008006942       0x94 ./src/lib/stm32f207_cube/Drivers/STM32F2xx_HAL_Driver/Src/stm32f2xx_hal_uart.o
 .text.UART_WaitOnFlagUntilTimeout
                0x00000000080069d6       0x94 ./src/lib/stm32f207_cube/Drivers/STM32F2xx_HAL_Driver/Src/stm32f2xx_hal_uart.o
 *fill*         0x0000000008006a6a        0x2 
 .text.UART_Start_Receive_DMA
                0x0000000008006a6c       0xc8 ./src/lib/stm32f207_cube/Drivers/STM32F2xx_HAL_Driver/Src/stm32f2xx_hal_uart.o
                0x0000000008006a6c                UART_Start_Receive_DMA
 .text.UART_EndTxTransfer
                0x0000000008006b34       0x2a ./src/lib/stm32f207_cube/Drivers/STM32F2xx_HAL_Driver/Src/stm32f2xx_hal_uart.o
 .text.UART_EndRxTransfer
                0x0000000008006b5e       0x58 ./src/lib/stm32f207_cube/Drivers/STM32F2xx_HAL_Driver/Src/stm32f2xx_hal_uart.o
 .text.UART_DMAAbortOnError
                0x0000000008006bb6       0x28 ./src/lib/stm32f207_cube/Drivers/STM32F2xx_HAL_Driver/Src/stm32f2xx_hal_uart.o
 .text.UART_Transmit_IT
                0x0000000008006bde       0x9e ./src/lib/stm32f207_cube/Drivers/STM32F2xx_HAL_Driver/Src/stm32f2xx_hal_uart.o
 .text.UART_EndTransmit_IT
                0x0000000008006c7c       0x30 ./src/lib/stm32f207_cube/Drivers/STM32F2xx_HAL_Driver/Src/stm32f2xx_hal_uart.o
 .text.UART_Receive_IT
                0x0000000008006cac      0x152 ./src/lib/stm32f207_cube/Drivers/STM32F2xx_HAL_Driver/Src/stm32f2xx_hal_uart.o
 *fill*         0x0000000008006dfe        0x2 
 .text.UART_SetConfig
                0x0000000008006e00      0x1d4 ./src/lib/stm32f207_cube/Drivers/STM32F2xx_HAL_Driver/Src/stm32f2xx_hal_uart.o
 .text.USB_CoreInit
                0x0000000008006fd4       0xae ./src/lib/stm32f207_cube/Drivers/STM32F2xx_HAL_Driver/Src/stm32f2xx_ll_usb.o
                0x0000000008006fd4                USB_CoreInit
 *fill*         0x0000000008007082        0x2 
 .text.USB_SetTurnaroundTime
                0x0000000008007084      0x144 ./src/lib/stm32f207_cube/Drivers/STM32F2xx_HAL_Driver/Src/stm32f2xx_ll_usb.o
                0x0000000008007084                USB_SetTurnaroundTime
 .text.USB_EnableGlobalInt
                0x00000000080071c8       0x20 ./src/lib/stm32f207_cube/Drivers/STM32F2xx_HAL_Driver/Src/stm32f2xx_ll_usb.o
                0x00000000080071c8                USB_EnableGlobalInt
 .text.USB_DisableGlobalInt
                0x00000000080071e8       0x20 ./src/lib/stm32f207_cube/Drivers/STM32F2xx_HAL_Driver/Src/stm32f2xx_ll_usb.o
                0x00000000080071e8                USB_DisableGlobalInt
 .text.USB_SetCurrentMode
                0x0000000008007208       0x98 ./src/lib/stm32f207_cube/Drivers/STM32F2xx_HAL_Driver/Src/stm32f2xx_ll_usb.o
                0x0000000008007208                USB_SetCurrentMode
 .text.USB_DevInit
                0x00000000080072a0      0x2c8 ./src/lib/stm32f207_cube/Drivers/STM32F2xx_HAL_Driver/Src/stm32f2xx_ll_usb.o
                0x00000000080072a0                USB_DevInit
 .text.USB_FlushTxFifo
                0x0000000008007568       0x48 ./src/lib/stm32f207_cube/Drivers/STM32F2xx_HAL_Driver/Src/stm32f2xx_ll_usb.o
                0x0000000008007568                USB_FlushTxFifo
 .text.USB_FlushRxFifo
                0x00000000080075b0       0x40 ./src/lib/stm32f207_cube/Drivers/STM32F2xx_HAL_Driver/Src/stm32f2xx_ll_usb.o
                0x00000000080075b0                USB_FlushRxFifo
 .text.USB_SetDevSpeed
                0x00000000080075f0       0x30 ./src/lib/stm32f207_cube/Drivers/STM32F2xx_HAL_Driver/Src/stm32f2xx_ll_usb.o
                0x00000000080075f0                USB_SetDevSpeed
 .text.USB_GetDevSpeed
                0x0000000008007620       0x48 ./src/lib/stm32f207_cube/Drivers/STM32F2xx_HAL_Driver/Src/stm32f2xx_ll_usb.o
                0x0000000008007620                USB_GetDevSpeed
 .text.USB_ActivateEndpoint
                0x0000000008007668      0x10c ./src/lib/stm32f207_cube/Drivers/STM32F2xx_HAL_Driver/Src/stm32f2xx_ll_usb.o
                0x0000000008007668                USB_ActivateEndpoint
 .text.USB_DeactivateEndpoint
                0x0000000008007774      0x1b8 ./src/lib/stm32f207_cube/Drivers/STM32F2xx_HAL_Driver/Src/stm32f2xx_ll_usb.o
                0x0000000008007774                USB_DeactivateEndpoint
 .text.USB_EPStartXfer
                0x000000000800792c      0x488 ./src/lib/stm32f207_cube/Drivers/STM32F2xx_HAL_Driver/Src/stm32f2xx_ll_usb.o
                0x000000000800792c                USB_EPStartXfer
 .text.USB_EP0StartXfer
                0x0000000008007db4      0x2a4 ./src/lib/stm32f207_cube/Drivers/STM32F2xx_HAL_Driver/Src/stm32f2xx_ll_usb.o
                0x0000000008007db4                USB_EP0StartXfer
 .text.USB_WritePacket
                0x0000000008008058       0x7a ./src/lib/stm32f207_cube/Drivers/STM32F2xx_HAL_Driver/Src/stm32f2xx_ll_usb.o
                0x0000000008008058                USB_WritePacket
 .text.USB_ReadPacket
                0x00000000080080d2       0xae ./src/lib/stm32f207_cube/Drivers/STM32F2xx_HAL_Driver/Src/stm32f2xx_ll_usb.o
                0x00000000080080d2                USB_ReadPacket
 .text.USB_EPSetStall
                0x0000000008008180       0xda ./src/lib/stm32f207_cube/Drivers/STM32F2xx_HAL_Driver/Src/stm32f2xx_ll_usb.o
                0x0000000008008180                USB_EPSetStall
 .text.USB_EPClearStall
                0x000000000800825a       0xca ./src/lib/stm32f207_cube/Drivers/STM32F2xx_HAL_Driver/Src/stm32f2xx_ll_usb.o
                0x000000000800825a                USB_EPClearStall
 .text.USB_SetDevAddress
                0x0000000008008324       0x4a ./src/lib/stm32f207_cube/Drivers/STM32F2xx_HAL_Driver/Src/stm32f2xx_ll_usb.o
                0x0000000008008324                USB_SetDevAddress
 .text.USB_DevConnect
                0x000000000800836e       0x40 ./src/lib/stm32f207_cube/Drivers/STM32F2xx_HAL_Driver/Src/stm32f2xx_ll_usb.o
                0x000000000800836e                USB_DevConnect
 .text.USB_DevDisconnect
                0x00000000080083ae       0x40 ./src/lib/stm32f207_cube/Drivers/STM32F2xx_HAL_Driver/Src/stm32f2xx_ll_usb.o
                0x00000000080083ae                USB_DevDisconnect
 .text.USB_ReadInterrupts
                0x00000000080083ee       0x24 ./src/lib/stm32f207_cube/Drivers/STM32F2xx_HAL_Driver/Src/stm32f2xx_ll_usb.o
                0x00000000080083ee                USB_ReadInterrupts
 .text.USB_ReadDevAllOutEpInterrupt
                0x0000000008008412       0x32 ./src/lib/stm32f207_cube/Drivers/STM32F2xx_HAL_Driver/Src/stm32f2xx_ll_usb.o
                0x0000000008008412                USB_ReadDevAllOutEpInterrupt
 .text.USB_ReadDevAllInEpInterrupt
                0x0000000008008444       0x32 ./src/lib/stm32f207_cube/Drivers/STM32F2xx_HAL_Driver/Src/stm32f2xx_ll_usb.o
                0x0000000008008444                USB_ReadDevAllInEpInterrupt
 .text.USB_ReadDevOutEPInterrupt
                0x0000000008008476       0x3a ./src/lib/stm32f207_cube/Drivers/STM32F2xx_HAL_Driver/Src/stm32f2xx_ll_usb.o
                0x0000000008008476                USB_ReadDevOutEPInterrupt
 .text.USB_ReadDevInEPInterrupt
                0x00000000080084b0       0x5a ./src/lib/stm32f207_cube/Drivers/STM32F2xx_HAL_Driver/Src/stm32f2xx_ll_usb.o
                0x00000000080084b0                USB_ReadDevInEPInterrupt
 .text.USB_GetMode
                0x000000000800850a       0x1a ./src/lib/stm32f207_cube/Drivers/STM32F2xx_HAL_Driver/Src/stm32f2xx_ll_usb.o
                0x000000000800850a                USB_GetMode
 .text.USB_ActivateSetup
                0x0000000008008524       0x44 ./src/lib/stm32f207_cube/Drivers/STM32F2xx_HAL_Driver/Src/stm32f2xx_ll_usb.o
                0x0000000008008524                USB_ActivateSetup
 .text.USB_EP0_OutStart
                0x0000000008008568       0xb8 ./src/lib/stm32f207_cube/Drivers/STM32F2xx_HAL_Driver/Src/stm32f2xx_ll_usb.o
                0x0000000008008568                USB_EP0_OutStart
 .text.USB_CoreReset
                0x0000000008008620       0x64 ./src/lib/stm32f207_cube/Drivers/STM32F2xx_HAL_Driver/Src/stm32f2xx_ll_usb.o
 .text.USBD_CDC_Init
                0x0000000008008684       0xf6 ./src/lib/stm32f207_cube/Middlewares/ST/STM32_USB_Device_Library/Class/CDC/Src/usbd_cdc.o
 .text.USBD_CDC_DeInit
                0x000000000800877a       0x6e ./src/lib/stm32f207_cube/Middlewares/ST/STM32_USB_Device_Library/Class/CDC/Src/usbd_cdc.o
 .text.USBD_CDC_Setup
                0x00000000080087e8      0x146 ./src/lib/stm32f207_cube/Middlewares/ST/STM32_USB_Device_Library/Class/CDC/Src/usbd_cdc.o
 .text.USBD_CDC_DataIn
                0x000000000800892e       0xa6 ./src/lib/stm32f207_cube/Middlewares/ST/STM32_USB_Device_Library/Class/CDC/Src/usbd_cdc.o
 .text.USBD_CDC_DataOut
                0x00000000080089d4       0x56 ./src/lib/stm32f207_cube/Middlewares/ST/STM32_USB_Device_Library/Class/CDC/Src/usbd_cdc.o
 .text.USBD_CDC_EP0_RxReady
                0x0000000008008a2a       0x50 ./src/lib/stm32f207_cube/Middlewares/ST/STM32_USB_Device_Library/Class/CDC/Src/usbd_cdc.o
 *fill*         0x0000000008008a7a        0x2 
 .text.USBD_CDC_GetFSCfgDesc
                0x0000000008008a7c       0x20 ./src/lib/stm32f207_cube/Middlewares/ST/STM32_USB_Device_Library/Class/CDC/Src/usbd_cdc.o
 .text.USBD_CDC_GetHSCfgDesc
                0x0000000008008a9c       0x20 ./src/lib/stm32f207_cube/Middlewares/ST/STM32_USB_Device_Library/Class/CDC/Src/usbd_cdc.o
 .text.USBD_CDC_GetOtherSpeedCfgDesc
                0x0000000008008abc       0x20 ./src/lib/stm32f207_cube/Middlewares/ST/STM32_USB_Device_Library/Class/CDC/Src/usbd_cdc.o
 .text.USBD_CDC_GetDeviceQualifierDescriptor
                0x0000000008008adc       0x20 ./src/lib/stm32f207_cube/Middlewares/ST/STM32_USB_Device_Library/Class/CDC/Src/usbd_cdc.o
                0x0000000008008adc                USBD_CDC_GetDeviceQualifierDescriptor
 .text.USBD_CDC_RegisterInterface
                0x0000000008008afc       0x2c ./src/lib/stm32f207_cube/Middlewares/ST/STM32_USB_Device_Library/Class/CDC/Src/usbd_cdc.o
                0x0000000008008afc                USBD_CDC_RegisterInterface
 .text.USBD_CDC_SetTxBuffer
                0x0000000008008b28       0x32 ./src/lib/stm32f207_cube/Middlewares/ST/STM32_USB_Device_Library/Class/CDC/Src/usbd_cdc.o
                0x0000000008008b28                USBD_CDC_SetTxBuffer
 .text.USBD_CDC_SetRxBuffer
                0x0000000008008b5a       0x26 ./src/lib/stm32f207_cube/Middlewares/ST/STM32_USB_Device_Library/Class/CDC/Src/usbd_cdc.o
                0x0000000008008b5a                USBD_CDC_SetRxBuffer
 .text.USBD_CDC_TransmitPacket
                0x0000000008008b80       0x5e ./src/lib/stm32f207_cube/Middlewares/ST/STM32_USB_Device_Library/Class/CDC/Src/usbd_cdc.o
                0x0000000008008b80                USBD_CDC_TransmitPacket
 .text.USBD_CDC_ReceivePacket
                0x0000000008008bde       0x54 ./src/lib/stm32f207_cube/Middlewares/ST/STM32_USB_Device_Library/Class/CDC/Src/usbd_cdc.o
                0x0000000008008bde                USBD_CDC_ReceivePacket
 .text.USBD_Init
                0x0000000008008c32       0x56 ./src/lib/stm32f207_cube/Middlewares/ST/STM32_USB_Device_Library/Core/Src/usbd_core.o
                0x0000000008008c32                USBD_Init
 .text.USBD_RegisterClass
                0x0000000008008c88       0x32 ./src/lib/stm32f207_cube/Middlewares/ST/STM32_USB_Device_Library/Core/Src/usbd_core.o
                0x0000000008008c88                USBD_RegisterClass
 .text.USBD_Start
                0x0000000008008cba       0x18 ./src/lib/stm32f207_cube/Middlewares/ST/STM32_USB_Device_Library/Core/Src/usbd_core.o
                0x0000000008008cba                USBD_Start
 .text.USBD_RunTestMode
                0x0000000008008cd2       0x14 ./src/lib/stm32f207_cube/Middlewares/ST/STM32_USB_Device_Library/Core/Src/usbd_core.o
                0x0000000008008cd2                USBD_RunTestMode
 .text.USBD_SetClassConfig
                0x0000000008008ce6       0x3e ./src/lib/stm32f207_cube/Middlewares/ST/STM32_USB_Device_Library/Core/Src/usbd_core.o
                0x0000000008008ce6                USBD_SetClassConfig
 .text.USBD_ClrClassConfig
                0x0000000008008d24       0x26 ./src/lib/stm32f207_cube/Middlewares/ST/STM32_USB_Device_Library/Core/Src/usbd_core.o
                0x0000000008008d24                USBD_ClrClassConfig
 .text.USBD_LL_SetupStage
                0x0000000008008d4a       0x9a ./src/lib/stm32f207_cube/Middlewares/ST/STM32_USB_Device_Library/Core/Src/usbd_core.o
                0x0000000008008d4a                USBD_LL_SetupStage
 .text.USBD_LL_DataOutStage
                0x0000000008008de4       0xe2 ./src/lib/stm32f207_cube/Middlewares/ST/STM32_USB_Device_Library/Core/Src/usbd_core.o
                0x0000000008008de4                USBD_LL_DataOutStage
 .text.USBD_LL_DataInStage
                0x0000000008008ec6      0x14a ./src/lib/stm32f207_cube/Middlewares/ST/STM32_USB_Device_Library/Core/Src/usbd_core.o
                0x0000000008008ec6                USBD_LL_DataInStage
 .text.USBD_LL_Reset
                0x0000000008009010       0x82 ./src/lib/stm32f207_cube/Middlewares/ST/STM32_USB_Device_Library/Core/Src/usbd_core.o
                0x0000000008009010                USBD_LL_Reset
 .text.USBD_LL_SetSpeed
                0x0000000008009092       0x1e ./src/lib/stm32f207_cube/Middlewares/ST/STM32_USB_Device_Library/Core/Src/usbd_core.o
                0x0000000008009092                USBD_LL_SetSpeed
 .text.USBD_LL_Suspend
                0x00000000080090b0       0x28 ./src/lib/stm32f207_cube/Middlewares/ST/STM32_USB_Device_Library/Core/Src/usbd_core.o
                0x00000000080090b0                USBD_LL_Suspend
 .text.USBD_LL_Resume
                0x00000000080090d8       0x2a ./src/lib/stm32f207_cube/Middlewares/ST/STM32_USB_Device_Library/Core/Src/usbd_core.o
                0x00000000080090d8                USBD_LL_Resume
 .text.USBD_LL_SOF
                0x0000000008009102       0x34 ./src/lib/stm32f207_cube/Middlewares/ST/STM32_USB_Device_Library/Core/Src/usbd_core.o
                0x0000000008009102                USBD_LL_SOF
 .text.USBD_LL_IsoINIncomplete
                0x0000000008009136       0x18 ./src/lib/stm32f207_cube/Middlewares/ST/STM32_USB_Device_Library/Core/Src/usbd_core.o
                0x0000000008009136                USBD_LL_IsoINIncomplete
 .text.USBD_LL_IsoOUTIncomplete
                0x000000000800914e       0x18 ./src/lib/stm32f207_cube/Middlewares/ST/STM32_USB_Device_Library/Core/Src/usbd_core.o
                0x000000000800914e                USBD_LL_IsoOUTIncomplete
 .text.USBD_LL_DevConnected
                0x0000000008009166       0x14 ./src/lib/stm32f207_cube/Middlewares/ST/STM32_USB_Device_Library/Core/Src/usbd_core.o
                0x0000000008009166                USBD_LL_DevConnected
 .text.USBD_LL_DevDisconnected
                0x000000000800917a       0x2e ./src/lib/stm32f207_cube/Middlewares/ST/STM32_USB_Device_Library/Core/Src/usbd_core.o
                0x000000000800917a                USBD_LL_DevDisconnected
 .text.USBD_StdDevReq
                0x00000000080091a8       0xd4 ./src/lib/stm32f207_cube/Middlewares/ST/STM32_USB_Device_Library/Core/Src/usbd_ctlreq.o
                0x00000000080091a8                USBD_StdDevReq
 .text.USBD_StdItfReq
                0x000000000800927c       0x90 ./src/lib/stm32f207_cube/Middlewares/ST/STM32_USB_Device_Library/Core/Src/usbd_ctlreq.o
                0x000000000800927c                USBD_StdItfReq
 .text.USBD_StdEPReq
                0x000000000800930c      0x2c6 ./src/lib/stm32f207_cube/Middlewares/ST/STM32_USB_Device_Library/Core/Src/usbd_ctlreq.o
                0x000000000800930c                USBD_StdEPReq
 *fill*         0x00000000080095d2        0x2 
 .text.USBD_GetDescriptor
                0x00000000080095d4      0x2d0 ./src/lib/stm32f207_cube/Middlewares/ST/STM32_USB_Device_Library/Core/Src/usbd_ctlreq.o
 .text.USBD_SetAddress
                0x00000000080098a4       0x86 ./src/lib/stm32f207_cube/Middlewares/ST/STM32_USB_Device_Library/Core/Src/usbd_ctlreq.o
 *fill*         0x000000000800992a        0x2 
 .text.USBD_SetConfig
                0x000000000800992c      0x11c ./src/lib/stm32f207_cube/Middlewares/ST/STM32_USB_Device_Library/Core/Src/usbd_ctlreq.o
 .text.USBD_GetConfig
                0x0000000008009a48       0x6a ./src/lib/stm32f207_cube/Middlewares/ST/STM32_USB_Device_Library/Core/Src/usbd_ctlreq.o
 .text.USBD_GetStatus
                0x0000000008009ab2       0x66 ./src/lib/stm32f207_cube/Middlewares/ST/STM32_USB_Device_Library/Core/Src/usbd_ctlreq.o
 .text.USBD_SetFeature
                0x0000000008009b18       0x28 ./src/lib/stm32f207_cube/Middlewares/ST/STM32_USB_Device_Library/Core/Src/usbd_ctlreq.o
 .text.USBD_ClrFeature
                0x0000000008009b40       0x42 ./src/lib/stm32f207_cube/Middlewares/ST/STM32_USB_Device_Library/Core/Src/usbd_ctlreq.o
 .text.USBD_ParseSetupRequest
                0x0000000008009b82       0x78 ./src/lib/stm32f207_cube/Middlewares/ST/STM32_USB_Device_Library/Core/Src/usbd_ctlreq.o
                0x0000000008009b82                USBD_ParseSetupRequest
 .text.USBD_CtlError
                0x0000000008009bfa       0x22 ./src/lib/stm32f207_cube/Middlewares/ST/STM32_USB_Device_Library/Core/Src/usbd_ctlreq.o
                0x0000000008009bfa                USBD_CtlError
 .text.USBD_GetString
                0x0000000008009c1c       0x84 ./src/lib/stm32f207_cube/Middlewares/ST/STM32_USB_Device_Library/Core/Src/usbd_ctlreq.o
                0x0000000008009c1c                USBD_GetString
 .text.USBD_GetLen
                0x0000000008009ca0       0x2e ./src/lib/stm32f207_cube/Middlewares/ST/STM32_USB_Device_Library/Core/Src/usbd_ctlreq.o
 .text.USBD_CtlSendData
                0x0000000008009cce       0x38 ./src/lib/stm32f207_cube/Middlewares/ST/STM32_USB_Device_Library/Core/Src/usbd_ioreq.o
                0x0000000008009cce                USBD_CtlSendData
 .text.USBD_CtlContinueSendData
                0x0000000008009d06       0x24 ./src/lib/stm32f207_cube/Middlewares/ST/STM32_USB_Device_Library/Core/Src/usbd_ioreq.o
                0x0000000008009d06                USBD_CtlContinueSendData
 .text.USBD_CtlPrepareRx
                0x0000000008009d2a       0x3c ./src/lib/stm32f207_cube/Middlewares/ST/STM32_USB_Device_Library/Core/Src/usbd_ioreq.o
                0x0000000008009d2a                USBD_CtlPrepareRx
 .text.USBD_CtlContinueRx
                0x0000000008009d66       0x24 ./src/lib/stm32f207_cube/Middlewares/ST/STM32_USB_Device_Library/Core/Src/usbd_ioreq.o
                0x0000000008009d66                USBD_CtlContinueRx
 .text.USBD_CtlSendStatus
                0x0000000008009d8a       0x26 ./src/lib/stm32f207_cube/Middlewares/ST/STM32_USB_Device_Library/Core/Src/usbd_ioreq.o
                0x0000000008009d8a                USBD_CtlSendStatus
 .text.USBD_CtlReceiveStatus
                0x0000000008009db0       0x26 ./src/lib/stm32f207_cube/Middlewares/ST/STM32_USB_Device_Library/Core/Src/usbd_ioreq.o
                0x0000000008009db0                USBD_CtlReceiveStatus
 *fill*         0x0000000008009dd6        0x2 
 .text.MX_USB_DEVICE_Init
                0x0000000008009dd8       0x60 ./src/lib/stm32f207_cube/USB_DEVICE/App/usb_device.o
                0x0000000008009dd8                MX_USB_DEVICE_Init
 .text.cdcAvailable
                0x0000000008009e38       0x3c ./src/lib/stm32f207_cube/USB_DEVICE/App/usbd_cdc_if.o
                0x0000000008009e38                cdcAvailable
 .text.USBD_CDC_SOF
                0x0000000008009e74       0x44 ./src/lib/stm32f207_cube/USB_DEVICE/App/usbd_cdc_if.o
                0x0000000008009e74                USBD_CDC_SOF
 .text.cdcRead  0x0000000008009eb8       0x50 ./src/lib/stm32f207_cube/USB_DEVICE/App/usbd_cdc_if.o
                0x0000000008009eb8                cdcRead
 .text.cdcDataIn
                0x0000000008009f08       0x54 ./src/lib/stm32f207_cube/USB_DEVICE/App/usbd_cdc_if.o
                0x0000000008009f08                cdcDataIn
 .text.cdcWrite
                0x0000000008009f5c       0x50 ./src/lib/stm32f207_cube/USB_DEVICE/App/usbd_cdc_if.o
                0x0000000008009f5c                cdcWrite
 .text.CDC_Init_FS
                0x0000000008009fac       0x28 ./src/lib/stm32f207_cube/USB_DEVICE/App/usbd_cdc_if.o
 .text.CDC_DeInit_FS
                0x0000000008009fd4        0xe ./src/lib/stm32f207_cube/USB_DEVICE/App/usbd_cdc_if.o
 *fill*         0x0000000008009fe2        0x2 
 .text.CDC_Control_FS
                0x0000000008009fe4      0x178 ./src/lib/stm32f207_cube/USB_DEVICE/App/usbd_cdc_if.o
 .text.CDC_Receive_FS
                0x000000000800a15c       0x70 ./src/lib/stm32f207_cube/USB_DEVICE/App/usbd_cdc_if.o
 .text.CDC_Transmit_FS
                0x000000000800a1cc       0x4c ./src/lib/stm32f207_cube/USB_DEVICE/App/usbd_cdc_if.o
                0x000000000800a1cc                CDC_Transmit_FS
 .text.USBD_FS_DeviceDescriptor
                0x000000000800a218       0x24 ./src/lib/stm32f207_cube/USB_DEVICE/App/usbd_desc.o
                0x000000000800a218                USBD_FS_DeviceDescriptor
 .text.USBD_FS_LangIDStrDescriptor
                0x000000000800a23c       0x24 ./src/lib/stm32f207_cube/USB_DEVICE/App/usbd_desc.o
                0x000000000800a23c                USBD_FS_LangIDStrDescriptor
 .text.USBD_FS_ProductStrDescriptor
                0x000000000800a260       0x3c ./src/lib/stm32f207_cube/USB_DEVICE/App/usbd_desc.o
                0x000000000800a260                USBD_FS_ProductStrDescriptor
 .text.USBD_FS_ManufacturerStrDescriptor
                0x000000000800a29c       0x28 ./src/lib/stm32f207_cube/USB_DEVICE/App/usbd_desc.o
                0x000000000800a29c                USBD_FS_ManufacturerStrDescriptor
 .text.USBD_FS_SerialStrDescriptor
                0x000000000800a2c4       0x24 ./src/lib/stm32f207_cube/USB_DEVICE/App/usbd_desc.o
                0x000000000800a2c4                USBD_FS_SerialStrDescriptor
 .text.USBD_FS_ConfigStrDescriptor
                0x000000000800a2e8       0x3c ./src/lib/stm32f207_cube/USB_DEVICE/App/usbd_desc.o
                0x000000000800a2e8                USBD_FS_ConfigStrDescriptor
 .text.USBD_FS_InterfaceStrDescriptor
                0x000000000800a324       0x3c ./src/lib/stm32f207_cube/USB_DEVICE/App/usbd_desc.o
                0x000000000800a324                USBD_FS_InterfaceStrDescriptor
 .text.Get_SerialNum
                0x000000000800a360       0x58 ./src/lib/stm32f207_cube/USB_DEVICE/App/usbd_desc.o
 .text.IntToUnicode
                0x000000000800a3b8       0x7c ./src/lib/stm32f207_cube/USB_DEVICE/App/usbd_desc.o
 .text.HAL_PCD_MspInit
                0x000000000800a434       0xa8 ./src/lib/stm32f207_cube/USB_DEVICE/Target/usbd_conf.o
                0x000000000800a434                HAL_PCD_MspInit
 .text.HAL_PCD_SetupStageCallback
                0x000000000800a4dc       0x24 ./src/lib/stm32f207_cube/USB_DEVICE/Target/usbd_conf.o
                0x000000000800a4dc                HAL_PCD_SetupStageCallback
 .text.HAL_PCD_DataOutStageCallback
                0x000000000800a500       0x36 ./src/lib/stm32f207_cube/USB_DEVICE/Target/usbd_conf.o
                0x000000000800a500                HAL_PCD_DataOutStageCallback
 .text.HAL_PCD_DataInStageCallback
                0x000000000800a536       0x34 ./src/lib/stm32f207_cube/USB_DEVICE/Target/usbd_conf.o
                0x000000000800a536                HAL_PCD_DataInStageCallback
 .text.HAL_PCD_SOFCallback
                0x000000000800a56a       0x1c ./src/lib/stm32f207_cube/USB_DEVICE/Target/usbd_conf.o
                0x000000000800a56a                HAL_PCD_SOFCallback
 .text.HAL_PCD_ResetCallback
                0x000000000800a586       0x50 ./src/lib/stm32f207_cube/USB_DEVICE/Target/usbd_conf.o
                0x000000000800a586                HAL_PCD_ResetCallback
 *fill*         0x000000000800a5d6        0x2 
 .text.HAL_PCD_SuspendCallback
                0x000000000800a5d8       0x4c ./src/lib/stm32f207_cube/USB_DEVICE/Target/usbd_conf.o
                0x000000000800a5d8                HAL_PCD_SuspendCallback
 .text.HAL_PCD_ResumeCallback
                0x000000000800a624       0x1c ./src/lib/stm32f207_cube/USB_DEVICE/Target/usbd_conf.o
                0x000000000800a624                HAL_PCD_ResumeCallback
 .text.HAL_PCD_ISOOUTIncompleteCallback
                0x000000000800a640       0x24 ./src/lib/stm32f207_cube/USB_DEVICE/Target/usbd_conf.o
                0x000000000800a640                HAL_PCD_ISOOUTIncompleteCallback
 .text.HAL_PCD_ISOINIncompleteCallback
                0x000000000800a664       0x24 ./src/lib/stm32f207_cube/USB_DEVICE/Target/usbd_conf.o
                0x000000000800a664                HAL_PCD_ISOINIncompleteCallback
 .text.HAL_PCD_ConnectCallback
                0x000000000800a688       0x1c ./src/lib/stm32f207_cube/USB_DEVICE/Target/usbd_conf.o
                0x000000000800a688                HAL_PCD_ConnectCallback
 .text.HAL_PCD_DisconnectCallback
                0x000000000800a6a4       0x1c ./src/lib/stm32f207_cube/USB_DEVICE/Target/usbd_conf.o
                0x000000000800a6a4                HAL_PCD_DisconnectCallback
 .text.USBD_LL_Init
                0x000000000800a6c0       0x94 ./src/lib/stm32f207_cube/USB_DEVICE/Target/usbd_conf.o
                0x000000000800a6c0                USBD_LL_Init
 .text.USBD_LL_Start
                0x000000000800a754       0x36 ./src/lib/stm32f207_cube/USB_DEVICE/Target/usbd_conf.o
                0x000000000800a754                USBD_LL_Start
 .text.USBD_LL_OpenEP
                0x000000000800a78a       0x4c ./src/lib/stm32f207_cube/USB_DEVICE/Target/usbd_conf.o
                0x000000000800a78a                USBD_LL_OpenEP
 .text.USBD_LL_CloseEP
                0x000000000800a7d6       0x3e ./src/lib/stm32f207_cube/USB_DEVICE/Target/usbd_conf.o
                0x000000000800a7d6                USBD_LL_CloseEP
 .text.USBD_LL_StallEP
                0x000000000800a814       0x3e ./src/lib/stm32f207_cube/USB_DEVICE/Target/usbd_conf.o
                0x000000000800a814                USBD_LL_StallEP
 .text.USBD_LL_ClearStallEP
                0x000000000800a852       0x3e ./src/lib/stm32f207_cube/USB_DEVICE/Target/usbd_conf.o
                0x000000000800a852                USBD_LL_ClearStallEP
 .text.USBD_LL_IsStallEP
                0x000000000800a890       0x56 ./src/lib/stm32f207_cube/USB_DEVICE/Target/usbd_conf.o
                0x000000000800a890                USBD_LL_IsStallEP
 .text.USBD_LL_SetUSBAddress
                0x000000000800a8e6       0x3e ./src/lib/stm32f207_cube/USB_DEVICE/Target/usbd_conf.o
                0x000000000800a8e6                USBD_LL_SetUSBAddress
 .text.USBD_LL_Transmit
                0x000000000800a924       0x46 ./src/lib/stm32f207_cube/USB_DEVICE/Target/usbd_conf.o
                0x000000000800a924                USBD_LL_Transmit
 .text.USBD_LL_PrepareReceive
                0x000000000800a96a       0x46 ./src/lib/stm32f207_cube/USB_DEVICE/Target/usbd_conf.o
                0x000000000800a96a                USBD_LL_PrepareReceive
 .text.USBD_LL_GetRxDataSize
                0x000000000800a9b0       0x26 ./src/lib/stm32f207_cube/USB_DEVICE/Target/usbd_conf.o
                0x000000000800a9b0                USBD_LL_GetRxDataSize
 *fill*         0x000000000800a9d6        0x2 
 .text.USBD_Get_USB_Status
                0x000000000800a9d8       0x58 ./src/lib/stm32f207_cube/USB_DEVICE/Target/usbd_conf.o
                0x000000000800a9d8                USBD_Get_USB_Status
 .text.main     0x000000000800aa30       0x16 ./src/main.o
                0x000000000800aa30                main
 *fill*         0x000000000800aa46        0x2 
 .text.__errno  0x000000000800aa48        0xc c:/st/stm32cubeide_1.7.0/stm32cubeide/plugins/com.st.stm32cube.ide.mcu.externaltools.gnu-tools-for-stm32.10.3-2021.10.win32_1.0.200.202301161003/tools/bin/../lib/gcc/arm-none-eabi/10.3.1/../../../../arm-none-eabi/lib/thumb/v7-m/nofp\libc_nano.a(lib_a-errno.o)
                0x000000000800aa48                __errno
 .text.__libc_init_array
                0x000000000800aa54       0x48 c:/st/stm32cubeide_1.7.0/stm32cubeide/plugins/com.st.stm32cube.ide.mcu.externaltools.gnu-tools-for-stm32.10.3-2021.10.win32_1.0.200.202301161003/tools/bin/../lib/gcc/arm-none-eabi/10.3.1/../../../../arm-none-eabi/lib/thumb/v7-m/nofp\libc_nano.a(lib_a-init.o)
                0x000000000800aa54                __libc_init_array
 .text.malloc   0x000000000800aa9c       0x10 c:/st/stm32cubeide_1.7.0/stm32cubeide/plugins/com.st.stm32cube.ide.mcu.externaltools.gnu-tools-for-stm32.10.3-2021.10.win32_1.0.200.202301161003/tools/bin/../lib/gcc/arm-none-eabi/10.3.1/../../../../arm-none-eabi/lib/thumb/v7-m/nofp\libc_nano.a(lib_a-malloc.o)
                0x000000000800aa9c                malloc
 .text.free     0x000000000800aaac       0x10 c:/st/stm32cubeide_1.7.0/stm32cubeide/plugins/com.st.stm32cube.ide.mcu.externaltools.gnu-tools-for-stm32.10.3-2021.10.win32_1.0.200.202301161003/tools/bin/../lib/gcc/arm-none-eabi/10.3.1/../../../../arm-none-eabi/lib/thumb/v7-m/nofp\libc_nano.a(lib_a-malloc.o)
                0x000000000800aaac                free
 .text.memset   0x000000000800aabc       0x10 c:/st/stm32cubeide_1.7.0/stm32cubeide/plugins/com.st.stm32cube.ide.mcu.externaltools.gnu-tools-for-stm32.10.3-2021.10.win32_1.0.200.202301161003/tools/bin/../lib/gcc/arm-none-eabi/10.3.1/../../../../arm-none-eabi/lib/thumb/v7-m/nofp\libc_nano.a(lib_a-memset.o)
                0x000000000800aabc                memset
 .text._free_r  0x000000000800aacc       0x90 c:/st/stm32cubeide_1.7.0/stm32cubeide/plugins/com.st.stm32cube.ide.mcu.externaltools.gnu-tools-for-stm32.10.3-2021.10.win32_1.0.200.202301161003/tools/bin/../lib/gcc/arm-none-eabi/10.3.1/../../../../arm-none-eabi/lib/thumb/v7-m/nofp\libc_nano.a(lib_a-nano-freer.o)
                0x000000000800aacc                _free_r
 .text.sbrk_aligned
                0x000000000800ab5c       0x40 c:/st/stm32cubeide_1.7.0/stm32cubeide/plugins/com.st.stm32cube.ide.mcu.externaltools.gnu-tools-for-stm32.10.3-2021.10.win32_1.0.200.202301161003/tools/bin/../lib/gcc/arm-none-eabi/10.3.1/../../../../arm-none-eabi/lib/thumb/v7-m/nofp\libc_nano.a(lib_a-nano-mallocr.o)
 .text._malloc_r
                0x000000000800ab9c       0xe8 c:/st/stm32cubeide_1.7.0/stm32cubeide/plugins/com.st.stm32cube.ide.mcu.externaltools.gnu-tools-for-stm32.10.3-2021.10.win32_1.0.200.202301161003/tools/bin/../lib/gcc/arm-none-eabi/10.3.1/../../../../arm-none-eabi/lib/thumb/v7-m/nofp\libc_nano.a(lib_a-nano-mallocr.o)
                0x000000000800ab9c                _malloc_r
 .text.__cvt    0x000000000800ac84       0xbe c:/st/stm32cubeide_1.7.0/stm32cubeide/plugins/com.st.stm32cube.ide.mcu.externaltools.gnu-tools-for-stm32.10.3-2021.10.win32_1.0.200.202301161003/tools/bin/../lib/gcc/arm-none-eabi/10.3.1/../../../../arm-none-eabi/lib/thumb/v7-m/nofp\libc_nano.a(lib_a-nano-vfprintf_float.o)
                0x000000000800ac84                __cvt
 .text.__exponent
                0x000000000800ad42       0x7c c:/st/stm32cubeide_1.7.0/stm32cubeide/plugins/com.st.stm32cube.ide.mcu.externaltools.gnu-tools-for-stm32.10.3-2021.10.win32_1.0.200.202301161003/tools/bin/../lib/gcc/arm-none-eabi/10.3.1/../../../../arm-none-eabi/lib/thumb/v7-m/nofp\libc_nano.a(lib_a-nano-vfprintf_float.o)
                0x000000000800ad42                __exponent
 *fill*         0x000000000800adbe        0x2 
 .text._printf_float
                0x000000000800adc0      0x458 c:/st/stm32cubeide_1.7.0/stm32cubeide/plugins/com.st.stm32cube.ide.mcu.externaltools.gnu-tools-for-stm32.10.3-2021.10.win32_1.0.200.202301161003/tools/bin/../lib/gcc/arm-none-eabi/10.3.1/../../../../arm-none-eabi/lib/thumb/v7-m/nofp\libc_nano.a(lib_a-nano-vfprintf_float.o)
                0x000000000800adc0                _printf_float
 .text._printf_common
                0x000000000800b218       0xde c:/st/stm32cubeide_1.7.0/stm32cubeide/plugins/com.st.stm32cube.ide.mcu.externaltools.gnu-tools-for-stm32.10.3-2021.10.win32_1.0.200.202301161003/tools/bin/../lib/gcc/arm-none-eabi/10.3.1/../../../../arm-none-eabi/lib/thumb/v7-m/nofp\libc_nano.a(lib_a-nano-vfprintf_i.o)
                0x000000000800b218                _printf_common
 *fill*         0x000000000800b2f6        0x2 
 .text._printf_i
                0x000000000800b2f8      0x24c c:/st/stm32cubeide_1.7.0/stm32cubeide/plugins/com.st.stm32cube.ide.mcu.externaltools.gnu-tools-for-stm32.10.3-2021.10.win32_1.0.200.202301161003/tools/bin/../lib/gcc/arm-none-eabi/10.3.1/../../../../arm-none-eabi/lib/thumb/v7-m/nofp\libc_nano.a(lib_a-nano-vfprintf_i.o)
                0x000000000800b2f8                _printf_i
 .text._scanf_float
                0x000000000800b544      0x41c c:/st/stm32cubeide_1.7.0/stm32cubeide/plugins/com.st.stm32cube.ide.mcu.externaltools.gnu-tools-for-stm32.10.3-2021.10.win32_1.0.200.202301161003/tools/bin/../lib/gcc/arm-none-eabi/10.3.1/../../../../arm-none-eabi/lib/thumb/v7-m/nofp\libc_nano.a(lib_a-nano-vfscanf_float.o)
                0x000000000800b544                _scanf_float
 .text._sbrk_r  0x000000000800b960       0x20 c:/st/stm32cubeide_1.7.0/stm32cubeide/plugins/com.st.stm32cube.ide.mcu.externaltools.gnu-tools-for-stm32.10.3-2021.10.win32_1.0.200.202301161003/tools/bin/../lib/gcc/arm-none-eabi/10.3.1/../../../../arm-none-eabi/lib/thumb/v7-m/nofp\libc_nano.a(lib_a-sbrkr.o)
                0x000000000800b960                _sbrk_r
 .text.nanf     0x000000000800b980        0x8 c:/st/stm32cubeide_1.7.0/stm32cubeide/plugins/com.st.stm32cube.ide.mcu.externaltools.gnu-tools-for-stm32.10.3-2021.10.win32_1.0.200.202301161003/tools/bin/../lib/gcc/arm-none-eabi/10.3.1/../../../../arm-none-eabi/lib/thumb/v7-m/nofp\libc_nano.a(lib_a-sf_nan.o)
                0x000000000800b980                nanf
 .text.sprintf  0x000000000800b988       0x40 c:/st/stm32cubeide_1.7.0/stm32cubeide/plugins/com.st.stm32cube.ide.mcu.externaltools.gnu-tools-for-stm32.10.3-2021.10.win32_1.0.200.202301161003/tools/bin/../lib/gcc/arm-none-eabi/10.3.1/../../../../arm-none-eabi/lib/thumb/v7-m/nofp\libc_nano.a(lib_a-sprintf.o)
                0x000000000800b988                siprintf
                0x000000000800b988                sprintf
 .text.strcpy   0x000000000800b9c8       0x10 c:/st/stm32cubeide_1.7.0/stm32cubeide/plugins/com.st.stm32cube.ide.mcu.externaltools.gnu-tools-for-stm32.10.3-2021.10.win32_1.0.200.202301161003/tools/bin/../lib/gcc/arm-none-eabi/10.3.1/../../../../arm-none-eabi/lib/thumb/v7-m/nofp\libc_nano.a(lib_a-strcpy.o)
                0x000000000800b9c8                strcpy
 .text.sulp     0x000000000800b9d8       0x42 c:/st/stm32cubeide_1.7.0/stm32cubeide/plugins/com.st.stm32cube.ide.mcu.externaltools.gnu-tools-for-stm32.10.3-2021.10.win32_1.0.200.202301161003/tools/bin/../lib/gcc/arm-none-eabi/10.3.1/../../../../arm-none-eabi/lib/thumb/v7-m/nofp\libc_nano.a(lib_a-strtod.o)
 *fill*         0x000000000800ba1a        0x6 
 .text._strtod_l
                0x000000000800ba20      0xbd0 c:/st/stm32cubeide_1.7.0/stm32cubeide/plugins/com.st.stm32cube.ide.mcu.externaltools.gnu-tools-for-stm32.10.3-2021.10.win32_1.0.200.202301161003/tools/bin/../lib/gcc/arm-none-eabi/10.3.1/../../../../arm-none-eabi/lib/thumb/v7-m/nofp\libc_nano.a(lib_a-strtod.o)
                0x000000000800ba20                _strtod_l
 .text._strtod_r
                0x000000000800c5f0        0xc c:/st/stm32cubeide_1.7.0/stm32cubeide/plugins/com.st.stm32cube.ide.mcu.externaltools.gnu-tools-for-stm32.10.3-2021.10.win32_1.0.200.202301161003/tools/bin/../lib/gcc/arm-none-eabi/10.3.1/../../../../arm-none-eabi/lib/thumb/v7-m/nofp\libc_nano.a(lib_a-strtod.o)
                0x000000000800c5f0                _strtod_r
 .text.strtof   0x000000000800c5fc       0xa4 c:/st/stm32cubeide_1.7.0/stm32cubeide/plugins/com.st.stm32cube.ide.mcu.externaltools.gnu-tools-for-stm32.10.3-2021.10.win32_1.0.200.202301161003/tools/bin/../lib/gcc/arm-none-eabi/10.3.1/../../../../arm-none-eabi/lib/thumb/v7-m/nofp\libc_nano.a(lib_a-strtod.o)
                0x000000000800c5fc                strtof
 .text.__strtok_r
                0x000000000800c6a0       0x50 c:/st/stm32cubeide_1.7.0/stm32cubeide/plugins/com.st.stm32cube.ide.mcu.externaltools.gnu-tools-for-stm32.10.3-2021.10.win32_1.0.200.202301161003/tools/bin/../lib/gcc/arm-none-eabi/10.3.1/../../../../arm-none-eabi/lib/thumb/v7-m/nofp\libc_nano.a(lib_a-strtok_r.o)
                0x000000000800c6a0                __strtok_r
 .text.strtok_r
                0x000000000800c6f0        0x6 c:/st/stm32cubeide_1.7.0/stm32cubeide/plugins/com.st.stm32cube.ide.mcu.externaltools.gnu-tools-for-stm32.10.3-2021.10.win32_1.0.200.202301161003/tools/bin/../lib/gcc/arm-none-eabi/10.3.1/../../../../arm-none-eabi/lib/thumb/v7-m/nofp\libc_nano.a(lib_a-strtok_r.o)
                0x000000000800c6f0                strtok_r
 *fill*         0x000000000800c6f6        0x2 
 .text._strtol_l.constprop.0
                0x000000000800c6f8       0xf8 c:/st/stm32cubeide_1.7.0/stm32cubeide/plugins/com.st.stm32cube.ide.mcu.externaltools.gnu-tools-for-stm32.10.3-2021.10.win32_1.0.200.202301161003/tools/bin/../lib/gcc/arm-none-eabi/10.3.1/../../../../arm-none-eabi/lib/thumb/v7-m/nofp\libc_nano.a(lib_a-strtol.o)
 .text._strtol_r
                0x000000000800c7f0        0x4 c:/st/stm32cubeide_1.7.0/stm32cubeide/plugins/com.st.stm32cube.ide.mcu.externaltools.gnu-tools-for-stm32.10.3-2021.10.win32_1.0.200.202301161003/tools/bin/../lib/gcc/arm-none-eabi/10.3.1/../../../../arm-none-eabi/lib/thumb/v7-m/nofp\libc_nano.a(lib_a-strtol.o)
                0x000000000800c7f0                _strtol_r
 .text._strtoul_l.constprop.0
                0x000000000800c7f4       0xe4 c:/st/stm32cubeide_1.7.0/stm32cubeide/plugins/com.st.stm32cube.ide.mcu.externaltools.gnu-tools-for-stm32.10.3-2021.10.win32_1.0.200.202301161003/tools/bin/../lib/gcc/arm-none-eabi/10.3.1/../../../../arm-none-eabi/lib/thumb/v7-m/nofp\libc_nano.a(lib_a-strtoul.o)
 .text.strtoul  0x000000000800c8d8       0x14 c:/st/stm32cubeide_1.7.0/stm32cubeide/plugins/com.st.stm32cube.ide.mcu.externaltools.gnu-tools-for-stm32.10.3-2021.10.win32_1.0.200.202301161003/tools/bin/../lib/gcc/arm-none-eabi/10.3.1/../../../../arm-none-eabi/lib/thumb/v7-m/nofp\libc_nano.a(lib_a-strtoul.o)
                0x000000000800c8d8                strtoul
 .text._vsnprintf_r
                0x000000000800c8ec       0x56 c:/st/stm32cubeide_1.7.0/stm32cubeide/plugins/com.st.stm32cube.ide.mcu.externaltools.gnu-tools-for-stm32.10.3-2021.10.win32_1.0.200.202301161003/tools/bin/../lib/gcc/arm-none-eabi/10.3.1/../../../../arm-none-eabi/lib/thumb/v7-m/nofp\libc_nano.a(lib_a-vsnprintf.o)
                0x000000000800c8ec                _vsniprintf_r
                0x000000000800c8ec                _vsnprintf_r
 *fill*         0x000000000800c942        0x2 
 .text.vsnprintf
                0x000000000800c944       0x1c c:/st/stm32cubeide_1.7.0/stm32cubeide/plugins/com.st.stm32cube.ide.mcu.externaltools.gnu-tools-for-stm32.10.3-2021.10.win32_1.0.200.202301161003/tools/bin/../lib/gcc/arm-none-eabi/10.3.1/../../../../arm-none-eabi/lib/thumb/v7-m/nofp\libc_nano.a(lib_a-vsnprintf.o)
                0x000000000800c944                vsniprintf
                0x000000000800c944                vsnprintf
 .text.quorem   0x000000000800c960      0x118 c:/st/stm32cubeide_1.7.0/stm32cubeide/plugins/com.st.stm32cube.ide.mcu.externaltools.gnu-tools-for-stm32.10.3-2021.10.win32_1.0.200.202301161003/tools/bin/../lib/gcc/arm-none-eabi/10.3.1/../../../../arm-none-eabi/lib/thumb/v7-m/nofp\libc_nano.a(lib_a-dtoa.o)
 .text._dtoa_r  0x000000000800ca78      0xbdc c:/st/stm32cubeide_1.7.0/stm32cubeide/plugins/com.st.stm32cube.ide.mcu.externaltools.gnu-tools-for-stm32.10.3-2021.10.win32_1.0.200.202301161003/tools/bin/../lib/gcc/arm-none-eabi/10.3.1/../../../../arm-none-eabi/lib/thumb/v7-m/nofp\libc_nano.a(lib_a-dtoa.o)
                0x000000000800ca78                _dtoa_r
 .text.rshift   0x000000000800d654       0xa6 c:/st/stm32cubeide_1.7.0/stm32cubeide/plugins/com.st.stm32cube.ide.mcu.externaltools.gnu-tools-for-stm32.10.3-2021.10.win32_1.0.200.202301161003/tools/bin/../lib/gcc/arm-none-eabi/10.3.1/../../../../arm-none-eabi/lib/thumb/v7-m/nofp\libc_nano.a(lib_a-gdtoa-gethex.o)
 .text.__hexdig_fun
                0x000000000800d6fa       0x2a c:/st/stm32cubeide_1.7.0/stm32cubeide/plugins/com.st.stm32cube.ide.mcu.externaltools.gnu-tools-for-stm32.10.3-2021.10.win32_1.0.200.202301161003/tools/bin/../lib/gcc/arm-none-eabi/10.3.1/../../../../arm-none-eabi/lib/thumb/v7-m/nofp\libc_nano.a(lib_a-gdtoa-gethex.o)
                0x000000000800d6fa                __hexdig_fun
 .text.__gethex
                0x000000000800d724      0x478 c:/st/stm32cubeide_1.7.0/stm32cubeide/plugins/com.st.stm32cube.ide.mcu.externaltools.gnu-tools-for-stm32.10.3-2021.10.win32_1.0.200.202301161003/tools/bin/../lib/gcc/arm-none-eabi/10.3.1/../../../../arm-none-eabi/lib/thumb/v7-m/nofp\libc_nano.a(lib_a-gdtoa-gethex.o)
                0x000000000800d724                __gethex
 .text.L_shift  0x000000000800db9c       0x24 c:/st/stm32cubeide_1.7.0/stm32cubeide/plugins/com.st.stm32cube.ide.mcu.externaltools.gnu-tools-for-stm32.10.3-2021.10.win32_1.0.200.202301161003/tools/bin/../lib/gcc/arm-none-eabi/10.3.1/../../../../arm-none-eabi/lib/thumb/v7-m/nofp\libc_nano.a(lib_a-gdtoa-hexnan.o)
 .text.__match  0x000000000800dbc0       0x28 c:/st/stm32cubeide_1.7.0/stm32cubeide/plugins/com.st.stm32cube.ide.mcu.externaltools.gnu-tools-for-stm32.10.3-2021.10.win32_1.0.200.202301161003/tools/bin/../lib/gcc/arm-none-eabi/10.3.1/../../../../arm-none-eabi/lib/thumb/v7-m/nofp\libc_nano.a(lib_a-gdtoa-hexnan.o)
                0x000000000800dbc0                __match
 .text.__hexnan
                0x000000000800dbe8      0x138 c:/st/stm32cubeide_1.7.0/stm32cubeide/plugins/com.st.stm32cube.ide.mcu.externaltools.gnu-tools-for-stm32.10.3-2021.10.win32_1.0.200.202301161003/tools/bin/../lib/gcc/arm-none-eabi/10.3.1/../../../../arm-none-eabi/lib/thumb/v7-m/nofp\libc_nano.a(lib_a-gdtoa-hexnan.o)
                0x000000000800dbe8                __hexnan
 .text._localeconv_r
                0x000000000800dd20        0x8 c:/st/stm32cubeide_1.7.0/stm32cubeide/plugins/com.st.stm32cube.ide.mcu.externaltools.gnu-tools-for-stm32.10.3-2021.10.win32_1.0.200.202301161003/tools/bin/../lib/gcc/arm-none-eabi/10.3.1/../../../../arm-none-eabi/lib/thumb/v7-m/nofp\libc_nano.a(lib_a-localeconv.o)
                0x000000000800dd20                _localeconv_r
 .text.__ascii_mbtowc
                0x000000000800dd28       0x24 c:/st/stm32cubeide_1.7.0/stm32cubeide/plugins/com.st.stm32cube.ide.mcu.externaltools.gnu-tools-for-stm32.10.3-2021.10.win32_1.0.200.202301161003/tools/bin/../lib/gcc/arm-none-eabi/10.3.1/../../../../arm-none-eabi/lib/thumb/v7-m/nofp\libc_nano.a(lib_a-mbtowc_r.o)
                0x000000000800dd28                __ascii_mbtowc
 .text.memchr   0x000000000800dd4c       0x1c c:/st/stm32cubeide_1.7.0/stm32cubeide/plugins/com.st.stm32cube.ide.mcu.externaltools.gnu-tools-for-stm32.10.3-2021.10.win32_1.0.200.202301161003/tools/bin/../lib/gcc/arm-none-eabi/10.3.1/../../../../arm-none-eabi/lib/thumb/v7-m/nofp\libc_nano.a(lib_a-memchr-stub.o)
                0x000000000800dd4c                memchr
 .text.memcpy   0x000000000800dd68       0x1c c:/st/stm32cubeide_1.7.0/stm32cubeide/plugins/com.st.stm32cube.ide.mcu.externaltools.gnu-tools-for-stm32.10.3-2021.10.win32_1.0.200.202301161003/tools/bin/../lib/gcc/arm-none-eabi/10.3.1/../../../../arm-none-eabi/lib/thumb/v7-m/nofp\libc_nano.a(lib_a-memcpy-stub.o)
                0x000000000800dd68                memcpy
 .text.__malloc_lock
                0x000000000800dd84        0xc c:/st/stm32cubeide_1.7.0/stm32cubeide/plugins/com.st.stm32cube.ide.mcu.externaltools.gnu-tools-for-stm32.10.3-2021.10.win32_1.0.200.202301161003/tools/bin/../lib/gcc/arm-none-eabi/10.3.1/../../../../arm-none-eabi/lib/thumb/v7-m/nofp\libc_nano.a(lib_a-mlock.o)
                0x000000000800dd84                __malloc_lock
 .text.__malloc_unlock
                0x000000000800dd90        0xc c:/st/stm32cubeide_1.7.0/stm32cubeide/plugins/com.st.stm32cube.ide.mcu.externaltools.gnu-tools-for-stm32.10.3-2021.10.win32_1.0.200.202301161003/tools/bin/../lib/gcc/arm-none-eabi/10.3.1/../../../../arm-none-eabi/lib/thumb/v7-m/nofp\libc_nano.a(lib_a-mlock.o)
                0x000000000800dd90                __malloc_unlock
 .text._Balloc  0x000000000800dd9c       0x80 c:/st/stm32cubeide_1.7.0/stm32cubeide/plugins/com.st.stm32cube.ide.mcu.externaltools.gnu-tools-for-stm32.10.3-2021.10.win32_1.0.200.202301161003/tools/bin/../lib/gcc/arm-none-eabi/10.3.1/../../../../arm-none-eabi/lib/thumb/v7-m/nofp\libc_nano.a(lib_a-mprec.o)
                0x000000000800dd9c                _Balloc
 .text._Bfree   0x000000000800de1c       0x44 c:/st/stm32cubeide_1.7.0/stm32cubeide/plugins/com.st.stm32cube.ide.mcu.externaltools.gnu-tools-for-stm32.10.3-2021.10.win32_1.0.200.202301161003/tools/bin/../lib/gcc/arm-none-eabi/10.3.1/../../../../arm-none-eabi/lib/thumb/v7-m/nofp\libc_nano.a(lib_a-mprec.o)
                0x000000000800de1c                _Bfree
 .text.__multadd
                0x000000000800de60       0x8c c:/st/stm32cubeide_1.7.0/stm32cubeide/plugins/com.st.stm32cube.ide.mcu.externaltools.gnu-tools-for-stm32.10.3-2021.10.win32_1.0.200.202301161003/tools/bin/../lib/gcc/arm-none-eabi/10.3.1/../../../../arm-none-eabi/lib/thumb/v7-m/nofp\libc_nano.a(lib_a-mprec.o)
                0x000000000800de60                __multadd
 .text.__s2b    0x000000000800deec       0x94 c:/st/stm32cubeide_1.7.0/stm32cubeide/plugins/com.st.stm32cube.ide.mcu.externaltools.gnu-tools-for-stm32.10.3-2021.10.win32_1.0.200.202301161003/tools/bin/../lib/gcc/arm-none-eabi/10.3.1/../../../../arm-none-eabi/lib/thumb/v7-m/nofp\libc_nano.a(lib_a-mprec.o)
                0x000000000800deec                __s2b
 .text.__hi0bits
                0x000000000800df80       0x40 c:/st/stm32cubeide_1.7.0/stm32cubeide/plugins/com.st.stm32cube.ide.mcu.externaltools.gnu-tools-for-stm32.10.3-2021.10.win32_1.0.200.202301161003/tools/bin/../lib/gcc/arm-none-eabi/10.3.1/../../../../arm-none-eabi/lib/thumb/v7-m/nofp\libc_nano.a(lib_a-mprec.o)
                0x000000000800df80                __hi0bits
 .text.__lo0bits
                0x000000000800dfc0       0x5a c:/st/stm32cubeide_1.7.0/stm32cubeide/plugins/com.st.stm32cube.ide.mcu.externaltools.gnu-tools-for-stm32.10.3-2021.10.win32_1.0.200.202301161003/tools/bin/../lib/gcc/arm-none-eabi/10.3.1/../../../../arm-none-eabi/lib/thumb/v7-m/nofp\libc_nano.a(lib_a-mprec.o)
                0x000000000800dfc0                __lo0bits
 *fill*         0x000000000800e01a        0x2 