../src/hw/deiver/hwtimer.c:52:6:timerInit	16	static
../src/hw/deiver/hwtimer.c:71:6:timerStop	32	static
../src/hw/deiver/hwtimer.c:90:6:timerSetPeriod	32	static
../src/hw/deiver/hwtimer.c:119:6:timerAttachInterrupt	24	static
../src/hw/deiver/hwtimer.c:142:6:timerDetachInterrupt	24	static
../src/hw/deiver/hwtimer.c:162:6:timerStart	32	static
../src/hw/deiver/hwtimer.c:215:6:timerCallback	32	static
../src/hw/deiver/hwtimer.c:236:6:HAL_TIM_OC_DelayElapsedCallback	16	static
../src/hw/deiver/hwtimer.c:241:6:HAL_TIM_Base_MspInit	24	static
../src/hw/deiver/hwtimer.c:252:6:HAL_TIM_Base_MspDeInit	16	static
../src/hw/deiver/hwtimer.c:260:6:HAL_TIM_OC_MspInit	24	static
../src/hw/deiver/hwtimer.c:277:6:HAL_TIM_OC_MspDeInit	16	static
../src/hw/deiver/hwtimer.c:296:6:TIM4_IRQHandler	8	static
