../src/lib/stm32f207_cube/USB_DEVICE/App/usbd_cdc_if.c:50:10:cdcAvailable	16	static
../src/lib/stm32f207_cube/USB_DEVICE/App/usbd_cdc_if.c:60:9:USBD_CDC_SOF	32	static
../src/lib/stm32f207_cube/USB_DEVICE/App/usbd_cdc_if.c:88:9:cdcRead	16	static
../src/lib/stm32f207_cube/USB_DEVICE/App/usbd_cdc_if.c:106:6:cdcDataIn	24	static
../src/lib/stm32f207_cube/USB_DEVICE/App/usbd_cdc_if.c:128:10:cdcWrite	24	static
../src/lib/stm32f207_cube/USB_DEVICE/App/usbd_cdc_if.c:156:10:cdcGetBaud	4	static
../src/lib/stm32f207_cube/USB_DEVICE/App/usbd_cdc_if.c:285:15:CDC_Init_FS	8	static
../src/lib/stm32f207_cube/USB_DEVICE/App/usbd_cdc_if.c:299:15:CDC_DeInit_FS	4	static
../src/lib/stm32f207_cube/USB_DEVICE/App/usbd_cdc_if.c:313:15:CDC_Control_FS	16	static
../src/lib/stm32f207_cube/USB_DEVICE/App/usbd_cdc_if.c:406:15:CDC_Receive_FS	32	static
../src/lib/stm32f207_cube/USB_DEVICE/App/usbd_cdc_if.c:449:9:CDC_Transmit_FS	24	static
