../src/hw/deiver/cmdif.c:42:6:cmdifInit	16	static
../src/hw/deiver/cmdif.c:72:6:cmdifIsInit	4	static
../src/hw/deiver/cmdif.c:77:6:cmdifOpen	16	static
../src/hw/deiver/cmdif.c:85:6:cmdifLoop	8	static
../src/hw/deiver/cmdif.c:100:6:cmdifMain	544	static
../src/hw/deiver/cmdif.c:148:6:cmdifAdd	24	static
../src/hw/deiver/cmdif.c:170:6:cmdifCmdExit	8	static
../src/hw/deiver/cmdif.c:177:6:cmdifCmdShowList	16	static
../src/hw/deiver/cmdif.c:191:6:cmdifCmdMemoryDump	48	static
../src/hw/deiver/cmdif.c:250:6:cmdifCmdMemoryWrite32	32	static
../src/hw/deiver/cmdif.c:275:6:cmdifResetBuffer	8	static
../src/hw/deiver/cmdif.c:284:6:cmdifPrint	16	static
../src/hw/deiver/cmdif.c:289:6:cmdifPrintf	16	static
../src/hw/deiver/cmdif.c:303:6:cmdifPutch	16	static
../src/hw/deiver/cmdif.c:308:9:cmdifGetch	8	static
../src/hw/deiver/cmdif.c:313:10:cmdifRxAvailable	8	static
../src/hw/deiver/cmdif.c:318:9:cmdifReadByte	24	static
../src/hw/deiver/cmdif.c:331:5:parseCommandArgs	24	static
../src/hw/deiver/cmdif.c:347:5:cmdifGetCmdString	32	static
../src/hw/deiver/cmdif.c:387:6:upperStr	24	static
../src/hw/deiver/cmdif.c:392:6:cmdifHasString	16	static
../src/hw/deiver/cmdif.c:407:15:cmdifGetParam	16	static
../src/hw/deiver/cmdif.c:418:10:cmdifGetParamCnt	4	static
