Archive member included to satisfy reference by file (symbol)

c:/st/stm32cubeide_1.7.0/stm32cubeide/plugins/com.st.stm32cube.ide.mcu.externaltools.gnu-tools-for-stm32.10.3-2021.10.win32_1.0.200.202301161003/tools/bin/../lib/gcc/arm-none-eabi/10.3.1/../../../../arm-none-eabi/lib/thumb/v7-m/nofp\libc_nano.a(lib_a-ctype_.o)
                              ./src/hw/deiver/cmdif.o (_ctype_)
c:/st/stm32cubeide_1.7.0/stm32cubeide/plugins/com.st.stm32cube.ide.mcu.externaltools.gnu-tools-for-stm32.10.3-2021.10.win32_1.0.200.202301161003/tools/bin/../lib/gcc/arm-none-eabi/10.3.1/../../../../arm-none-eabi/lib/thumb/v7-m/nofp\libc_nano.a(lib_a-errno.o)
                              ./src/bsp/syscalls.o (__errno)
c:/st/stm32cubeide_1.7.0/stm32cubeide/plugins/com.st.stm32cube.ide.mcu.externaltools.gnu-tools-for-stm32.10.3-2021.10.win32_1.0.200.202301161003/tools/bin/../lib/gcc/arm-none-eabi/10.3.1/../../../../arm-none-eabi/lib/thumb/v7-m/nofp\libc_nano.a(lib_a-exit.o)
                              c:/st/stm32cubeide_1.7.0/stm32cubeide/plugins/com.st.stm32cube.ide.mcu.externaltools.gnu-tools-for-stm32.10.3-2021.10.win32_1.0.200.202301161003/tools/bin/../lib/gcc/arm-none-eabi/10.3.1/../../../../arm-none-eabi/lib/thumb/v7-m/nofp/crt0.o (exit)
c:/st/stm32cubeide_1.7.0/stm32cubeide/plugins/com.st.stm32cube.ide.mcu.externaltools.gnu-tools-for-stm32.10.3-2021.10.win32_1.0.200.202301161003/tools/bin/../lib/gcc/arm-none-eabi/10.3.1/../../../../arm-none-eabi/lib/thumb/v7-m/nofp\libc_nano.a(lib_a-impure.o)
                              c:/st/stm32cubeide_1.7.0/stm32cubeide/plugins/com.st.stm32cube.ide.mcu.externaltools.gnu-tools-for-stm32.10.3-2021.10.win32_1.0.200.202301161003/tools/bin/../lib/gcc/arm-none-eabi/10.3.1/../../../../arm-none-eabi/lib/thumb/v7-m/nofp\libc_nano.a(lib_a-exit.o) (_global_impure_ptr)
c:/st/stm32cubeide_1.7.0/stm32cubeide/plugins/com.st.stm32cube.ide.mcu.externaltools.gnu-tools-for-stm32.10.3-2021.10.win32_1.0.200.202301161003/tools/bin/../lib/gcc/arm-none-eabi/10.3.1/../../../../arm-none-eabi/lib/thumb/v7-m/nofp\libc_nano.a(lib_a-init.o)
                              c:/st/stm32cubeide_1.7.0/stm32cubeide/plugins/com.st.stm32cube.ide.mcu.externaltools.gnu-tools-for-stm32.10.3-2021.10.win32_1.0.200.202301161003/tools/bin/../lib/gcc/arm-none-eabi/10.3.1/../../../../arm-none-eabi/lib/thumb/v7-m/nofp/crt0.o (__libc_init_array)
c:/st/stm32cubeide_1.7.0/stm32cubeide/plugins/com.st.stm32cube.ide.mcu.externaltools.gnu-tools-for-stm32.10.3-2021.10.win32_1.0.200.202301161003/tools/bin/../lib/gcc/arm-none-eabi/10.3.1/../../../../arm-none-eabi/lib/thumb/v7-m/nofp\libc_nano.a(lib_a-malloc.o)
                              ./src/lib/stm32f207_cube/Middlewares/ST/STM32_USB_Device_Library/Class/CDC/Src/usbd_cdc.o (malloc)
c:/st/stm32cubeide_1.7.0/stm32cubeide/plugins/com.st.stm32cube.ide.mcu.externaltools.gnu-tools-for-stm32.10.3-2021.10.win32_1.0.200.202301161003/tools/bin/../lib/gcc/arm-none-eabi/10.3.1/../../../../arm-none-eabi/lib/thumb/v7-m/nofp\libc_nano.a(lib_a-memset.o)
                              c:/st/stm32cubeide_1.7.0/stm32cubeide/plugins/com.st.stm32cube.ide.mcu.externaltools.gnu-tools-for-stm32.10.3-2021.10.win32_1.0.200.202301161003/tools/bin/../lib/gcc/arm-none-eabi/10.3.1/../../../../arm-none-eabi/lib/thumb/v7-m/nofp/crt0.o (memset)
c:/st/stm32cubeide_1.7.0/stm32cubeide/plugins/com.st.stm32cube.ide.mcu.externaltools.gnu-tools-for-stm32.10.3-2021.10.win32_1.0.200.202301161003/tools/bin/../lib/gcc/arm-none-eabi/10.3.1/../../../../arm-none-eabi/lib/thumb/v7-m/nofp\libc_nano.a(lib_a-nano-freer.o)
                              c:/st/stm32cubeide_1.7.0/stm32cubeide/plugins/com.st.stm32cube.ide.mcu.externaltools.gnu-tools-for-stm32.10.3-2021.10.win32_1.0.200.202301161003/tools/bin/../lib/gcc/arm-none-eabi/10.3.1/../../../../arm-none-eabi/lib/thumb/v7-m/nofp\libc_nano.a(lib_a-malloc.o) (_free_r)
c:/st/stm32cubeide_1.7.0/stm32cubeide/plugins/com.st.stm32cube.ide.mcu.externaltools.gnu-tools-for-stm32.10.3-2021.10.win32_1.0.200.202301161003/tools/bin/../lib/gcc/arm-none-eabi/10.3.1/../../../../arm-none-eabi/lib/thumb/v7-m/nofp\libc_nano.a(lib_a-nano-mallocr.o)
                              c:/st/stm32cubeide_1.7.0/stm32cubeide/plugins/com.st.stm32cube.ide.mcu.externaltools.gnu-tools-for-stm32.10.3-2021.10.win32_1.0.200.202301161003/tools/bin/../lib/gcc/arm-none-eabi/10.3.1/../../../../arm-none-eabi/lib/thumb/v7-m/nofp\libc_nano.a(lib_a-malloc.o) (_malloc_r)
c:/st/stm32cubeide_1.7.0/stm32cubeide/plugins/com.st.stm32cube.ide.mcu.externaltools.gnu-tools-for-stm32.10.3-2021.10.win32_1.0.200.202301161003/tools/bin/../lib/gcc/arm-none-eabi/10.3.1/../../../../arm-none-eabi/lib/thumb/v7-m/nofp\libc_nano.a(lib_a-nano-vfprintf_float.o)
                              (_printf_float)
[...]
Memory Configuration

Name             Origin             Length             Attributes
RAM              0x0000000020000000 0x0000000000020000 xrw
FLASH            0x0000000008000000 0x0000000000100000 xr
*default*        0x0000000000000000 0xffffffffffffffff

Linker script and memory map

LOAD c:/st/stm32cubeide_1.7.0/stm32cubeide/plugins/com.st.stm32cube.ide.mcu.externaltools.gnu-tools-for-stm32.10.3-2021.10.win32_1.0.200.202301161003/tools/bin/../lib/gcc/arm-none-eabi/10.3.1/thumb/v7-m/nofp/crti.o
LOAD c:/st/stm32cubeide_1.7.0/stm32cubeide/plugins/com.st.stm32cube.ide.mcu.externaltools.gnu-tools-for-stm32.10.3-2021.10.win32_1.0.200.202301161003/tools/bin/../lib/gcc/arm-none-eabi/10.3.1/thumb/v7-m/nofp/crtbegin.o
LOAD c:/st/stm32cubeide_1.7.0/stm32cubeide/plugins/com.st.stm32cube.ide.mcu.externaltools.gnu-tools-for-stm32.10.3-2021.10.win32_1.0.200.202301161003/tools/bin/../lib/gcc/arm-none-eabi/10.3.1/../../../../arm-none-eabi/lib/thumb/v7-m/nofp/crt0.o
LOAD ./.metadata/.plugins/org.eclipse.cdt.make.core/specs.o
LOAD ./.metadata/.plugins/org.eclipse.cdt.managedbuilder.core/spec.o
LOAD ./src/ap/ap.o
LOAD ./src/bsp/bsp.o
LOAD ./src/bsp/stm32f2xx_hal_msp.o
LOAD ./src/bsp/stm32f2xx_it.o
LOAD ./src/bsp/syscalls.o
LOAD ./src/bsp/sysmem.o
LOAD ./src/bsp/system_stm32f2xx.o
LOAD ./src/bsp/startup/startup_stm32f207ighx.o
LOAD ./src/common/core/qbuffer.o
LOAD ./src/hw/deiver/button.o
LOAD ./src/hw/deiver/cdc.o
LOAD ./src/hw/deiver/cli.o
LOAD ./src/hw/deiver/cmdif.o
LOAD ./src/hw/deiver/flash.o
LOAD ./src/hw/deiver/hwtimer.o
LOAD ./src/hw/deiver/led.o
LOAD ./src/hw/deiver/uart.o
LOAD ./src/hw/hw.o
LOAD ./src/lib/stm32f207_cube/Drivers/STM32F2xx_HAL_Driver/Src/stm32f2xx_hal.o
LOAD ./src/lib/stm32f207_cube/Drivers/STM32F2xx_HAL_Driver/Src/stm32f2xx_hal_cortex.o
LOAD ./src/lib/stm32f207_cube/Drivers/STM32F2xx_HAL_Driver/Src/stm32f2xx_hal_dma.o
LOAD ./src/lib/stm32f207_cube/Drivers/STM32F2xx_HAL_Driver/Src/stm32f2xx_hal_dma_ex.o
LOAD ./src/lib/stm32f207_cube/Drivers/STM32F2xx_HAL_Driver/Src/stm32f2xx_hal_exti.o
LOAD ./src/lib/stm32f207_cube/Drivers/STM32F2xx_HAL_Driver/Src/stm32f2xx_hal_flash.o
LOAD ./src/lib/stm32f207_cube/Drivers/STM32F2xx_HAL_Driver/Src/stm32f2xx_hal_flash_ex.o
LOAD ./src/lib/stm32f207_cube/Drivers/STM32F2xx_HAL_Driver/Src/stm32f2xx_hal_gpio.o
LOAD ./src/lib/stm32f207_cube/Drivers/STM32F2xx_HAL_Driver/Src/stm32f2xx_hal_pcd.o
LOAD ./src/lib/stm32f207_cube/Drivers/STM32F2xx_HAL_Driver/Src/stm32f2xx_hal_pcd_ex.o
LOAD ./src/lib/stm32f207_cube/Drivers/STM32F2xx_HAL_Driver/Src/stm32f2xx_hal_pwr.o
LOAD ./src/lib/stm32f207_cube/Drivers/STM32F2xx_HAL_Driver/Src/stm32f2xx_hal_pwr_ex.o
LOAD ./src/lib/stm32f207_cube/Drivers/STM32F2xx_HAL_Driver/Src/stm32f2xx_hal_rcc.o
LOAD ./src/lib/stm32f207_cube/Drivers/STM32F2xx_HAL_Driver/Src/stm32f2xx_hal_rcc_ex.o
LOAD ./src/lib/stm32f207_cube/Drivers/STM32F2xx_HAL_Driver/Src/stm32f2xx_hal_tim.o
LOAD ./src/lib/stm32f207_cube/Drivers/STM32F2xx_HAL_Driver/Src/stm32f2xx_hal_tim_ex.o
LOAD ./src/lib/stm32f207_cube/Drivers/STM32F2xx_HAL_Driver/Src/stm32f2xx_hal_uart.o
LOAD ./src/lib/stm32f207_cube/Drivers/STM32F2xx_HAL_Driver/Src/stm32f2xx_ll_usb.o
LOAD ./src/lib/stm32f207_cube/Middlewares/ST/STM32_USB_Device_Library/Class/CDC/Src/usbd_cdc.o
LOAD ./src/lib/stm32f207_cube/Middlewares/ST/STM32_USB_Device_Library/Core/Src/usbd_core.o
LOAD ./src/lib/stm32f207_cube/Middlewares/ST/STM32_USB_Device_Library/Core/Src/usbd_ctlreq.o
LOAD ./src/lib/stm32f207_cube/Middlewares/ST/STM32_USB_Device_Library/Core/Src/usbd_ioreq.o
LOAD ./src/lib/stm32f207_cube/USB_DEVICE/App/usb_device.o
LOAD ./src/lib/stm32f207_cube/USB_DEVICE/App/usbd_cdc_if.o
LOAD ./src/lib/stm32f207_cube/USB_DEVICE/App/usbd_desc.o
LOAD ./src/lib/stm32f207_cube/USB_DEVICE/Target/usbd_conf.o
LOAD ./src/main.o
START GROUP
LOAD c:/st/stm32cubeide_1.7.0/stm32cubeide/plugins/com.st.stm32cube.ide.mcu.externaltools.gnu-tools-for-stm32.10.3-2021.10.win32_1.0.200.202301161003/tools/bin/../lib/gcc/arm-none-eabi/10.3.1/../../../../arm-none-eabi/lib/thumb/v7-m/nofp\libc_nano.a
LOAD c:/st/stm32cubeide_1.7.0/stm32cubeide/plugins/com.st.stm32cube.ide.mcu.externaltools.gnu-tools-for-stm32.10.3-2021.10.win32_1.0.200.202301161003/tools/bin/../lib/gcc/arm-none-eabi/10.3.1/../../../../arm-none-eabi/lib/thumb/v7-m/nofp\libm.a
END GROUP
START GROUP
LOAD c:/st/stm32cubeide_1.7.0/stm32cubeide/plugins/com.st.stm32cube.ide.mcu.externaltools.gnu-tools-for-stm32.10.3-2021.10.win32_1.0.200.202301161003/tools/bin/../lib/gcc/arm-none-eabi/10.3.1/thumb/v7-m/nofp\libgcc.a
LOAD c:/st/stm32cubeide_1.7.0/stm32cubeide/plugins/com.st.stm32cube.ide.mcu.externaltools.gnu-tools-for-stm32.10.3-2021.10.win32_1.0.200.202301161003/tools/bin/../lib/gcc/arm-none-eabi/10.3.1/../../../../arm-none-eabi/lib/thumb/v7-m/nofp\libc_nano.a
END GROUP
START GROUP
LOAD c:/st/stm32cubeide_1.7.0/stm32cubeide/plugins/com.st.stm32cube.ide.mcu.externaltools.gnu-tools-for-stm32.10.3-2021.10.win32_1.0.200.202301161003/tools/bin/../lib/gcc/arm-none-eabi/10.3.1/thumb/v7-m/nofp\libgcc.a
LOAD c:/st/stm32cubeide_1.7.0/stm32cubeide/plugins/com.st.stm32cube.ide.mcu.externaltools.gnu-tools-for-stm32.10.3-2021.10.win32_1.0.200.202301161003/tools/bin/../lib/gcc/arm-none-eabi/10.3.1/../../../../arm-none-eabi/lib/thumb/v7-m/nofp\libc_nano.a
LOAD c:/st/stm32cubeide_1.7.0/stm32cubeide/plugins/com.st.stm32cube.ide.mcu.externaltools.gnu-tools-for-stm32.10.3-2021.10.win32_1.0.200.202301161003/tools/bin/../lib/gcc/arm-none-eabi/10.3.1/../../../../arm-none-eabi/lib/thumb/v7-m/nofp\libnosys.a
END GROUP
START GROUP
LOAD c:/st/stm32cubeide_1.7.0/stm32cubeide/plugins/com.st.stm32cube.ide.mcu.externaltools.gnu-tools-for-stm32.10.3-2021.10.win32_1.0.200.202301161003/tools/bin/../lib/gcc/arm-none-eabi/10.3.1/thumb/v7-m/nofp\libgcc.a
LOAD c:/st/stm32cubeide_1.7.0/stm32cubeide/plugins/com.st.stm32cube.ide.mcu.externaltools.gnu-tools-for-stm32.10.3-2021.10.win32_1.0.200.202301161003/tools/bin/../lib/gcc/arm-none-eabi/10.3.1/../../../../arm-none-eabi/lib/thumb/v7-m/nofp\libc_nano.a
LOAD c:/st/stm32cubeide_1.7.0/stm32cubeide/plugins/com.st.stm32cube.ide.mcu.externaltools.gnu-tools-for-stm32.10.3-2021.10.win32_1.0.200.202301161003/tools/bin/../lib/gcc/arm-none-eabi/10.3.1/../../../../arm-none-eabi/lib/thumb/v7-m/nofp\libnosys.a
END GROUP
LOAD c:/st/stm32cubeide_1.7.0/stm32cubeide/plugins/com.st.stm32cube.ide.mcu.externaltools.gnu-tools-for-stm32.10.3-2021.10.win32_1.0.200.202301161003/tools/bin/../lib/gcc/arm-none-eabi/10.3.1/thumb/v7-m/nofp/crtend.o
LOAD c:/st/stm32cubeide_1.7.0/stm32cubeide/plugins/com.st.stm32cube.ide.mcu.externaltools.gnu-tools-for-stm32.10.3-2021.10.win32_1.0.200.202301161003/tools/bin/../lib/gcc/arm-none-eabi/10.3.1/thumb/v7-m/nofp/crtn.o
                0x0000000020020000                _estack = (ORIGIN (RAM) + LENGTH (RAM))
                0x0000000000000200                _Min_Heap_Size = 0x200
                0x0000000000000400                _Min_Stack_Size = 0x400

.isr_vector     0x0000000008000000      0x184
                0x0000000008000000                . = ALIGN (0x4)
 *(.isr_vector)
 .isr_vector    0x0000000008000000      0x184 ./src/bsp/startup/startup_stm32f207ighx.o
                0x0000000008000000                g_pfnVectors
                0x0000000008000184                . = ALIGN (0x4)

.text           0x0000000008000188     0xf77c
                0x0000000008000188                . = ALIGN (0x4)
 *(.text)
 .text          0x0000000008000188       0x40 c:/st/stm32cubeide_1.7.0/stm32cubeide/plugins/com.st.stm32cube.ide.mcu.externaltools.gnu-tools-for-stm32.10.3-2021.10.win32_1.0.200.202301161003/tools/bin/../lib/gcc/arm-none-eabi/10.3.1/thumb/v7-m/nofp/crtbegin.o
 .text          0x00000000080001c8       0x14 c:/st/stm32cubeide_1.7.0/stm32cubeide/plugins/com.st.stm32cube.ide.mcu.externaltools.gnu-tools-for-stm32.10.3-2021.10.win32_1.0.200.202301161003/tools/bin/../lib/gcc/arm-none-eabi/10.3.1/../../../../arm-none-eabi/lib/thumb/v7-m/nofp\libc_nano.a(lib_a-strcmp.o)
                0x00000000080001c8                strcmp
 .text          0x00000000080001dc       0x10 c:/st/stm32cubeide_1.7.0/stm32cubeide/plugins/com.st.stm32cube.ide.mcu.externaltools.gnu-tools-for-stm32.10.3-2021.10.win32_1.0.200.202301161003/tools/bin/../lib/gcc/arm-none-eabi/10.3.1/../../../../arm-none-eabi/lib/thumb/v7-m/nofp\libc_nano.a(lib_a-strlen.o)
                0x00000000080001dc                strlen
 .text          0x00000000080001ec      0x378 c:/st/stm32cubeide_1.7.0/stm32cubeide/plugins/com.st.stm32cube.ide.mcu.externaltools.gnu-tools-for-stm32.10.3-2021.10.win32_1.0.200.202301161003/tools/bin/../lib/gcc/arm-none-eabi/10.3.1/thumb/v7-m/nofp\libgcc.a(_arm_addsubdf3.o)
                0x00000000080001ec                __aeabi_drsub
                0x00000000080001f4                __aeabi_dsub
                0x00000000080001f4                __subdf3
                0x00000000080001f8                __aeabi_dadd
                0x00000000080001f8                __adddf3
                0x0000000008000470                __floatunsidf
                0x0000000008000470                __aeabi_ui2d
                0x0000000008000490                __floatsidf
                0x0000000008000490                __aeabi_i2d
                0x00000000080004b4                __aeabi_f2d
                0x00000000080004b4                __extendsfdf2
                0x00000000080004f8                __floatundidf
                0x00000000080004f8                __aeabi_ul2d
                0x0000000008000508                __floatdidf
                0x0000000008000508                __aeabi_l2d
 .text          0x0000000008000564      0x424 c:/st/stm32cubeide_1.7.0/stm32cubeide/plugins/com.st.stm32cube.ide.mcu.externaltools.gnu-tools-for-stm32.10.3-2021.10.win32_1.0.200.202301161003/tools/bin/../lib/gcc/arm-none-eabi/10.3.1/thumb/v7-m/nofp\libgcc.a(_arm_muldivdf3.o)
                0x0000000008000564                __aeabi_dmul
                0x0000000008000564                __muldf3
                0x00000000080007b8                __divdf3
                0x00000000080007b8                __aeabi_ddiv
 .text          0x0000000008000988      0x110 c:/st/stm32cubeide_1.7.0/stm32cubeide/plugins/com.st.stm32cube.ide.mcu.externaltools.gnu-tools-for-stm32.10.3-2021.10.win32_1.0.200.202301161003/tools/bin/../lib/gcc/arm-none-eabi/10.3.1/thumb/v7-m/nofp\libgcc.a(_arm_cmpdf2.o)
                0x0000000008000988                __gtdf2
                0x0000000008000988                __gedf2
                0x0000000008000990                __ltdf2
                0x0000000008000990                __ledf2
                0x0000000008000998                __nedf2
                0x0000000008000998                __eqdf2
                0x0000000008000998                __cmpdf2
                0x0000000008000a14                __aeabi_cdrcmple
                0x0000000008000a24                __aeabi_cdcmpeq
                0x0000000008000a24                __aeabi_cdcmple
                0x0000000008000a34                __aeabi_dcmpeq
                0x0000000008000a48                __aeabi_dcmplt
                0x0000000008000a5c                __aeabi_dcmple
                0x0000000008000a70                __aeabi_dcmpge
                0x0000000008000a84                __aeabi_dcmpgt
 .text          0x0000000008000a98       0x2c c:/st/stm32cubeide_1.7.0/stm32cubeide/plugins/com.st.stm32cube.ide.mcu.externaltools.gnu-tools-for-stm32.10.3-2021.10.win32_1.0.200.202301161003/tools/bin/../lib/gcc/arm-none-eabi/10.3.1/thumb/v7-m/nofp\libgcc.a(_arm_unorddf2.o)
                0x0000000008000a98                __unorddf2
                0x0000000008000a98                __aeabi_dcmpun
 .text          0x0000000008000ac4       0x50 c:/st/stm32cubeide_1.7.0/stm32cubeide/plugins/com.st.stm32cube.ide.mcu.externaltools.gnu-tools-for-stm32.10.3-2021.10.win32_1.0.200.202301161003/tools/bin/../lib/gcc/arm-none-eabi/10.3.1/thumb/v7-m/nofp\libgcc.a(_arm_fixdfsi.o)
                0x0000000008000ac4                __aeabi_d2iz
                0x0000000008000ac4                __fixdfsi
 .text          0x0000000008000b14       0x40 c:/st/stm32cubeide_1.7.0/stm32cubeide/plugins/com.st.stm32cube.ide.mcu.externaltools.gnu-tools-for-stm32.10.3-2021.10.win32_1.0.200.202301161003/tools/bin/../lib/gcc/arm-none-eabi/10.3.1/thumb/v7-m/nofp\libgcc.a(_arm_fixunsdfsi.o)
                0x0000000008000b14                __aeabi_d2uiz
                0x0000000008000b14                __fixunsdfsi
 .text          0x0000000008000b54       0xa0 c:/st/stm32cubeide_1.7.0/stm32cubeide/plugins/com.st.stm32cube.ide.mcu.externaltools.gnu-tools-for-stm32.10.3-2021.10.win32_1.0.200.202301161003/tools/bin/../lib/gcc/arm-none-eabi/10.3.1/thumb/v7-m/nofp\libgcc.a(_arm_truncdfsf2.o)
                0x0000000008000b54                __truncdfsf2
                0x0000000008000b54                __aeabi_d2f
 .text          0x0000000008000bf4       0xec c:/st/stm32cubeide_1.7.0/stm32cubeide/plugins/com.st.stm32cube.ide.mcu.externaltools.gnu-tools-for-stm32.10.3-2021.10.win32_1.0.200.202301161003/tools/bin/../lib/gcc/arm-none-eabi/10.3.1/thumb/v7-m/nofp\libgcc.a(_arm_cmpsf2.o)
                0x0000000008000bf4                __gesf2
                0x0000000008000bf4                __gtsf2
                0x0000000008000bfc                __lesf2
                0x0000000008000bfc                __ltsf2
                0x0000000008000c04                __nesf2
                0x0000000008000c04                __eqsf2
                0x0000000008000c04                __cmpsf2
                0x0000000008000c64                __aeabi_cfrcmple
                0x0000000008000c6c                __aeabi_cfcmpeq
                0x0000000008000c6c                __aeabi_cfcmple
                0x0000000008000c7c                __aeabi_fcmpeq
                0x0000000008000c90                __aeabi_fcmplt
                0x0000000008000ca4                __aeabi_fcmple
                0x0000000008000cb8                __aeabi_fcmpge
                0x0000000008000ccc                __aeabi_fcmpgt
 .text          0x0000000008000ce0       0x2c c:/st/stm32cubeide_1.7.0/stm32cubeide/plugins/com.st.stm32cube.ide.mcu.externaltools.gnu-tools-for-stm32.10.3-2021.10.win32_1.0.200.202301161003/tools/bin/../lib/gcc/arm-none-eabi/10.3.1/thumb/v7-m/nofp\libgcc.a(_arm_unordsf2.o)
                0x0000000008000ce0                __unordsf2
                0x0000000008000ce0                __aeabi_fcmpun
 .text          0x0000000008000d0c       0x30 c:/st/stm32cubeide_1.7.0/stm32cubeide/plugins/com.st.stm32cube.ide.mcu.externaltools.gnu-tools-for-stm32.10.3-2021.10.win32_1.0.200.202301161003/tools/bin/../lib/gcc/arm-none-eabi/10.3.1/thumb/v7-m/nofp\libgcc.a(_aeabi_uldivmod.o)
                0x0000000008000d0c                __aeabi_uldivmod
 .text          0x0000000008000d3c       0x34 c:/st/stm32cubeide_1.7.0/stm32cubeide/plugins/com.st.stm32cube.ide.mcu.externaltools.gnu-tools-for-stm32.10.3-2021.10.win32_1.0.200.202301161003/tools/bin/../lib/gcc/arm-none-eabi/10.3.1/thumb/v7-m/nofp\libgcc.a(_fixdfdi.o)
                0x0000000008000d3c                __fixdfdi
                0x0000000008000d3c                __aeabi_d2lz
 .text          0x0000000008000d70       0x3c c:/st/stm32cubeide_1.7.0/stm32cubeide/plugins/com.st.stm32cube.ide.mcu.externaltools.gnu-tools-for-stm32.10.3-2021.10.win32_1.0.200.202301161003/tools/bin/../lib/gcc/arm-none-eabi/10.3.1/thumb/v7-m/nofp\libgcc.a(_fixunsdfdi.o)
                0x0000000008000d70                __fixunsdfdi
                0x0000000008000d70                __aeabi_d2ulz
 .text          0x0000000008000dac      0x2d4 c:/st/stm32cubeide_1.7.0/stm32cubeide/plugins/com.st.stm32cube.ide.mcu.externaltools.gnu-tools-for-stm32.10.3-2021.10.win32_1.0.200.202301161003/tools/bin/../lib/gcc/arm-none-eabi/10.3.1/thumb/v7-m/nofp\libgcc.a(_udivmoddi4.o)
                0x0000000008000dac                __udivmoddi4
 .text          0x0000000008001080        0x4 c:/st/stm32cubeide_1.7.0/stm32cubeide/plugins/com.st.stm32cube.ide.mcu.externaltools.gnu-tools-for-stm32.10.3-2021.10.win32_1.0.200.202301161003/tools/bin/../lib/gcc/arm-none-eabi/10.3.1/thumb/v7-m/nofp\libgcc.a(_dvmd_tls.o)
                0x0000000008001080                __aeabi_idiv0
                0x0000000008001080                __aeabi_ldiv0
 *(.text*)
 .text.apInit   0x0000000008001084       0x12 ./src/ap/ap.o
                0x0000000008001084                apInit
 .text.apMain   0x0000000008001096        0xa ./src/ap/ap.o
                0x0000000008001096                apMain
 .text.bspInit  0x00000000080010a0       0xd4 ./src/bsp/bsp.o
                0x00000000080010a0                bspInit
 .text.delay    0x0000000008001174       0x16 ./src/bsp/bsp.o
                0x0000000008001174                delay
 .text.__io_putchar
                0x000000000800118a       0x1e ./src/bsp/bsp.o
                0x000000000800118a                __io_putchar
 .text.millis   0x00000000080011a8        0xe ./src/bsp/bsp.o
                0x00000000080011a8                millis
 .text.SystemClock_Config
                0x00000000080011b6       0x8c ./src/bsp/bsp.o
                0x00000000080011b6                SystemClock_Config
 .text.Error_Handler
                0x0000000008001242        0xa ./src/bsp/bsp.o
                0x0000000008001242                Error_Handler
 .text.HAL_MspInit
                0x000000000800124c       0x4c ./src/bsp/stm32f2xx_hal_msp.o
                0x000000000800124c                HAL_MspInit
 .text.NMI_Handler
                0x0000000008001298        0x6 ./src/bsp/stm32f2xx_it.o
                0x0000000008001298                NMI_Handler
 .text.HardFault_Handler
                0x000000000800129e        0x6 ./src/bsp/stm32f2xx_it.o
                0x000000000800129e                HardFault_Handler
 .text.MemManage_Handler
                0x00000000080012a4        0x6 ./src/bsp/stm32f2xx_it.o
                0x00000000080012a4                MemManage_Handler
 .text.BusFault_Handler
                0x00000000080012aa        0x6 ./src/bsp/stm32f2xx_it.o
                0x00000000080012aa                BusFault_Handler
 .text.UsageFault_Handler
                0x00000000080012b0        0x6 ./src/bsp/stm32f2xx_it.o
                0x00000000080012b0                UsageFault_Handler
 .text.SVC_Handler
                0x00000000080012b6        0xc ./src/bsp/stm32f2xx_it.o
                0x00000000080012b6                SVC_Handler
 .text.DebugMon_Handler
                0x00000000080012c2        0xc ./src/bsp/stm32f2xx_it.o
                0x00000000080012c2                DebugMon_Handler
 .text.PendSV_Handler
                0x00000000080012ce        0xc ./src/bsp/stm32f2xx_it.o
                0x00000000080012ce                PendSV_Handler
 .text.SysTick_Handler
                0x00000000080012da        0xc ./src/bsp/stm32f2xx_it.o
                0x00000000080012da                SysTick_Handler
 *fill*         0x00000000080012e6        0x2 
 .text.DMA1_Stream1_IRQHandler
                0x00000000080012e8       0x14 ./src/bsp/stm32f2xx_it.o
                0x00000000080012e8                DMA1_Stream1_IRQHandler
 .text.USART3_IRQHandler
                0x00000000080012fc       0x14 ./src/bsp/stm32f2xx_it.o
                0x00000000080012fc                USART3_IRQHandler
 .text.OTG_FS_IRQHandler
                0x0000000008001310       0x14 ./src/bsp/stm32f2xx_it.o
                0x0000000008001310                OTG_FS_IRQHandler
 .text._getpid  0x0000000008001324        0xe ./src/bsp/syscalls.o
                0x0000000008001324                _getpid
 .text._kill    0x0000000008001332       0x20 ./src/bsp/syscalls.o
                0x0000000008001332                _kill
 .text._exit    0x0000000008001352       0x14 ./src/bsp/syscalls.o
                0x0000000008001352                _exit
 .text._read    0x0000000008001366       0x3a ./src/bsp/syscalls.o
                0x0000000008001366                _read
 .text._write   0x00000000080013a0       0x38 ./src/bsp/syscalls.o
                0x00000000080013a0                _write
 .text._close   0x00000000080013d8       0x16 ./src/bsp/syscalls.o
                0x00000000080013d8                _close
 .text._fstat   0x00000000080013ee       0x1e ./src/bsp/syscalls.o
                0x00000000080013ee                _fstat
 .text._isatty  0x000000000800140c       0x14 ./src/bsp/syscalls.o
                0x000000000800140c                _isatty
 .text._lseek   0x0000000008001420       0x18 ./src/bsp/syscalls.o
                0x0000000008001420                _lseek
 .text._sbrk    0x0000000008001438       0x6c ./src/bsp/sysmem.o
                0x0000000008001438                _sbrk
 .text.SystemInit
                0x00000000080014a4        0xc ./src/bsp/system_stm32f2xx.o
                0x00000000080014a4                SystemInit
 .text.Reset_Handler
                0x00000000080014b0       0x50 ./src/bsp/startup/startup_stm32f207ighx.o
                0x00000000080014b0                Reset_Handler
 .text.Default_Handler
                0x0000000008001500        0x2 ./src/bsp/startup/startup_stm32f207ighx.o
                0x0000000008001500                RTC_Alarm_IRQHandler
                0x0000000008001500                HASH_RNG_IRQHandler
                0x0000000008001500                EXTI2_IRQHandler
                0x0000000008001500                TIM8_CC_IRQHandler
                0x0000000008001500                TIM1_CC_IRQHandler
                0x0000000008001500                DMA2_Stream5_IRQHandler
                0x0000000008001500                DMA1_Stream5_IRQHandler
                0x0000000008001500                PVD_IRQHandler
                0x0000000008001500                SDIO_IRQHandler
                0x0000000008001500                TAMP_STAMP_IRQHandler
                0x0000000008001500                CAN2_RX1_IRQHandler
                0x0000000008001500                EXTI3_IRQHandler
                0x0000000008001500                TIM8_TRG_COM_TIM14_IRQHandler
                0x0000000008001500                TIM1_UP_TIM10_IRQHandler
                0x0000000008001500                TIM8_UP_TIM13_IRQHandler
                0x0000000008001500                I2C3_ER_IRQHandler
                0x0000000008001500                EXTI0_IRQHandler
                0x0000000008001500                I2C2_EV_IRQHandler
                0x0000000008001500                DMA1_Stream2_IRQHandler
                0x0000000008001500                CAN1_RX0_IRQHandler
                0x0000000008001500                OTG_HS_WKUP_IRQHandler
                0x0000000008001500                CAN2_SCE_IRQHandler
                0x0000000008001500                DMA2_Stream2_IRQHandler
                0x0000000008001500                SPI1_IRQHandler
                0x0000000008001500                TIM6_DAC_IRQHandler
                0x0000000008001500                TIM1_BRK_TIM9_IRQHandler
                0x0000000008001500                DCMI_IRQHandler
                0x0000000008001500                CAN2_RX0_IRQHandler
                0x0000000008001500                DMA2_Stream3_IRQHandler
                0x0000000008001500                USART6_IRQHandler
                0x0000000008001500                CAN1_RX1_IRQHandler
                0x0000000008001500                UART5_IRQHandler
                0x0000000008001500                DMA2_Stream0_IRQHandler
                0x0000000008001500                I2C1_EV_IRQHandler
                0x0000000008001500                DMA1_Stream6_IRQHandler
                0x0000000008001500                UART4_IRQHandler
                0x0000000008001500                TIM3_IRQHandler
                0x0000000008001500                RCC_IRQHandler
                0x0000000008001500                TIM8_BRK_TIM12_IRQHandler
                0x0000000008001500                Default_Handler
                0x0000000008001500                EXTI15_10_IRQHandler
                0x0000000008001500                ADC_IRQHandler
                0x0000000008001500                DMA1_Stream7_IRQHandler
                0x0000000008001500                TIM7_IRQHandler
                0x0000000008001500                CAN2_TX_IRQHandler
                0x0000000008001500                TIM5_IRQHandler
                0x0000000008001500                DMA2_Stream7_IRQHandler
                0x0000000008001500                I2C3_EV_IRQHandler
                0x0000000008001500                EXTI9_5_IRQHandler
                0x0000000008001500                RTC_WKUP_IRQHandler
                0x0000000008001500                ETH_WKUP_IRQHandler
                0x0000000008001500                SPI2_IRQHandler
                0x0000000008001500                OTG_HS_EP1_IN_IRQHandler
                0x0000000008001500                DMA1_Stream0_IRQHandler
                0x0000000008001500                CAN1_TX_IRQHandler
                0x0000000008001500                EXTI4_IRQHandler
                0x0000000008001500                FSMC_IRQHandler
                0x0000000008001500                ETH_IRQHandler
                0x0000000008001500                OTG_HS_EP1_OUT_IRQHandler
                0x0000000008001500                WWDG_IRQHandler
                0x0000000008001500                TIM2_IRQHandler
                0x0000000008001500                OTG_FS_WKUP_IRQHandler
                0x0000000008001500                TIM1_TRG_COM_TIM11_IRQHandler
                0x0000000008001500                OTG_HS_IRQHandler
                0x0000000008001500                EXTI1_IRQHandler
                0x0000000008001500                USART2_IRQHandler
                0x0000000008001500                I2C2_ER_IRQHandler
                0x0000000008001500                DMA2_Stream1_IRQHandler
                0x0000000008001500                CAN1_SCE_IRQHandler
                0x0000000008001500                FLASH_IRQHandler
                0x0000000008001500                DMA2_Stream4_IRQHandler
                0x0000000008001500                USART1_IRQHandler
                0x0000000008001500                SPI3_IRQHandler
                0x0000000008001500                DMA1_Stream4_IRQHandler
                0x0000000008001500                I2C1_ER_IRQHandler
                0x0000000008001500                DMA2_Stream6_IRQHandler
                0x0000000008001500                DMA1_Stream3_IRQHandler
 .text.qbufferCreate
                0x0000000008001502       0x34 ./src/common/core/qbuffer.o
                0x0000000008001502                qbufferCreate
 .text.qbufferRead
                0x0000000008001536       0x78 ./src/common/core/qbuffer.o
                0x0000000008001536                qbufferRead
 .text.qbufferAvailable
                0x00000000080015ae       0x2e ./src/common/core/qbuffer.o
                0x00000000080015ae                qbufferAvailable
 .text.buttonInit
                0x00000000080015dc       0xc4 ./src/hw/deiver/button.o
                0x00000000080015dc                buttonInit
 .text.buttonCmdif
                0x00000000080016a0       0x78 ./src/hw/deiver/button.o
                0x00000000080016a0                buttonCmdif
 .text.buttonGetPressed
                0x0000000008001718       0x5c ./src/hw/deiver/button.o
                0x0000000008001718                buttonGetPressed
 .text.cdcInit  0x0000000008001774       0x16 ./src/hw/deiver/cdc.o
                0x0000000008001774                cdcInit
 *fill*         0x000000000800178a        0x2 
 .text.cliInit  0x000000000800178c       0x98 ./src/hw/deiver/cli.o
                0x000000000800178c                cliInit
 .text.cliLineClean
                0x0000000008001824       0x32 ./src/hw/deiver/cli.o
 *fill*         0x0000000008001856        0x2 
 .text.cliPrintf
                0x0000000008001858       0x48 ./src/hw/deiver/cli.o
                0x0000000008001858                cliPrintf
 .text.cliToUpper
                0x00000000080018a0       0x66 ./src/hw/deiver/cli.o
 *fill*         0x0000000008001906        0x2 
 .text.cliArgsGetData
                0x0000000008001908       0x50 ./src/hw/deiver/cli.o
 .text.cliArgsGetFloat
                0x0000000008001958       0x50 ./src/hw/deiver/cli.o
 .text.cliArgsGetStr
                0x00000000080019a8       0x44 ./src/hw/deiver/cli.o
 .text.cliArgsIsStr
                0x00000000080019ec       0x54 ./src/hw/deiver/cli.o
 .text.cliKeepLoop
                0x0000000008001a40       0x2c ./src/hw/deiver/cli.o
                0x0000000008001a40                cliKeepLoop
 .text.cliAdd   0x0000000008001a6c       0x94 ./src/hw/deiver/cli.o
                0x0000000008001a6c                cliAdd
 .text.cliShowList
                0x0000000008001b00       0x70 ./src/hw/deiver/cli.o
                0x0000000008001b00                cliShowList
 .text.cliMemoryDump
                0x0000000008001b70      0x144 ./src/hw/deiver/cli.o
                0x0000000008001b70                cliMemoryDump
 .text.cmdifInit
                0x0000000008001cb4       0xb0 ./src/hw/deiver/cmdif.o
                0x0000000008001cb4                cmdifInit
 .text.cmdifOpen
                0x0000000008001d64       0x30 ./src/hw/deiver/cmdif.o
                0x0000000008001d64                cmdifOpen
 .text.cmdifMain
                0x0000000008001d94      0x148 ./src/hw/deiver/cmdif.o
                0x0000000008001d94                cmdifMain
 .text.cmdifAdd
                0x0000000008001edc       0x90 ./src/hw/deiver/cmdif.o
                0x0000000008001edc                cmdifAdd
 .text.cmdifCmdExit
                0x0000000008001f6c       0x1c ./src/hw/deiver/cmdif.o
                0x0000000008001f6c                cmdifCmdExit
 .text.cmdifCmdShowList
                0x0000000008001f88       0x68 ./src/hw/deiver/cmdif.o
                0x0000000008001f88                cmdifCmdShowList
 .text.cmdifCmdMemoryDump
                0x0000000008001ff0      0x14c ./src/hw/deiver/cmdif.o
                0x0000000008001ff0                cmdifCmdMemoryDump
 .text.cmdifCmdMemoryWrite32
                0x000000000800213c       0x7c ./src/hw/deiver/cmdif.o
                0x000000000800213c                cmdifCmdMemoryWrite32
 .text.cmdifResetBuffer
                0x00000000080021b8       0x2c ./src/hw/deiver/cmdif.o
                0x00000000080021b8                cmdifResetBuffer
 .text.cmdifPrint
                0x00000000080021e4       0x20 ./src/hw/deiver/cmdif.o
                0x00000000080021e4                cmdifPrint
 .text.cmdifPrintf
                0x0000000008002204       0x40 ./src/hw/deiver/cmdif.o
                0x0000000008002204                cmdifPrintf
 .text.cmdifPutch
                0x0000000008002244       0x24 ./src/hw/deiver/cmdif.o
                0x0000000008002244                cmdifPutch
 .text.cmdifRxAvailable
                0x0000000008002268       0x18 ./src/hw/deiver/cmdif.o
                0x0000000008002268                cmdifRxAvailable
 .text.cmdifReadByte
                0x0000000008002280       0x40 ./src/hw/deiver/cmdif.o
                0x0000000008002280                cmdifReadByte
 .text.parseCommandArgs
                0x00000000080022c0       0x5c ./src/hw/deiver/cmdif.o
                0x00000000080022c0                parseCommandArgs
 .text.cmdifGetCmdString
                0x000000000800231c       0x94 ./src/hw/deiver/cmdif.o
                0x000000000800231c                cmdifGetCmdString
 .text.upperStr
                0x00000000080023b0       0x50 ./src/hw/deiver/cmdif.o
                0x00000000080023b0                upperStr
 .text.cmdifHasString
                0x0000000008002400       0x4c ./src/hw/deiver/cmdif.o
                0x0000000008002400                cmdifHasString
 .text.cmdifGetParam
                0x000000000800244c       0x40 ./src/hw/deiver/cmdif.o
                0x000000000800244c                cmdifGetParam
 .text.flashInSector
                0x000000000800248c       0xb0 ./src/hw/deiver/flash.o
 .text.flashInit
                0x000000000800253c       0x24 ./src/hw/deiver/flash.o
                0x000000000800253c                flashInit
 .text.flashErase
                0x0000000008002560       0xa6 ./src/hw/deiver/flash.o
                0x0000000008002560                flashErase
 .text.flashWrite
                0x0000000008002606       0x64 ./src/hw/deiver/flash.o
                0x0000000008002606                flashWrite
 *fill*         0x000000000800266a        0x2 
 .text.cliFlash
                0x000000000800266c      0x1d0 ./src/hw/deiver/flash.o
 .text.timerInit
                0x000000000800283c       0x80 ./src/hw/deiver/hwtimer.o
                0x000000000800283c                timerInit
 .text.timerCallback
                0x00000000080028bc       0x78 ./src/hw/deiver/hwtimer.o
                0x00000000080028bc                timerCallback
 .text.HAL_TIM_OC_DelayElapsedCallback
                0x0000000008002934       0x16 ./src/hw/deiver/hwtimer.o
                0x0000000008002934                HAL_TIM_OC_DelayElapsedCallback
 *fill*         0x000000000800294a        0x2 
 .text.TIM4_IRQHandler
                0x000000000800294c       0x14 ./src/hw/deiver/hwtimer.o
                0x000000000800294c                TIM4_IRQHandler
 .text.ledInit  0x0000000008002960       0xdc ./src/hw/deiver/led.o
                0x0000000008002960                ledInit
 .text.ledOff   0x0000000008002a3c       0x38 ./src/hw/deiver/led.o
                0x0000000008002a3c                ledOff
 .text.ledToggle
                0x0000000008002a74       0x30 ./src/hw/deiver/led.o
                0x0000000008002a74                ledToggle
 .text.cliLed   0x0000000008002aa4       0xac ./src/hw/deiver/led.o
 .text.uartInit
                0x0000000008002b50       0x34 ./src/hw/deiver/uart.o
                0x0000000008002b50                uartInit
 .text.uartOpen
                0x0000000008002b84      0x144 ./src/hw/deiver/uart.o
                0x0000000008002b84                uartOpen
 .text.uartAvailable
                0x0000000008002cc8       0x64 ./src/hw/deiver/uart.o
                0x0000000008002cc8                uartAvailable
 .text.uartRead
                0x0000000008002d2c       0x48 ./src/hw/deiver/uart.o
                0x0000000008002d2c                uartRead
 .text.uartPutch
                0x0000000008002d74       0x24 ./src/hw/deiver/uart.o
                0x0000000008002d74                uartPutch
 .text.uartWrite
                0x0000000008002d98       0x58 ./src/hw/deiver/uart.o
                0x0000000008002d98                uartWrite
 .text.uartPrintf
                0x0000000008002df0       0x70 ./src/hw/deiver/uart.o
                0x0000000008002df0                uartPrintf
 .text.HAL_UART_RxCpltCallback
                0x0000000008002e60       0x12 ./src/hw/deiver/uart.o
                0x0000000008002e60                HAL_UART_RxCpltCallback
 .text.HAL_UART_ErrorCallback
                0x0000000008002e72       0x12 ./src/hw/deiver/uart.o
                0x0000000008002e72                HAL_UART_ErrorCallback
 .text.HAL_UART_MspInit
                0x0000000008002e84      0x108 ./src/hw/deiver/uart.o
                0x0000000008002e84                HAL_UART_MspInit
 .text.HAL_UART_MspDeInit
                0x0000000008002f8c       0x4c ./src/hw/deiver/uart.o
                0x0000000008002f8c                HAL_UART_MspDeInit
 .text.hwInit   0x0000000008002fd8       0x2c ./src/hw/hw.o
                0x0000000008002fd8                hwInit
 .text.HAL_Init
                0x0000000008003004       0x44 ./src/lib/stm32f207_cube/Drivers/STM32F2xx_HAL_Driver/Src/stm32f2xx_hal.o
                0x0000000008003004                HAL_Init
 .text.HAL_InitTick
                0x0000000008003048       0x60 ./src/lib/stm32f207_cube/Drivers/STM32F2xx_HAL_Driver/Src/stm32f2xx_hal.o
                0x0000000008003048                HAL_InitTick
 .text.HAL_IncTick
                0x00000000080030a8       0x24 ./src/lib/stm32f207_cube/Drivers/STM32F2xx_HAL_Driver/Src/stm32f2xx_hal.o
                0x00000000080030a8                HAL_IncTick
 .text.HAL_GetTick
                0x00000000080030cc       0x14 ./src/lib/stm32f207_cube/Drivers/STM32F2xx_HAL_Driver/Src/stm32f2xx_hal.o
                0x00000000080030cc                HAL_GetTick
 .text.HAL_Delay
                0x00000000080030e0       0x48 ./src/lib/stm32f207_cube/Drivers/STM32F2xx_HAL_Driver/Src/stm32f2xx_hal.o
                0x00000000080030e0                HAL_Delay
 .text.__NVIC_SetPriorityGrouping
                0x0000000008003128       0x48 ./src/lib/stm32f207_cube/Drivers/STM32F2xx_HAL_Driver/Src/stm32f2xx_hal_cortex.o
 .text.__NVIC_GetPriorityGrouping
                0x0000000008003170       0x1c ./src/lib/stm32f207_cube/Drivers/STM32F2xx_HAL_Driver/Src/stm32f2xx_hal_cortex.o
 .text.__NVIC_EnableIRQ
                0x000000000800318c       0x38 ./src/lib/stm32f207_cube/Drivers/STM32F2xx_HAL_Driver/Src/stm32f2xx_hal_cortex.o
 .text.__NVIC_DisableIRQ
                0x00000000080031c4       0x48 ./src/lib/stm32f207_cube/Drivers/STM32F2xx_HAL_Driver/Src/stm32f2xx_hal_cortex.o
 .text.__NVIC_SetPriority
                0x000000000800320c       0x54 ./src/lib/stm32f207_cube/Drivers/STM32F2xx_HAL_Driver/Src/stm32f2xx_hal_cortex.o
 .text.NVIC_EncodePriority
                0x0000000008003260       0x64 ./src/lib/stm32f207_cube/Drivers/STM32F2xx_HAL_Driver/Src/stm32f2xx_hal_cortex.o
 .text.SysTick_Config
                0x00000000080032c4       0x44 ./src/lib/stm32f207_cube/Drivers/STM32F2xx_HAL_Driver/Src/stm32f2xx_hal_cortex.o
 .text.HAL_NVIC_SetPriorityGrouping
                0x0000000008003308       0x16 ./src/lib/stm32f207_cube/Drivers/STM32F2xx_HAL_Driver/Src/stm32f2xx_hal_cortex.o
                0x0000000008003308                HAL_NVIC_SetPriorityGrouping
 .text.HAL_NVIC_SetPriority
                0x000000000800331e       0x38 ./src/lib/stm32f207_cube/Drivers/STM32F2xx_HAL_Driver/Src/stm32f2xx_hal_cortex.o
                0x000000000800331e                HAL_NVIC_SetPriority
 .text.HAL_NVIC_EnableIRQ
                0x0000000008003356       0x1c ./src/lib/stm32f207_cube/Drivers/STM32F2xx_HAL_Driver/Src/stm32f2xx_hal_cortex.o
                0x0000000008003356                HAL_NVIC_EnableIRQ
 .text.HAL_NVIC_DisableIRQ
                0x0000000008003372       0x1c ./src/lib/stm32f207_cube/Drivers/STM32F2xx_HAL_Driver/Src/stm32f2xx_hal_cortex.o
                0x0000000008003372                HAL_NVIC_DisableIRQ
 .text.HAL_SYSTICK_Config
                0x000000000800338e       0x18 ./src/lib/stm32f207_cube/Drivers/STM32F2xx_HAL_Driver/Src/stm32f2xx_hal_cortex.o
                0x000000000800338e                HAL_SYSTICK_Config
 *fill*         0x00000000080033a6        0x2 
 .text.HAL_DMA_Init
                0x00000000080033a8      0x15c ./src/lib/stm32f207_cube/Drivers/STM32F2xx_HAL_Driver/Src/stm32f2xx_hal_dma.o
                0x00000000080033a8                HAL_DMA_Init
 .text.HAL_DMA_DeInit
                0x0000000008003504       0xbc ./src/lib/stm32f207_cube/Drivers/STM32F2xx_HAL_Driver/Src/stm32f2xx_hal_dma.o
                0x0000000008003504                HAL_DMA_DeInit
 .text.HAL_DMA_Start_IT
                0x00000000080035c0       0xb0 ./src/lib/stm32f207_cube/Drivers/STM32F2xx_HAL_Driver/Src/stm32f2xx_hal_dma.o
                0x00000000080035c0                HAL_DMA_Start_IT
 .text.HAL_DMA_Abort
                0x0000000008003670       0xe0 ./src/lib/stm32f207_cube/Drivers/STM32F2xx_HAL_Driver/Src/stm32f2xx_hal_dma.o
                0x0000000008003670                HAL_DMA_Abort
 .text.HAL_DMA_Abort_IT
                0x0000000008003750       0x42 ./src/lib/stm32f207_cube/Drivers/STM32F2xx_HAL_Driver/Src/stm32f2xx_hal_dma.o
                0x0000000008003750                HAL_DMA_Abort_IT
 *fill*         0x0000000008003792        0x2 
 .text.HAL_DMA_IRQHandler
                0x0000000008003794      0x314 ./src/lib/stm32f207_cube/Drivers/STM32F2xx_HAL_Driver/Src/stm32f2xx_hal_dma.o
                0x0000000008003794                HAL_DMA_IRQHandler
 .text.DMA_SetConfig
                0x0000000008003aa8       0x5a ./src/lib/stm32f207_cube/Drivers/STM32F2xx_HAL_Driver/Src/stm32f2xx_hal_dma.o
 *fill*         0x0000000008003b02        0x2 
 .text.DMA_CalcBaseAndBitshift
                0x0000000008003b04       0x68 ./src/lib/stm32f207_cube/Drivers/STM32F2xx_HAL_Driver/Src/stm32f2xx_hal_dma.o
 .text.DMA_CheckFifoParam
                0x0000000008003b6c       0xf4 ./src/lib/stm32f207_cube/Drivers/STM32F2xx_HAL_Driver/Src/stm32f2xx_hal_dma.o
 .text.HAL_FLASH_Program
                0x0000000008003c60       0xa8 ./src/lib/stm32f207_cube/Drivers/STM32F2xx_HAL_Driver/Src/stm32f2xx_hal_flash.o
                0x0000000008003c60                HAL_FLASH_Program
 .text.HAL_FLASH_Unlock
                0x0000000008003d08       0x44 ./src/lib/stm32f207_cube/Drivers/STM32F2xx_HAL_Driver/Src/stm32f2xx_hal_flash.o
                0x0000000008003d08                HAL_FLASH_Unlock
 .text.HAL_FLASH_Lock
                0x0000000008003d4c       0x20 ./src/lib/stm32f207_cube/Drivers/STM32F2xx_HAL_Driver/Src/stm32f2xx_hal_flash.o
                0x0000000008003d4c                HAL_FLASH_Lock
 .text.FLASH_WaitForLastOperation
                0x0000000008003d6c       0x80 ./src/lib/stm32f207_cube/Drivers/STM32F2xx_HAL_Driver/Src/stm32f2xx_hal_flash.o
                0x0000000008003d6c                FLASH_WaitForLastOperation
 .text.FLASH_Program_DoubleWord
                0x0000000008003dec       0x64 ./src/lib/stm32f207_cube/Drivers/STM32F2xx_HAL_Driver/Src/stm32f2xx_hal_flash.o
 .text.FLASH_Program_Word
                0x0000000008003e50       0x44 ./src/lib/stm32f207_cube/Drivers/STM32F2xx_HAL_Driver/Src/stm32f2xx_hal_flash.o
 .text.FLASH_Program_HalfWord
                0x0000000008003e94       0x44 ./src/lib/stm32f207_cube/Drivers/STM32F2xx_HAL_Driver/Src/stm32f2xx_hal_flash.o
 .text.FLASH_Program_Byte
                0x0000000008003ed8       0x40 ./src/lib/stm32f207_cube/Drivers/STM32F2xx_HAL_Driver/Src/stm32f2xx_hal_flash.o
 .text.FLASH_SetErrorCode
                0x0000000008003f18       0xac ./src/lib/stm32f207_cube/Drivers/STM32F2xx_HAL_Driver/Src/stm32f2xx_hal_flash.o
 .text.HAL_FLASHEx_Erase
                0x0000000008003fc4       0xe0 ./src/lib/stm32f207_cube/Drivers/STM32F2xx_HAL_Driver/Src/stm32f2xx_hal_flash_ex.o
                0x0000000008003fc4                HAL_FLASHEx_Erase
 .text.FLASH_Erase_Sector
                0x00000000080040a4       0xa4 ./src/lib/stm32f207_cube/Drivers/STM32F2xx_HAL_Driver/Src/stm32f2xx_hal_flash_ex.o
                0x00000000080040a4                FLASH_Erase_Sector
 .text.FLASH_FlushCaches
                0x0000000008004148       0x88 ./src/lib/stm32f207_cube/Drivers/STM32F2xx_HAL_Driver/Src/stm32f2xx_hal_flash_ex.o
                0x0000000008004148                FLASH_FlushCaches
 .text.FLASH_MassErase
                0x00000000080041d0       0x44 ./src/lib/stm32f207_cube/Drivers/STM32F2xx_HAL_Driver/Src/stm32f2xx_hal_flash_ex.o
 .text.HAL_GPIO_Init
                0x0000000008004214      0x33c ./src/lib/stm32f207_cube/Drivers/STM32F2xx_HAL_Driver/Src/stm32f2xx_hal_gpio.o
                0x0000000008004214                HAL_GPIO_Init
 .text.HAL_GPIO_DeInit
                0x0000000008004550      0x1fc ./src/lib/stm32f207_cube/Drivers/STM32F2xx_HAL_Driver/Src/stm32f2xx_hal_gpio.o
                0x0000000008004550                HAL_GPIO_DeInit
 .text.HAL_GPIO_ReadPin
                0x000000000800474c       0x2e ./src/lib/stm32f207_cube/Drivers/STM32F2xx_HAL_Driver/Src/stm32f2xx_hal_gpio.o
                0x000000000800474c                HAL_GPIO_ReadPin
 .text.HAL_GPIO_WritePin
                0x000000000800477a       0x30 ./src/lib/stm32f207_cube/Drivers/STM32F2xx_HAL_Driver/Src/stm32f2xx_hal_gpio.o
                0x000000000800477a                HAL_GPIO_WritePin
 .text.HAL_GPIO_TogglePin
                0x00000000080047aa       0x32 ./src/lib/stm32f207_cube/Drivers/STM32F2xx_HAL_Driver/Src/stm32f2xx_hal_gpio.o
                0x00000000080047aa                HAL_GPIO_TogglePin
 .text.HAL_PCD_Init
                0x00000000080047dc      0x23a ./src/lib/stm32f207_cube/Drivers/STM32F2xx_HAL_Driver/Src/stm32f2xx_hal_pcd.o
                0x00000000080047dc                HAL_PCD_Init
 .text.HAL_PCD_Start
                0x0000000008004a16       0x44 ./src/lib/stm32f207_cube/Drivers/STM32F2xx_HAL_Driver/Src/stm32f2xx_hal_pcd.o
                0x0000000008004a16                HAL_PCD_Start
 .text.HAL_PCD_IRQHandler
                0x0000000008004a5a      0x748 ./src/lib/stm32f207_cube/Drivers/STM32F2xx_HAL_Driver/Src/stm32f2xx_hal_pcd.o
                0x0000000008004a5a                HAL_PCD_IRQHandler
 .text.HAL_PCD_SetAddress
                0x00000000080051a2       0x4a ./src/lib/stm32f207_cube/Drivers/STM32F2xx_HAL_Driver/Src/stm32f2xx_hal_pcd.o
                0x00000000080051a2                HAL_PCD_SetAddress
 .text.HAL_PCD_EP_Open
                0x00000000080051ec       0xd0 ./src/lib/stm32f207_cube/Drivers/STM32F2xx_HAL_Driver/Src/stm32f2xx_hal_pcd.o
                0x00000000080051ec                HAL_PCD_EP_Open
 .text.HAL_PCD_EP_Close
                0x00000000080052bc       0x94 ./src/lib/stm32f207_cube/Drivers/STM32F2xx_HAL_Driver/Src/stm32f2xx_hal_pcd.o
                0x00000000080052bc                HAL_PCD_EP_Close
 .text.HAL_PCD_EP_Receive
                0x0000000008005350       0x96 ./src/lib/stm32f207_cube/Drivers/STM32F2xx_HAL_Driver/Src/stm32f2xx_hal_pcd.o
                0x0000000008005350                HAL_PCD_EP_Receive
 .text.HAL_PCD_EP_GetRxCount
                0x00000000080053e6       0x2e ./src/lib/stm32f207_cube/Drivers/STM32F2xx_HAL_Driver/Src/stm32f2xx_hal_pcd.o
                0x00000000080053e6                HAL_PCD_EP_GetRxCount
 .text.HAL_PCD_EP_Transmit
                0x0000000008005414       0x94 ./src/lib/stm32f207_cube/Drivers/STM32F2xx_HAL_Driver/Src/stm32f2xx_hal_pcd.o
                0x0000000008005414                HAL_PCD_EP_Transmit
 .text.HAL_PCD_EP_SetStall
                0x00000000080054a8       0xc8 ./src/lib/stm32f207_cube/Drivers/STM32F2xx_HAL_Driver/Src/stm32f2xx_hal_pcd.o
                0x00000000080054a8                HAL_PCD_EP_SetStall
 .text.HAL_PCD_EP_ClrStall
                0x0000000008005570       0xac ./src/lib/stm32f207_cube/Drivers/STM32F2xx_HAL_Driver/Src/stm32f2xx_hal_pcd.o
                0x0000000008005570                HAL_PCD_EP_ClrStall
 .text.PCD_WriteEmptyTxFifo
                0x000000000800561c      0x11a ./src/lib/stm32f207_cube/Drivers/STM32F2xx_HAL_Driver/Src/stm32f2xx_hal_pcd.o
 *fill*         0x0000000008005736        0x2 
 .text.PCD_EP_OutXfrComplete_int
                0x0000000008005738      0x218 ./src/lib/stm32f207_cube/Drivers/STM32F2xx_HAL_Driver/Src/stm32f2xx_hal_pcd.o
 .text.PCD_EP_OutSetupPacket_int
                0x0000000008005950       0x8c ./src/lib/stm32f207_cube/Drivers/STM32F2xx_HAL_Driver/Src/stm32f2xx_hal_pcd.o
 .text.HAL_PCDEx_SetTxFiFo
                0x00000000080059dc       0x8c ./src/lib/stm32f207_cube/Drivers/STM32F2xx_HAL_Driver/Src/stm32f2xx_hal_pcd_ex.o
                0x00000000080059dc                HAL_PCDEx_SetTxFiFo
 .text.HAL_PCDEx_SetRxFiFo
                0x0000000008005a68       0x20 ./src/lib/stm32f207_cube/Drivers/STM32F2xx_HAL_Driver/Src/stm32f2xx_hal_pcd_ex.o
                0x0000000008005a68                HAL_PCDEx_SetRxFiFo
 .text.HAL_RCC_OscConfig
                0x0000000008005a88      0x49c ./src/lib/stm32f207_cube/Drivers/STM32F2xx_HAL_Driver/Src/stm32f2xx_hal_rcc.o
                0x0000000008005a88                HAL_RCC_OscConfig
 .text.HAL_RCC_ClockConfig
                0x0000000008005f24      0x1d8 ./src/lib/stm32f207_cube/Drivers/STM32F2xx_HAL_Driver/Src/stm32f2xx_hal_rcc.o
                0x0000000008005f24                HAL_RCC_ClockConfig
 .text.HAL_RCC_GetSysClockFreq
                0x00000000080060fc      0x18c ./src/lib/stm32f207_cube/Drivers/STM32F2xx_HAL_Driver/Src/stm32f2xx_hal_rcc.o
                0x00000000080060fc                HAL_RCC_GetSysClockFreq
 .text.HAL_RCC_GetHCLKFreq
                0x0000000008006288       0x14 ./src/lib/stm32f207_cube/Drivers/STM32F2xx_HAL_Driver/Src/stm32f2xx_hal_rcc.o
                0x0000000008006288                HAL_RCC_GetHCLKFreq
 .text.HAL_RCC_GetPCLK1Freq
                0x000000000800629c       0x44 ./src/lib/stm32f207_cube/Drivers/STM32F2xx_HAL_Driver/Src/stm32f2xx_hal_rcc.o
                0x000000000800629c                HAL_RCC_GetPCLK1Freq
 .text.HAL_RCC_GetPCLK2Freq
                0x00000000080062e0       0x44 ./src/lib/stm32f207_cube/Drivers/STM32F2xx_HAL_Driver/Src/stm32f2xx_hal_rcc.o
                0x00000000080062e0                HAL_RCC_GetPCLK2Freq
 .text.HAL_TIM_IRQHandler
                0x0000000008006324      0x210 ./src/lib/stm32f207_cube/Drivers/STM32F2xx_HAL_Driver/Src/stm32f2xx_hal_tim.o
                0x0000000008006324                HAL_TIM_IRQHandler
 .text.HAL_TIM_PeriodElapsedCallback
                0x0000000008006534       0x12 ./src/lib/stm32f207_cube/Drivers/STM32F2xx_HAL_Driver/Src/stm32f2xx_hal_tim.o
                0x0000000008006534                HAL_TIM_PeriodElapsedCallback
 .text.HAL_TIM_IC_CaptureCallback
                0x0000000008006546       0x12 ./src/lib/stm32f207_cube/Drivers/STM32F2xx_HAL_Driver/Src/stm32f2xx_hal_tim.o
                0x0000000008006546                HAL_TIM_IC_CaptureCallback
 .text.HAL_TIM_PWM_PulseFinishedCallback
                0x0000000008006558       0x12 ./src/lib/stm32f207_cube/Drivers/STM32F2xx_HAL_Driver/Src/stm32f2xx_hal_tim.o
                0x0000000008006558                HAL_TIM_PWM_PulseFinishedCallback
 .text.HAL_TIM_TriggerCallback
                0x000000000800656a       0x12 ./src/lib/stm32f207_cube/Drivers/STM32F2xx_HAL_Driver/Src/stm32f2xx_hal_tim.o
                0x000000000800656a                HAL_TIM_TriggerCallback
 .text.HAL_TIMEx_CommutCallback
                0x000000000800657c       0x12 ./src/lib/stm32f207_cube/Drivers/STM32F2xx_HAL_Driver/Src/stm32f2xx_hal_tim_ex.o
                0x000000000800657c                HAL_TIMEx_CommutCallback
 .text.HAL_TIMEx_BreakCallback
                0x000000000800658e       0x12 ./src/lib/stm32f207_cube/Drivers/STM32F2xx_HAL_Driver/Src/stm32f2xx_hal_tim_ex.o
                0x000000000800658e                HAL_TIMEx_BreakCallback
 .text.HAL_UART_Init
                0x00000000080065a0       0x9a ./src/lib/stm32f207_cube/Drivers/STM32F2xx_HAL_Driver/Src/stm32f2xx_hal_uart.o
                0x00000000080065a0                HAL_UART_Init
 .text.HAL_UART_DeInit
                0x000000000800663a       0x5e ./src/lib/stm32f207_cube/Drivers/STM32F2xx_HAL_Driver/Src/stm32f2xx_hal_uart.o
                0x000000000800663a                HAL_UART_DeInit
 .text.HAL_UART_Transmit
                0x0000000008006698      0x124 ./src/lib/stm32f207_cube/Drivers/STM32F2xx_HAL_Driver/Src/stm32f2xx_hal_uart.o
                0x0000000008006698                HAL_UART_Transmit
 .text.HAL_UART_Receive_DMA
                0x00000000080067bc       0x60 ./src/lib/stm32f207_cube/Drivers/STM32F2xx_HAL_Driver/Src/stm32f2xx_hal_uart.o
                0x00000000080067bc                HAL_UART_Receive_DMA
 .text.HAL_UART_IRQHandler
                0x000000000800681c      0x358 ./src/lib/stm32f207_cube/Drivers/STM32F2xx_HAL_Driver/Src/stm32f2xx_hal_uart.o
                0x000000000800681c                HAL_UART_IRQHandler
 .text.HAL_UART_TxCpltCallback
                0x0000000008006b74       0x12 ./src/lib/stm32f207_cube/Drivers/STM32F2xx_HAL_Driver/Src/stm32f2xx_hal_uart.o
                0x0000000008006b74                HAL_UART_TxCpltCallback
 .text.HAL_UART_RxHalfCpltCallback
                0x0000000008006b86       0x12 ./src/lib/stm32f207_cube/Drivers/STM32F2xx_HAL_Driver/Src/stm32f2xx_hal_uart.o
                0x0000000008006b86                HAL_UART_RxHalfCpltCallback
 .text.HAL_UARTEx_RxEventCallback
                0x0000000008006b98       0x16 ./src/lib/stm32f207_cube/Drivers/STM32F2xx_HAL_Driver/Src/stm32f2xx_hal_uart.o
                0x0000000008006b98                HAL_UARTEx_RxEventCallback
 .text.UART_DMAReceiveCplt
                0x0000000008006bae       0x96 ./src/lib/stm32f207_cube/Drivers/STM32F2xx_HAL_Driver/Src/stm32f2xx_hal_uart.o
 .text.UART_DMARxHalfCplt
                0x0000000008006c44       0x36 ./src/lib/stm32f207_cube/Drivers/STM32F2xx_HAL_Driver/Src/stm32f2xx_hal_uart.o
 .text.UART_DMAError
                0x0000000008006c7a       0x94 ./src/lib/stm32f207_cube/Drivers/STM32F2xx_HAL_Driver/Src/stm32f2xx_hal_uart.o
 .text.UART_WaitOnFlagUntilTimeout
                0x0000000008006d0e       0x94 ./src/lib/stm32f207_cube/Drivers/STM32F2xx_HAL_Driver/Src/stm32f2xx_hal_uart.o
 *fill*         0x0000000008006da2        0x2 
 .text.UART_Start_Receive_DMA
                0x0000000008006da4       0xc8 ./src/lib/stm32f207_cube/Drivers/STM32F2xx_HAL_Driver/Src/stm32f2xx_hal_uart.o
                0x0000000008006da4                UART_Start_Receive_DMA
 .text.UART_EndTxTransfer
                0x0000000008006e6c       0x2a ./src/lib/stm32f207_cube/Drivers/STM32F2xx_HAL_Driver/Src/stm32f2xx_hal_uart.o
 .text.UART_EndRxTransfer
                0x0000000008006e96       0x58 ./src/lib/stm32f207_cube/Drivers/STM32F2xx_HAL_Driver/Src/stm32f2xx_hal_uart.o
 .text.UART_DMAAbortOnError
                0x0000000008006eee       0x28 ./src/lib/stm32f207_cube/Drivers/STM32F2xx_HAL_Driver/Src/stm32f2xx_hal_uart.o
 .text.UART_Transmit_IT
                0x0000000008006f16       0x9e ./src/lib/stm32f207_cube/Drivers/STM32F2xx_HAL_Driver/Src/stm32f2xx_hal_uart.o
 .text.UART_EndTransmit_IT
                0x0000000008006fb4       0x30 ./src/lib/stm32f207_cube/Drivers/STM32F2xx_HAL_Driver/Src/stm32f2xx_hal_uart.o
 .text.UART_Receive_IT
                0x0000000008006fe4      0x152 ./src/lib/stm32f207_cube/Drivers/STM32F2xx_HAL_Driver/Src/stm32f2xx_hal_uart.o
 *fill*         0x0000000008007136        0x2 
 .text.UART_SetConfig
                0x0000000008007138      0x1d4 ./src/lib/stm32f207_cube/Drivers/STM32F2xx_HAL_Driver/Src/stm32f2xx_hal_uart.o
 .text.USB_CoreInit
                0x000000000800730c       0xae ./src/lib/stm32f207_cube/Drivers/STM32F2xx_HAL_Driver/Src/stm32f2xx_ll_usb.o
                0x000000000800730c                USB_CoreInit
 *fill*         0x00000000080073ba        0x2 
 .text.USB_SetTurnaroundTime
                0x00000000080073bc      0x144 ./src/lib/stm32f207_cube/Drivers/STM32F2xx_HAL_Driver/Src/stm32f2xx_ll_usb.o
                0x00000000080073bc                USB_SetTurnaroundTime
 .text.USB_EnableGlobalInt
                0x0000000008007500       0x20 ./src/lib/stm32f207_cube/Drivers/STM32F2xx_HAL_Driver/Src/stm32f2xx_ll_usb.o
                0x0000000008007500                USB_EnableGlobalInt
 .text.USB_DisableGlobalInt
                0x0000000008007520       0x20 ./src/lib/stm32f207_cube/Drivers/STM32F2xx_HAL_Driver/Src/stm32f2xx_ll_usb.o
                0x0000000008007520                USB_DisableGlobalInt
 .text.USB_SetCurrentMode
                0x0000000008007540       0x98 ./src/lib/stm32f207_cube/Drivers/STM32F2xx_HAL_Driver/Src/stm32f2xx_ll_usb.o
                0x0000000008007540                USB_SetCurrentMode
 .text.USB_DevInit
                0x00000000080075d8      0x2c8 ./src/lib/stm32f207_cube/Drivers/STM32F2xx_HAL_Driver/Src/stm32f2xx_ll_usb.o
                0x00000000080075d8                USB_DevInit
 .text.USB_FlushTxFifo
                0x00000000080078a0       0x48 ./src/lib/stm32f207_cube/Drivers/STM32F2xx_HAL_Driver/Src/stm32f2xx_ll_usb.o
                0x00000000080078a0                USB_FlushTxFifo
 .text.USB_FlushRxFifo
                0x00000000080078e8       0x40 ./src/lib/stm32f207_cube/Drivers/STM32F2xx_HAL_Driver/Src/stm32f2xx_ll_usb.o
                0x00000000080078e8                USB_FlushRxFifo
 .text.USB_SetDevSpeed
                0x0000000008007928       0x30 ./src/lib/stm32f207_cube/Drivers/STM32F2xx_HAL_Driver/Src/stm32f2xx_ll_usb.o
                0x0000000008007928                USB_SetDevSpeed
 .text.USB_GetDevSpeed
                0x0000000008007958       0x48 ./src/lib/stm32f207_cube/Drivers/STM32F2xx_HAL_Driver/Src/stm32f2xx_ll_usb.o
                0x0000000008007958                USB_GetDevSpeed
 .text.USB_ActivateEndpoint
                0x00000000080079a0      0x10c ./src/lib/stm32f207_cube/Drivers/STM32F2xx_HAL_Driver/Src/stm32f2xx_ll_usb.o
                0x00000000080079a0                USB_ActivateEndpoint
 .text.USB_DeactivateEndpoint
                0x0000000008007aac      0x1b8 ./src/lib/stm32f207_cube/Drivers/STM32F2xx_HAL_Driver/Src/stm32f2xx_ll_usb.o
                0x0000000008007aac                USB_DeactivateEndpoint
 .text.USB_EPStartXfer
                0x0000000008007c64      0x488 ./src/lib/stm32f207_cube/Drivers/STM32F2xx_HAL_Driver/Src/stm32f2xx_ll_usb.o
                0x0000000008007c64                USB_EPStartXfer
 .text.USB_EP0StartXfer
                0x00000000080080ec      0x2a4 ./src/lib/stm32f207_cube/Drivers/STM32F2xx_HAL_Driver/Src/stm32f2xx_ll_usb.o
                0x00000000080080ec                USB_EP0StartXfer
 .text.USB_WritePacket
                0x0000000008008390       0x7a ./src/lib/stm32f207_cube/Drivers/STM32F2xx_HAL_Driver/Src/stm32f2xx_ll_usb.o
                0x0000000008008390                USB_WritePacket
 .text.USB_ReadPacket
                0x000000000800840a       0xae ./src/lib/stm32f207_cube/Drivers/STM32F2xx_HAL_Driver/Src/stm32f2xx_ll_usb.o
                0x000000000800840a                USB_ReadPacket
 .text.USB_EPSetStall
                0x00000000080084b8       0xda ./src/lib/stm32f207_cube/Drivers/STM32F2xx_HAL_Driver/Src/stm32f2xx_ll_usb.o
                0x00000000080084b8                USB_EPSetStall
 .text.USB_EPClearStall
                0x0000000008008592       0xca ./src/lib/stm32f207_cube/Drivers/STM32F2xx_HAL_Driver/Src/stm32f2xx_ll_usb.o
                0x0000000008008592                USB_EPClearStall
 .text.USB_SetDevAddress
                0x000000000800865c       0x4a ./src/lib/stm32f207_cube/Drivers/STM32F2xx_HAL_Driver/Src/stm32f2xx_ll_usb.o
                0x000000000800865c                USB_SetDevAddress
 .text.USB_DevConnect
                0x00000000080086a6       0x40 ./src/lib/stm32f207_cube/Drivers/STM32F2xx_HAL_Driver/Src/stm32f2xx_ll_usb.o
                0x00000000080086a6                USB_DevConnect
 .text.USB_DevDisconnect
                0x00000000080086e6       0x40 ./src/lib/stm32f207_cube/Drivers/STM32F2xx_HAL_Driver/Src/stm32f2xx_ll_usb.o
                0x00000000080086e6                USB_DevDisconnect
 .text.USB_ReadInterrupts
                0x0000000008008726       0x24 ./src/lib/stm32f207_cube/Drivers/STM32F2xx_HAL_Driver/Src/stm32f2xx_ll_usb.o
                0x0000000008008726                USB_ReadInterrupts
 .text.USB_ReadDevAllOutEpInterrupt
                0x000000000800874a       0x32 ./src/lib/stm32f207_cube/Drivers/STM32F2xx_HAL_Driver/Src/stm32f2xx_ll_usb.o
                0x000000000800874a                USB_ReadDevAllOutEpInterrupt
 .text.USB_ReadDevAllInEpInterrupt
                0x000000000800877c       0x32 ./src/lib/stm32f207_cube/Drivers/STM32F2xx_HAL_Driver/Src/stm32f2xx_ll_usb.o
                0x000000000800877c                USB_ReadDevAllInEpInterrupt
 .text.USB_ReadDevOutEPInterrupt
                0x00000000080087ae       0x3a ./src/lib/stm32f207_cube/Drivers/STM32F2xx_HAL_Driver/Src/stm32f2xx_ll_usb.o
                0x00000000080087ae                USB_ReadDevOutEPInterrupt
 .text.USB_ReadDevInEPInterrupt
                0x00000000080087e8       0x5a ./src/lib/stm32f207_cube/Drivers/STM32F2xx_HAL_Driver/Src/stm32f2xx_ll_usb.o
                0x00000000080087e8                USB_ReadDevInEPInterrupt
 .text.USB_GetMode
                0x0000000008008842       0x1a ./src/lib/stm32f207_cube/Drivers/STM32F2xx_HAL_Driver/Src/stm32f2xx_ll_usb.o
                0x0000000008008842                USB_GetMode
 .text.USB_ActivateSetup
                0x000000000800885c       0x44 ./src/lib/stm32f207_cube/Drivers/STM32F2xx_HAL_Driver/Src/stm32f2xx_ll_usb.o
                0x000000000800885c                USB_ActivateSetup
 .text.USB_EP0_OutStart
                0x00000000080088a0       0xb8 ./src/lib/stm32f207_cube/Drivers/STM32F2xx_HAL_Driver/Src/stm32f2xx_ll_usb.o
                0x00000000080088a0                USB_EP0_OutStart
 .text.USB_CoreReset
                0x0000000008008958       0x64 ./src/lib/stm32f207_cube/Drivers/STM32F2xx_HAL_Driver/Src/stm32f2xx_ll_usb.o
 .text.USBD_CDC_Init
                0x00000000080089bc       0xf6 ./src/lib/stm32f207_cube/Middlewares/ST/STM32_USB_Device_Library/Class/CDC/Src/usbd_cdc.o
 .text.USBD_CDC_DeInit
                0x0000000008008ab2       0x6e ./src/lib/stm32f207_cube/Middlewares/ST/STM32_USB_Device_Library/Class/CDC/Src/usbd_cdc.o
 .text.USBD_CDC_Setup
                0x0000000008008b20      0x146 ./src/lib/stm32f207_cube/Middlewares/ST/STM32_USB_Device_Library/Class/CDC/Src/usbd_cdc.o
 .text.USBD_CDC_DataIn
                0x0000000008008c66       0xa6 ./src/lib/stm32f207_cube/Middlewares/ST/STM32_USB_Device_Library/Class/CDC/Src/usbd_cdc.o
 .text.USBD_CDC_DataOut
                0x0000000008008d0c       0x56 ./src/lib/stm32f207_cube/Middlewares/ST/STM32_USB_Device_Library/Class/CDC/Src/usbd_cdc.o
 .text.USBD_CDC_EP0_RxReady
                0x0000000008008d62       0x50 ./src/lib/stm32f207_cube/Middlewares/ST/STM32_USB_Device_Library/Class/CDC/Src/usbd_cdc.o
 *fill*         0x0000000008008db2        0x2 
 .text.USBD_CDC_GetFSCfgDesc
                0x0000000008008db4       0x20 ./src/lib/stm32f207_cube/Middlewares/ST/STM32_USB_Device_Library/Class/CDC/Src/usbd_cdc.o
 .text.USBD_CDC_GetHSCfgDesc
                0x0000000008008dd4       0x20 ./src/lib/stm32f207_cube/Middlewares/ST/STM32_USB_Device_Library/Class/CDC/Src/usbd_cdc.o
 .text.USBD_CDC_GetOtherSpeedCfgDesc
                0x0000000008008df4       0x20 ./src/lib/stm32f207_cube/Middlewares/ST/STM32_USB_Device_Library/Class/CDC/Src/usbd_cdc.o
 .text.USBD_CDC_GetDeviceQualifierDescriptor
                0x0000000008008e14       0x20 ./src/lib/stm32f207_cube/Middlewares/ST/STM32_USB_Device_Library/Class/CDC/Src/usbd_cdc.o
                0x0000000008008e14                USBD_CDC_GetDeviceQualifierDescriptor
 .text.USBD_CDC_RegisterInterface
                0x0000000008008e34       0x2c ./src/lib/stm32f207_cube/Middlewares/ST/STM32_USB_Device_Library/Class/CDC/Src/usbd_cdc.o
                0x0000000008008e34                USBD_CDC_RegisterInterface
 .text.USBD_CDC_SetTxBuffer
                0x0000000008008e60       0x32 ./src/lib/stm32f207_cube/Middlewares/ST/STM32_USB_Device_Library/Class/CDC/Src/usbd_cdc.o
                0x0000000008008e60                USBD_CDC_SetTxBuffer
 .text.USBD_CDC_SetRxBuffer
                0x0000000008008e92       0x26 ./src/lib/stm32f207_cube/Middlewares/ST/STM32_USB_Device_Library/Class/CDC/Src/usbd_cdc.o
                0x0000000008008e92                USBD_CDC_SetRxBuffer
 .text.USBD_CDC_TransmitPacket
                0x0000000008008eb8       0x5e ./src/lib/stm32f207_cube/Middlewares/ST/STM32_USB_Device_Library/Class/CDC/Src/usbd_cdc.o
                0x0000000008008eb8                USBD_CDC_TransmitPacket
 .text.USBD_CDC_ReceivePacket
                0x0000000008008f16       0x54 ./src/lib/stm32f207_cube/Middlewares/ST/STM32_USB_Device_Library/Class/CDC/Src/usbd_cdc.o
                0x0000000008008f16                USBD_CDC_ReceivePacket
 .text.USBD_Init
                0x0000000008008f6a       0x56 ./src/lib/stm32f207_cube/Middlewares/ST/STM32_USB_Device_Library/Core/Src/usbd_core.o
                0x0000000008008f6a                USBD_Init
 .text.USBD_RegisterClass
                0x0000000008008fc0       0x32 ./src/lib/stm32f207_cube/Middlewares/ST/STM32_USB_Device_Library/Core/Src/usbd_core.o
                0x0000000008008fc0                USBD_RegisterClass
 .text.USBD_Start
                0x0000000008008ff2       0x18 ./src/lib/stm32f207_cube/Middlewares/ST/STM32_USB_Device_Library/Core/Src/usbd_core.o
                0x0000000008008ff2                USBD_Start
 .text.USBD_RunTestMode
                0x000000000800900a       0x14 ./src/lib/stm32f207_cube/Middlewares/ST/STM32_USB_Device_Library/Core/Src/usbd_core.o
                0x000000000800900a                USBD_RunTestMode
 .text.USBD_SetClassConfig
                0x000000000800901e       0x3e ./src/lib/stm32f207_cube/Middlewares/ST/STM32_USB_Device_Library/Core/Src/usbd_core.o
                0x000000000800901e                USBD_SetClassConfig
 .text.USBD_ClrClassConfig
                0x000000000800905c       0x26 ./src/lib/stm32f207_cube/Middlewares/ST/STM32_USB_Device_Library/Core/Src/usbd_core.o
                0x000000000800905c                USBD_ClrClassConfig
 .text.USBD_LL_SetupStage
                0x0000000008009082       0x9a ./src/lib/stm32f207_cube/Middlewares/ST/STM32_USB_Device_Library/Core/Src/usbd_core.o
                0x0000000008009082                USBD_LL_SetupStage
 .text.USBD_LL_DataOutStage
                0x000000000800911c       0xe2 ./src/lib/stm32f207_cube/Middlewares/ST/STM32_USB_Device_Library/Core/Src/usbd_core.o
                0x000000000800911c                USBD_LL_DataOutStage
 .text.USBD_LL_DataInStage
                0x00000000080091fe      0x14a ./src/lib/stm32f207_cube/Middlewares/ST/STM32_USB_Device_Library/Core/Src/usbd_core.o
                0x00000000080091fe                USBD_LL_DataInStage
 .text.USBD_LL_Reset
                0x0000000008009348       0x82 ./src/lib/stm32f207_cube/Middlewares/ST/STM32_USB_Device_Library/Core/Src/usbd_core.o
                0x0000000008009348                USBD_LL_Reset
 .text.USBD_LL_SetSpeed
                0x00000000080093ca       0x1e ./src/lib/stm32f207_cube/Middlewares/ST/STM32_USB_Device_Library/Core/Src/usbd_core.o
                0x00000000080093ca                USBD_LL_SetSpeed
 .text.USBD_LL_Suspend
                0x00000000080093e8       0x28 ./src/lib/stm32f207_cube/Middlewares/ST/STM32_USB_Device_Library/Core/Src/usbd_core.o
                0x00000000080093e8                USBD_LL_Suspend
 .text.USBD_LL_Resume
                0x0000000008009410       0x2a ./src/lib/stm32f207_cube/Middlewares/ST/STM32_USB_Device_Library/Core/Src/usbd_core.o
                0x0000000008009410                USBD_LL_Resume
 .text.USBD_LL_SOF
                0x000000000800943a       0x34 ./src/lib/stm32f207_cube/Middlewares/ST/STM32_USB_Device_Library/Core/Src/usbd_core.o
                0x000000000800943a                USBD_LL_SOF
 .text.USBD_LL_IsoINIncomplete
                0x000000000800946e       0x18 ./src/lib/stm32f207_cube/Middlewares/ST/STM32_USB_Device_Library/Core/Src/usbd_core.o
                0x000000000800946e                USBD_LL_IsoINIncomplete
 .text.USBD_LL_IsoOUTIncomplete
                0x0000000008009486       0x18 ./src/lib/stm32f207_cube/Middlewares/ST/STM32_USB_Device_Library/Core/Src/usbd_core.o
                0x0000000008009486                USBD_LL_IsoOUTIncomplete
 .text.USBD_LL_DevConnected
                0x000000000800949e       0x14 ./src/lib/stm32f207_cube/Middlewares/ST/STM32_USB_Device_Library/Core/Src/usbd_core.o
                0x000000000800949e                USBD_LL_DevConnected
 .text.USBD_LL_DevDisconnected
                0x00000000080094b2       0x2e ./src/lib/stm32f207_cube/Middlewares/ST/STM32_USB_Device_Library/Core/Src/usbd_core.o
                0x00000000080094b2                USBD_LL_DevDisconnected
 .text.USBD_StdDevReq
                0x00000000080094e0       0xd4 ./src/lib/stm32f207_cube/Middlewares/ST/STM32_USB_Device_Library/Core/Src/usbd_ctlreq.o
                0x00000000080094e0                USBD_StdDevReq
 .text.USBD_StdItfReq
                0x00000000080095b4       0x90 ./src/lib/stm32f207_cube/Middlewares/ST/STM32_USB_Device_Library/Core/Src/usbd_ctlreq.o
                0x00000000080095b4                USBD_StdItfReq
 .text.USBD_StdEPReq
                0x0000000008009644      0x2c6 ./src/lib/stm32f207_cube/Middlewares/ST/STM32_USB_Device_Library/Core/Src/usbd_ctlreq.o
                0x0000000008009644                USBD_StdEPReq
 *fill*         0x000000000800990a        0x2 
 .text.USBD_GetDescriptor
                0x000000000800990c      0x2d0 ./src/lib/stm32f207_cube/Middlewares/ST/STM32_USB_Device_Library/Core/Src/usbd_ctlreq.o
 .text.USBD_SetAddress
                0x0000000008009bdc       0x86 ./src/lib/stm32f207_cube/Middlewares/ST/STM32_USB_Device_Library/Core/Src/usbd_ctlreq.o
 *fill*         0x0000000008009c62        0x2 
 .text.USBD_SetConfig
                0x0000000008009c64      0x11c ./src/lib/stm32f207_cube/Middlewares/ST/STM32_USB_Device_Library/Core/Src/usbd_ctlreq.o
 .text.USBD_GetConfig
                0x0000000008009d80       0x6a ./src/lib/stm32f207_cube/Middlewares/ST/STM32_USB_Device_Library/Core/Src/usbd_ctlreq.o
 .text.USBD_GetStatus
                0x0000000008009dea       0x66 ./src/lib/stm32f207_cube/Middlewares/ST/STM32_USB_Device_Library/Core/Src/usbd_ctlreq.o
 .text.USBD_SetFeature
                0x0000000008009e50       0x28 ./src/lib/stm32f207_cube/Middlewares/ST/STM32_USB_Device_Library/Core/Src/usbd_ctlreq.o
 .text.USBD_ClrFeature
                0x0000000008009e78       0x42 ./src/lib/stm32f207_cube/Middlewares/ST/STM32_USB_Device_Library/Core/Src/usbd_ctlreq.o
 .text.USBD_ParseSetupRequest
                0x0000000008009eba       0x78 ./src/lib/stm32f207_cube/Middlewares/ST/STM32_USB_Device_Library/Core/Src/usbd_ctlreq.o
                0x0000000008009eba                USBD_ParseSetupRequest
 .text.USBD_CtlError
                0x0000000008009f32       0x22 ./src/lib/stm32f207_cube/Middlewares/ST/STM32_USB_Device_Library/Core/Src/usbd_ctlreq.o
                0x0000000008009f32                USBD_CtlError
 .text.USBD_GetString
                0x0000000008009f54       0x84 ./src/lib/stm32f207_cube/Middlewares/ST/STM32_USB_Device_Library/Core/Src/usbd_ctlreq.o
                0x0000000008009f54                USBD_GetString
 .text.USBD_GetLen
                0x0000000008009fd8       0x2e ./src/lib/stm32f207_cube/Middlewares/ST/STM32_USB_Device_Library/Core/Src/usbd_ctlreq.o
 .text.USBD_CtlSendData
                0x000000000800a006       0x38 ./src/lib/stm32f207_cube/Middlewares/ST/STM32_USB_Device_Library/Core/Src/usbd_ioreq.o
                0x000000000800a006                USBD_CtlSendData
 .text.USBD_CtlContinueSendData
                0x000000000800a03e       0x24 ./src/lib/stm32f207_cube/Middlewares/ST/STM32_USB_Device_Library/Core/Src/usbd_ioreq.o
                0x000000000800a03e                USBD_CtlContinueSendData
 .text.USBD_CtlPrepareRx
                0x000000000800a062       0x3c ./src/lib/stm32f207_cube/Middlewares/ST/STM32_USB_Device_Library/Core/Src/usbd_ioreq.o
                0x000000000800a062                USBD_CtlPrepareRx
 .text.USBD_CtlContinueRx
                0x000000000800a09e       0x24 ./src/lib/stm32f207_cube/Middlewares/ST/STM32_USB_Device_Library/Core/Src/usbd_ioreq.o
                0x000000000800a09e                USBD_CtlContinueRx
 .text.USBD_CtlSendStatus
                0x000000000800a0c2       0x26 ./src/lib/stm32f207_cube/Middlewares/ST/STM32_USB_Device_Library/Core/Src/usbd_ioreq.o
                0x000000000800a0c2                USBD_CtlSendStatus
 .text.USBD_CtlReceiveStatus
                0x000000000800a0e8       0x26 ./src/lib/stm32f207_cube/Middlewares/ST/STM32_USB_Device_Library/Core/Src/usbd_ioreq.o
                0x000000000800a0e8                USBD_CtlReceiveStatus
 *fill*         0x000000000800a10e        0x2 
 .text.MX_USB_DEVICE_Init
                0x000000000800a110       0x60 ./src/lib/stm32f207_cube/USB_DEVICE/App/usb_device.o
                0x000000000800a110                MX_USB_DEVICE_Init
 .text.cdcAvailable
                0x000000000800a170       0x3c ./src/lib/stm32f207_cube/USB_DEVICE/App/usbd_cdc_if.o
                0x000000000800a170                cdcAvailable
 .text.cdcRead  0x000000000800a1ac       0x50 ./src/lib/stm32f207_cube/USB_DEVICE/App/usbd_cdc_if.o
                0x000000000800a1ac                cdcRead
 .text.cdcDataIn
                0x000000000800a1fc       0x54 ./src/lib/stm32f207_cube/USB_DEVICE/App/usbd_cdc_if.o
                0x000000000800a1fc                cdcDataIn
 .text.cdcWrite
                0x000000000800a250       0x50 ./src/lib/stm32f207_cube/USB_DEVICE/App/usbd_cdc_if.o
                0x000000000800a250                cdcWrite
 .text.CDC_Init_FS
                0x000000000800a2a0       0x28 ./src/lib/stm32f207_cube/USB_DEVICE/App/usbd_cdc_if.o
 .text.CDC_DeInit_FS
                0x000000000800a2c8        0xe ./src/lib/stm32f207_cube/USB_DEVICE/App/usbd_cdc_if.o
 *fill*         0x000000000800a2d6        0x2 
 .text.CDC_Control_FS
                0x000000000800a2d8      0x178 ./src/lib/stm32f207_cube/USB_DEVICE/App/usbd_cdc_if.o
 .text.CDC_Receive_FS
                0x000000000800a450       0x70 ./src/lib/stm32f207_cube/USB_DEVICE/App/usbd_cdc_if.o
 .text.CDC_Transmit_FS
                0x000000000800a4c0       0x4c ./src/lib/stm32f207_cube/USB_DEVICE/App/usbd_cdc_if.o
                0x000000000800a4c0                CDC_Transmit_FS
 .text.USBD_FS_DeviceDescriptor
                0x000000000800a50c       0x24 ./src/lib/stm32f207_cube/USB_DEVICE/App/usbd_desc.o
                0x000000000800a50c                USBD_FS_DeviceDescriptor
 .text.USBD_FS_LangIDStrDescriptor
                0x000000000800a530       0x24 ./src/lib/stm32f207_cube/USB_DEVICE/App/usbd_desc.o
                0x000000000800a530                USBD_FS_LangIDStrDescriptor
 .text.USBD_FS_ProductStrDescriptor
                0x000000000800a554       0x3c ./src/lib/stm32f207_cube/USB_DEVICE/App/usbd_desc.o
                0x000000000800a554                USBD_FS_ProductStrDescriptor
 .text.USBD_FS_ManufacturerStrDescriptor
                0x000000000800a590       0x28 ./src/lib/stm32f207_cube/USB_DEVICE/App/usbd_desc.o
                0x000000000800a590                USBD_FS_ManufacturerStrDescriptor
 .text.USBD_FS_SerialStrDescriptor
                0x000000000800a5b8       0x24 ./src/lib/stm32f207_cube/USB_DEVICE/App/usbd_desc.o
                0x000000000800a5b8                USBD_FS_SerialStrDescriptor
 .text.USBD_FS_ConfigStrDescriptor
                0x000000000800a5dc       0x3c ./src/lib/stm32f207_cube/USB_DEVICE/App/usbd_desc.o
                0x000000000800a5dc                USBD_FS_ConfigStrDescriptor
 .text.USBD_FS_InterfaceStrDescriptor
                0x000000000800a618       0x3c ./src/lib/stm32f207_cube/USB_DEVICE/App/usbd_desc.o
                0x000000000800a618                USBD_FS_InterfaceStrDescriptor
 .text.Get_SerialNum
                0x000000000800a654       0x58 ./src/lib/stm32f207_cube/USB_DEVICE/App/usbd_desc.o
 .text.IntToUnicode
                0x000000000800a6ac       0x7c ./src/lib/stm32f207_cube/USB_DEVICE/App/usbd_desc.o
 .text.HAL_PCD_MspInit
                0x000000000800a728       0xa8 ./src/lib/stm32f207_cube/USB_DEVICE/Target/usbd_conf.o
                0x000000000800a728                HAL_PCD_MspInit
 .text.HAL_PCD_SetupStageCallback
                0x000000000800a7d0       0x24 ./src/lib/stm32f207_cube/USB_DEVICE/Target/usbd_conf.o
                0x000000000800a7d0                HAL_PCD_SetupStageCallback
 .text.HAL_PCD_DataOutStageCallback
                0x000000000800a7f4       0x36 ./src/lib/stm32f207_cube/USB_DEVICE/Target/usbd_conf.o
                0x000000000800a7f4                HAL_PCD_DataOutStageCallback
 .text.HAL_PCD_DataInStageCallback
                0x000000000800a82a       0x34 ./src/lib/stm32f207_cube/USB_DEVICE/Target/usbd_conf.o
                0x000000000800a82a                HAL_PCD_DataInStageCallback
 .text.HAL_PCD_SOFCallback
                0x000000000800a85e       0x1c ./src/lib/stm32f207_cube/USB_DEVICE/Target/usbd_conf.o
                0x000000000800a85e                HAL_PCD_SOFCallback
 .text.HAL_PCD_ResetCallback
                0x000000000800a87a       0x50 ./src/lib/stm32f207_cube/USB_DEVICE/Target/usbd_conf.o
                0x000000000800a87a                HAL_PCD_ResetCallback
 *fill*         0x000000000800a8ca        0x2 
 .text.HAL_PCD_SuspendCallback
                0x000000000800a8cc       0x4c ./src/lib/stm32f207_cube/USB_DEVICE/Target/usbd_conf.o
                0x000000000800a8cc                HAL_PCD_SuspendCallback
 .text.HAL_PCD_ResumeCallback
                0x000000000800a918       0x1c ./src/lib/stm32f207_cube/USB_DEVICE/Target/usbd_conf.o
                0x000000000800a918                HAL_PCD_ResumeCallback
 .text.HAL_PCD_ISOOUTIncompleteCallback
                0x000000000800a934       0x24 ./src/lib/stm32f207_cube/USB_DEVICE/Target/usbd_conf.o
                0x000000000800a934                HAL_PCD_ISOOUTIncompleteCallback
 .text.HAL_PCD_ISOINIncompleteCallback
                0x000000000800a958       0x24 ./src/lib/stm32f207_cube/USB_DEVICE/Target/usbd_conf.o
                0x000000000800a958                HAL_PCD_ISOINIncompleteCallback
 .text.HAL_PCD_ConnectCallback
                0x000000000800a97c       0x1c ./src/lib/stm32f207_cube/USB_DEVICE/Target/usbd_conf.o
                0x000000000800a97c                HAL_PCD_ConnectCallback
 .text.HAL_PCD_DisconnectCallback
                0x000000000800a998       0x1c ./src/lib/stm32f207_cube/USB_DEVICE/Target/usbd_conf.o
                0x000000000800a998                HAL_PCD_DisconnectCallback
 .text.USBD_LL_Init
                0x000000000800a9b4       0x94 ./src/lib/stm32f207_cube/USB_DEVICE/Target/usbd_conf.o
                0x000000000800a9b4                USBD_LL_Init
 .text.USBD_LL_Start
                0x000000000800aa48       0x36 ./src/lib/stm32f207_cube/USB_DEVICE/Target/usbd_conf.o
                0x000000000800aa48                USBD_LL_Start
 .text.USBD_LL_OpenEP
                0x000000000800aa7e       0x4c ./src/lib/stm32f207_cube/USB_DEVICE/Target/usbd_conf.o
                0x000000000800aa7e                USBD_LL_OpenEP
 .text.USBD_LL_CloseEP
                0x000000000800aaca       0x3e ./src/lib/stm32f207_cube/USB_DEVICE/Target/usbd_conf.o
                0x000000000800aaca                USBD_LL_CloseEP
 .text.USBD_LL_StallEP
                0x000000000800ab08       0x3e ./src/lib/stm32f207_cube/USB_DEVICE/Target/usbd_conf.o
                0x000000000800ab08                USBD_LL_StallEP
 .text.USBD_LL_ClearStallEP
                0x000000000800ab46       0x3e ./src/lib/stm32f207_cube/USB_DEVICE/Target/usbd_conf.o
                0x000000000800ab46                USBD_LL_ClearStallEP
 .text.USBD_LL_IsStallEP
                0x000000000800ab84       0x56 ./src/lib/stm32f207_cube/USB_DEVICE/Target/usbd_conf.o
                0x000000000800ab84                USBD_LL_IsStallEP
 .text.USBD_LL_SetUSBAddress
                0x000000000800abda       0x3e ./src/lib/stm32f207_cube/USB_DEVICE/Target/usbd_conf.o
                0x000000000800abda                USBD_LL_SetUSBAddress
 .text.USBD_LL_Transmit
                0x000000000800ac18       0x46 ./src/lib/stm32f207_cube/USB_DEVICE/Target/usbd_conf.o
                0x000000000800ac18                USBD_LL_Transmit
 .text.USBD_LL_PrepareReceive
                0x000000000800ac5e       0x46 ./src/lib/stm32f207_cube/USB_DEVICE/Target/usbd_conf.o
                0x000000000800ac5e                USBD_LL_PrepareReceive
 .text.USBD_LL_GetRxDataSize
                0x000000000800aca4       0x26 ./src/lib/stm32f207_cube/USB_DEVICE/Target/usbd_conf.o
                0x000000000800aca4                USBD_LL_GetRxDataSize
 *fill*         0x000000000800acca        0x2 
 .text.USBD_Get_USB_Status
                0x000000000800accc       0x58 ./src/lib/stm32f207_cube/USB_DEVICE/Target/usbd_conf.o
                0x000000000800accc                USBD_Get_USB_Status
 .text.main     0x000000000800ad24       0x16 ./src/main.o
                0x000000000800ad24                main
 *fill*         0x000000000800ad3a        0x2 
 .text.__errno  0x000000000800ad3c        0xc c:/st/stm32cubeide_1.7.0/stm32cubeide/plugins/com.st.stm32cube.ide.mcu.externaltools.gnu-tools-for-stm32.10.3-2021.10.win32_1.0.200.202301161003/tools/bin/../lib/gcc/arm-none-eabi/10.3.1/../../../../arm-none-eabi/lib/thumb/v7-m/nofp\libc_nano.a(lib_a-errno.o)
                0x000000000800ad3c                __errno
 .text.__libc_init_array
                0x000000000800ad48       0x48 c:/st/stm32cubeide_1.7.0/stm32cubeide/plugins/com.st.stm32cube.ide.mcu.externaltools.gnu-tools-for-stm32.10.3-2021.10.win32_1.0.200.202301161003/tools/bin/../lib/gcc/arm-none-eabi/10.3.1/../../../../arm-none-eabi/lib/thumb/v7-m/nofp\libc_nano.a(lib_a-init.o)
                0x000000000800ad48                __libc_init_array
 .text.malloc   0x000000000800ad90       0x10 c:/st/stm32cubeide_1.7.0/stm32cubeide/plugins/com.st.stm32cube.ide.mcu.externaltools.gnu-tools-for-stm32.10.3-2021.10.win32_1.0.200.202301161003/tools/bin/../lib/gcc/arm-none-eabi/10.3.1/../../../../arm-none-eabi/lib/thumb/v7-m/nofp\libc_nano.a(lib_a-malloc.o)
                0x000000000800ad90                malloc
 .text.free     0x000000000800ada0       0x10 c:/st/stm32cubeide_1.7.0/stm32cubeide/plugins/com.st.stm32cube.ide.mcu.externaltools.gnu-tools-for-stm32.10.3-2021.10.win32_1.0.200.202301161003/tools/bin/../lib/gcc/arm-none-eabi/10.3.1/../../../../arm-none-eabi/lib/thumb/v7-m/nofp\libc_nano.a(lib_a-malloc.o)
                0x000000000800ada0                free
 .text.memset   0x000000000800adb0       0x10 c:/st/stm32cubeide_1.7.0/stm32cubeide/plugins/com.st.stm32cube.ide.mcu.externaltools.gnu-tools-for-stm32.10.3-2021.10.win32_1.0.200.202301161003/tools/bin/../lib/gcc/arm-none-eabi/10.3.1/../../../../arm-none-eabi/lib/thumb/v7-m/nofp\libc_nano.a(lib_a-memset.o)
                0x000000000800adb0                memset
 .text._free_r  0x000000000800adc0       0x90 c:/st/stm32cubeide_1.7.0/stm32cubeide/plugins/com.st.stm32cube.ide.mcu.externaltools.gnu-tools-for-stm32.10.3-2021.10.win32_1.0.200.202301161003/tools/bin/../lib/gcc/arm-none-eabi/10.3.1/../../../../arm-none-eabi/lib/thumb/v7-m/nofp\libc_nano.a(lib_a-nano-freer.o)
                0x000000000800adc0                _free_r
 .text.sbrk_aligned
                0x000000000800ae50       0x40 c:/st/stm32cubeide_1.7.0/stm32cubeide/plugins/com.st.stm32cube.ide.mcu.externaltools.gnu-tools-for-stm32.10.3-2021.10.win32_1.0.200.202301161003/tools/bin/../lib/gcc/arm-none-eabi/10.3.1/../../../../arm-none-eabi/lib/thumb/v7-m/nofp\libc_nano.a(lib_a-nano-mallocr.o)
 .text._malloc_r
                0x000000000800ae90       0xe8 c:/st/stm32cubeide_1.7.0/stm32cubeide/plugins/com.st.stm32cube.ide.mcu.externaltools.gnu-tools-for-stm32.10.3-2021.10.win32_1.0.200.202301161003/tools/bin/../lib/gcc/arm-none-eabi/10.3.1/../../../../arm-none-eabi/lib/thumb/v7-m/nofp\libc_nano.a(lib_a-nano-mallocr.o)
                0x000000000800ae90                _malloc_r
 .text.__cvt    0x000000000800af78       0xbe c:/st/stm32cubeide_1.7.0/stm32cubeide/plugins/com.st.stm32cube.ide.mcu.externaltools.gnu-tools-for-stm32.10.3-2021.10.win32_1.0.200.202301161003/tools/bin/../lib/gcc/arm-none-eabi/10.3.1/../../../../arm-none-eabi/lib/thumb/v7-m/nofp\libc_nano.a(lib_a-nano-vfprintf_float.o)
                0x000000000800af78                __cvt
 .text.__exponent
                0x000000000800b036       0x7c c:/st/stm32cubeide_1.7.0/stm32cubeide/plugins/com.st.stm32cube.ide.mcu.externaltools.gnu-tools-for-stm32.10.3-2021.10.win32_1.0.200.202301161003/tools/bin/../lib/gcc/arm-none-eabi/10.3.1/../../../../arm-none-eabi/lib/thumb/v7-m/nofp\libc_nano.a(lib_a-nano-vfprintf_float.o)
                0x000000000800b036                __exponent
 *fill*         0x000000000800b0b2        0x2 
 .text._printf_float
                0x000000000800b0b4      0x458 c:/st/stm32cubeide_1.7.0/stm32cubeide/plugins/com.st.stm32cube.ide.mcu.externaltools.gnu-tools-for-stm32.10.3-2021.10.win32_1.0.200.202301161003/tools/bin/../lib/gcc/arm-none-eabi/10.3.1/../../../../arm-none-eabi/lib/thumb/v7-m/nofp\libc_nano.a(lib_a-nano-vfprintf_float.o)
                0x000000000800b0b4                _printf_float
 .text._printf_common
                0x000000000800b50c       0xde c:/st/stm32cubeide_1.7.0/stm32cubeide/plugins/com.st.stm32cube.ide.mcu.externaltools.gnu-tools-for-stm32.10.3-2021.10.win32_1.0.200.202301161003/tools/bin/../lib/gcc/arm-none-eabi/10.3.1/../../../../arm-none-eabi/lib/thumb/v7-m/nofp\libc_nano.a(lib_a-nano-vfprintf_i.o)
                0x000000000800b50c                _printf_common
 *fill*         0x000000000800b5ea        0x2 
 .text._printf_i
                0x000000000800b5ec      0x24c c:/st/stm32cubeide_1.7.0/stm32cubeide/plugins/com.st.stm32cube.ide.mcu.externaltools.gnu-tools-for-stm32.10.3-2021.10.win32_1.0.200.202301161003/tools/bin/../lib/gcc/arm-none-eabi/10.3.1/../../../../arm-none-eabi/lib/thumb/v7-m/nofp\libc_nano.a(lib_a-nano-vfprintf_i.o)
                0x000000000800b5ec                _printf_i
 .text._scanf_float
                0x000000000800b838      0x41c c:/st/stm32cubeide_1.7.0/stm32cubeide/plugins/com.st.stm32cube.ide.mcu.externaltools.gnu-tools-for-stm32.10.3-2021.10.win32_1.0.200.202301161003/tools/bin/../lib/gcc/arm-none-eabi/10.3.1/../../../../arm-none-eabi/lib/thumb/v7-m/nofp\libc_nano.a(lib_a-nano-vfscanf_float.o)
                0x000000000800b838                _scanf_float
 .text._sbrk_r  0x000000000800bc54       0x20 c:/st/stm32cubeide_1.7.0/stm32cubeide/plugins/com.st.stm32cube.ide.mcu.externaltools.gnu-tools-for-stm32.10.3-2021.10.win32_1.0.200.202301161003/tools/bin/../lib/gcc/arm-none-eabi/10.3.1/../../../../arm-none-eabi/lib/thumb/v7-m/nofp\libc_nano.a(lib_a-sbrkr.o)
                0x000000000800bc54                _sbrk_r
 .text.nanf     0x000000000800bc74        0x8 c:/st/stm32cubeide_1.7.0/stm32cubeide/plugins/com.st.stm32cube.ide.mcu.externaltools.gnu-tools-for-stm32.10.3-2021.10.win32_1.0.200.202301161003/tools/bin/../lib/gcc/arm-none-eabi/10.3.1/../../../../arm-none-eabi/lib/thumb/v7-m/nofp\libc_nano.a(lib_a-sf_nan.o)
                0x000000000800bc74                nanf
 .text.sprintf  0x000000000800bc7c       0x40 c:/st/stm32cubeide_1.7.0/stm32cubeide/plugins/com.st.stm32cube.ide.mcu.externaltools.gnu-tools-for-stm32.10.3-2021.10.win32_1.0.200.202301161003/tools/bin/../lib/gcc/arm-none-eabi/10.3.1/../../../../arm-none-eabi/lib/thumb/v7-m/nofp\libc_nano.a(lib_a-sprintf.o)
                0x000000000800bc7c                siprintf
                0x000000000800bc7c                sprintf
 .text.strcpy   0x000000000800bcbc       0x10 c:/st/stm32cubeide_1.7.0/stm32cubeide/plugins/com.st.stm32cube.ide.mcu.externaltools.gnu-tools-for-stm32.10.3-2021.10.win32_1.0.200.202301161003/tools/bin/../lib/gcc/arm-none-eabi/10.3.1/../../../../arm-none-eabi/lib/thumb/v7-m/nofp\libc_nano.a(lib_a-strcpy.o)
                0x000000000800bcbc                strcpy
 .text.sulp     0x000000000800bccc       0x42 c:/st/stm32cubeide_1.7.0/stm32cubeide/plugins/com.st.stm32cube.ide.mcu.externaltools.gnu-tools-for-stm32.10.3-2021.10.win32_1.0.200.202301161003/tools/bin/../lib/gcc/arm-none-eabi/10.3.1/../../../../arm-none-eabi/lib/thumb/v7-m/nofp\libc_nano.a(lib_a-strtod.o)
 *fill*         0x000000000800bd0e        0x2 
 .text._strtod_l
                0x000000000800bd10      0xbd0 c:/st/stm32cubeide_1.7.0/stm32cubeide/plugins/com.st.stm32cube.ide.mcu.externaltools.gnu-tools-for-stm32.10.3-2021.10.win32_1.0.200.202301161003/tools/bin/../lib/gcc/arm-none-eabi/10.3.1/../../../../arm-none-eabi/lib/thumb/v7-m/nofp\libc_nano.a(lib_a-strtod.o)
                0x000000000800bd10                _strtod_l
 .text._strtod_r
                0x000000000800c8e0        0xc c:/st/stm32cubeide_1.7.0/stm32cubeide/plugins/com.st.stm32cube.ide.mcu.externaltools.gnu-tools-for-stm32.10.3-2021.10.win32_1.0.200.202301161003/tools/bin/../lib/gcc/arm-none-eabi/10.3.1/../../../../arm-none-eabi/lib/thumb/v7-m/nofp\libc_nano.a(lib_a-strtod.o)
                0x000000000800c8e0                _strtod_r
 .text.strtof   0x000000000800c8ec       0xa4 c:/st/stm32cubeide_1.7.0/stm32cubeide/plugins/com.st.stm32cube.ide.mcu.externaltools.gnu-tools-for-stm32.10.3-2021.10.win32_1.0.200.202301161003/tools/bin/../lib/gcc/arm-none-eabi/10.3.1/../../../../arm-none-eabi/lib/thumb/v7-m/nofp\libc_nano.a(lib_a-strtod.o)
                0x000000000800c8ec                strtof
 .text.strtok   0x000000000800c990       0x68 c:/st/stm32cubeide_1.7.0/stm32cubeide/plugins/com.st.stm32cube.ide.mcu.externaltools.gnu-tools-for-stm32.10.3-2021.10.win32_1.0.200.202301161003/tools/bin/../lib/gcc/arm-none-eabi/10.3.1/../../../../arm-none-eabi/lib/thumb/v7-m/nofp\libc_nano.a(lib_a-strtok.o)
                0x000000000800c990                strtok
 .text.__strtok_r
                0x000000000800c9f8       0x50 c:/st/stm32cubeide_1.7.0/stm32cubeide/plugins/com.st.stm32cube.ide.mcu.externaltools.gnu-tools-for-stm32.10.3-2021.10.win32_1.0.200.202301161003/tools/bin/../lib/gcc/arm-none-eabi/10.3.1/../../../../arm-none-eabi/lib/thumb/v7-m/nofp\libc_nano.a(lib_a-strtok_r.o)
                0x000000000800c9f8                __strtok_r
 .text._strtol_l.constprop.0
                0x000000000800ca48       0xf8 c:/st/stm32cubeide_1.7.0/stm32cubeide/plugins/com.st.stm32cube.ide.mcu.externaltools.gnu-tools-for-stm32.10.3-2021.10.win32_1.0.200.202301161003/tools/bin/../lib/gcc/arm-none-eabi/10.3.1/../../../../arm-none-eabi/lib/thumb/v7-m/nofp\libc_nano.a(lib_a-strtol.o)
 .text._strtol_r
                0x000000000800cb40        0x4 c:/st/stm32cubeide_1.7.0/stm32cubeide/plugins/com.st.stm32cube.ide.mcu.externaltools.gnu-tools-for-stm32.10.3-2021.10.win32_1.0.200.202301161003/tools/bin/../lib/gcc/arm-none-eabi/10.3.1/../../../../arm-none-eabi/lib/thumb/v7-m/nofp\libc_nano.a(lib_a-strtol.o)
                0x000000000800cb40                _strtol_r
 .text._strtoul_l.constprop.0
                0x000000000800cb44       0xe4 c:/st/stm32cubeide_1.7.0/stm32cubeide/plugins/com.st.stm32cube.ide.mcu.externaltools.gnu-tools-for-stm32.10.3-2021.10.win32_1.0.200.202301161003/tools/bin/../lib/gcc/arm-none-eabi/10.3.1/../../../../arm-none-eabi/lib/thumb/v7-m/nofp\libc_nano.a(lib_a-strtoul.o)
 .text.strtoul  0x000000000800cc28       0x14 c:/st/stm32cubeide_1.7.0/stm32cubeide/plugins/com.st.stm32cube.ide.mcu.externaltools.gnu-tools-for-stm32.10.3-2021.10.win32_1.0.200.202301161003/tools/bin/../lib/gcc/arm-none-eabi/10.3.1/../../../../arm-none-eabi/lib/thumb/v7-m/nofp\libc_nano.a(lib_a-strtoul.o)
                0x000000000800cc28                strtoul
 .text._vsnprintf_r
                0x000000000800cc3c       0x56 c:/st/stm32cubeide_1.7.0/stm32cubeide/plugins/com.st.stm32cube.ide.mcu.externaltools.gnu-tools-for-stm32.10.3-2021.10.win32_1.0.200.202301161003/tools/bin/../lib/gcc/arm-none-eabi/10.3.1/../../../../arm-none-eabi/lib/thumb/v7-m/nofp\libc_nano.a(lib_a-vsnprintf.o)
                0x000000000800cc3c                _vsniprintf_r
                0x000000000800cc3c                _vsnprintf_r
 *fill*         0x000000000800cc92        0x2 
 .text.vsnprintf
                0x000000000800cc94       0x1c c:/st/stm32cubeide_1.7.0/stm32cubeide/plugins/com.st.stm32cube.ide.mcu.externaltools.gnu-tools-for-stm32.10.3-2021.10.win32_1.0.200.202301161003/tools/bin/../lib/gcc/arm-none-eabi/10.3.1/../../../../arm-none-eabi/lib/thumb/v7-m/nofp\libc_nano.a(lib_a-vsnprintf.o)
                0x000000000800cc94                vsniprintf
                0x000000000800cc94                vsnprintf
 .text.__assert_func
                0x000000000800ccb0       0x3c c:/st/stm32cubeide_1.7.0/stm32cubeide/plugins/com.st.stm32cube.ide.mcu.externaltools.gnu-tools-for-stm32.10.3-2021.10.win32_1.0.200.202301161003/tools/bin/../lib/gcc/arm-none-eabi/10.3.1/../../../../arm-none-eabi/lib/thumb/v7-m/nofp\libc_nano.a(lib_a-assert.o)
                0x000000000800ccb0                __assert_func
 .text.quorem   0x000000000800ccec      0x118 c:/st/stm32cubeide_1.7.0/stm32cubeide/plugins/com.st.stm32cube.ide.mcu.externaltools.gnu-tools-for-stm32.10.3-2021.10.win32_1.0.200.202301161003/tools/bin/../lib/gcc/arm-none-eabi/10.3.1/../../../../arm-none-eabi/lib/thumb/v7-m/nofp\libc_nano.a(lib_a-dtoa.o)
 *fill*         0x000000000800ce04        0x4 
 .text._dtoa_r  0x000000000800ce08      0xbdc c:/st/stm32cubeide_1.7.0/stm32cubeide/plugins/com.st.stm32cube.ide.mcu.externaltools.gnu-tools-for-stm32.10.3-2021.10.win32_1.0.200.202301161003/tools/bin/../lib/gcc/arm-none-eabi/10.3.1/../../../../arm-none-eabi/lib/thumb/v7-m/nofp\libc_nano.a(lib_a-dtoa.o)
                0x000000000800ce08                _dtoa_r
 .text.fprintf  0x000000000800d9e4       0x24 c:/st/stm32cubeide_1.7.0/stm32cubeide/plugins/com.st.stm32cube.ide.mcu.externaltools.gnu-tools-for-stm32.10.3-2021.10.win32_1.0.200.202301161003/tools/bin/../lib/gcc/arm-none-eabi/10.3.1/../../../../arm-none-eabi/lib/thumb/v7-m/nofp\libc_nano.a(lib_a-fprintf.o)
                0x000000000800d9e4                fiprintf
                0x000000000800d9e4                fprintf
 .text.rshift   0x000000000800da08       0xa6 c:/st/stm32cubeide_1.7.0/stm32cubeide/plugins/com.st.stm32cube.ide.mcu.externaltools.gnu-tools-for-stm32.10.3-2021.10.win32_1.0.200.202301161003/tools/bin/../lib/gcc/arm-none-eabi/10.3.1/../../../../arm-none-eabi/lib/thumb/v7-m/nofp\libc_nano.a(lib_a-gdtoa-gethex.o)
 .text.__hexdig_fun
                0x000000000800daae       0x2a c:/st/stm32cubeide_1.7.0/stm32cubeide/plugins/com.st.stm32cube.ide.mcu.externaltools.gnu-tools-for-stm32.10.3-2021.10.win32_1.0.200.202301161003/tools/bin/../lib/gcc/arm-none-eabi/10.3.1/../../../../arm-none-eabi/lib/thumb/v7-m/nofp\libc_nano.a(lib_a-gdtoa-gethex.o)
                0x000000000800daae                __hexdig_fun
 .text.__gethex
                0x000000000800dad8      0x478 c:/st/stm32cubeide_1.7.0/stm32cubeide/plugins/com.st.stm32cube.ide.mcu.externaltools.gnu-tools-for-stm32.10.3-2021.10.win32_1.0.200.202301161003/tools/bin/../lib/gcc/arm-none-eabi/10.3.1/../../../../arm-none-eabi/lib/thumb/v7-m/nofp\libc_nano.a(lib_a-gdtoa-gethex.o)
                0x000000000800dad8                __gethex