22:59:24 **** Incremental Build of configuration Debug for project 09_cmd_mcu ****
make all 
arm-none-eabi-gcc "../src/main.c" -mcpu=cortex-m3 -std=gnu11 -g3 -DSTM32F207xx -c -I"D:/git/stm3220g_eval/stm3220g_eval_fw/09_cmd_mcu/src" -I"D:/git/stm3220g_eval/stm3220g_eval_fw/09_cmd_mcu/src/lib/stm32f207_cube/Middlewares/ST/STM32_USB_Device_Library/Class/CDC/Inc" -I"D:/git/stm3220g_eval/stm3220g_eval_fw/09_cmd_mcu/src/lib/stm32f207_cube/Middlewares/ST/STM32_USB_Device_Library/Core/Inc" -I"D:/git/stm3220g_eval/stm3220g_eval_fw/09_cmd_mcu/src/lib/stm32f207_cube/USB_DEVICE/App" -I"D:/git/stm3220g_eval/stm3220g_eval_fw/09_cmd_mcu/src/lib/stm32f207_cube/USB_DEVICE/Target" -I"D:/git/stm3220g_eval/stm3220g_eval_fw/09_cmd_mcu/src/ap" -I"D:/git/stm3220g_eval/stm3220g_eval_fw/09_cmd_mcu/src/bsp" -I"D:/git/stm3220g_eval/stm3220g_eval_fw/09_cmd_mcu/src/common" -I"D:/git/stm3220g_eval/stm3220g_eval_fw/09_cmd_mcu/src/common/inc" -I"D:/git/stm3220g_eval/stm3220g_eval_fw/09_cmd_mcu/src/hw" -I"D:/git/stm3220g_eval/stm3220g_eval_fw/09_cmd_mcu/src/lib/stm32f207_cube/Drivers/CMSIS/Include" -I"D:/git/stm3220g_eval/stm3220g_eval_fw/09_cmd_mcu/src/lib/stm32f207_cube/Drivers/CMSIS/Device/ST/STM32F2xx/Include" -I"D:/git/stm3220g_eval/stm3220g_eval_fw/09_cmd_mcu/src/lib/stm32f207_cube/Drivers/STM32F2xx_HAL_Driver/Inc" -I"D:/git/stm3220g_eval/stm3220g_eval_fw/09_cmd_mcu/src/common/core" -O0 -ffunction-sections -fdata-sections -Wall -fstack-usage -fcyclomatic-complexity -MMD -MP -MF"src/main.d" -MT"src/main.o" --specs=nano.specs -mfloat-abi=soft -mthumb -o "src/main.o"
arm-none-eabi-gcc -o "09_cmd_mcu.elf" @"objects.list"   -mcpu=cortex-m3 -T"D:\git\stm3220g_eval\stm3220g_eval_fw\09_cmd_mcu\src\bsp\ldscript\STM32F207IGHX_FLASH.ld" --specs=nosys.specs -Wl,-Map="09_cmd_mcu.map" -Wl,--gc-sections -static --specs=nano.specs -mfloat-abi=soft -mthumb -u _printf_float -u _scanf_float -Wl,--start-group -lc -lm -Wl,--end-group
Finished building target: 09_cmd_mcu.elf
 
arm-none-eabi-size   09_cmd_mcu.elf 
   text	   data	    bss	    dec	    hex	filename
  66624	   1056	  17040	  84720	  14af0	09_cmd_mcu.elf
Finished building: default.size.stdout
 
arm-none-eabi-objdump -h -S  09_cmd_mcu.elf  > "09_cmd_mcu.list"
Finished building: 09_cmd_mcu.list
 
arm-none-eabi-objcopy  -O ihex  09_cmd_mcu.elf  "09_cmd_mcu.hex"
Finished building: 09_cmd_mcu.hex
 
arm-none-eabi-objcopy  -O binary  09_cmd_mcu.elf  "09_cmd_mcu.bin"
Finished building: 09_cmd_mcu.bin
 

22:59:26 Build Finished. 0 errors, 0 warnings. (took 1s.450ms)

