23:22:27 **** Build of configuration Debug for project 07_hw_timer ****
make all 
arm-none-eabi-gcc "../src/lib/stm32f207_cube/USB_DEVICE/Target/usbd_conf.c" -mcpu=cortex-m3 -std=gnu11 -g3 -DSTM32F207xx -c -I"D:/wep_Driver/32_STM32/07_STM3220G_EVAL/work5/stm3220g_eval_fw/07_hw_timer/src" -I"D:/wep_Driver/32_STM32/07_STM3220G_EVAL/work5/stm3220g_eval_fw/07_hw_timer/src/lib/stm32f207_cube/Middlewares/ST/STM32_USB_Device_Library/Class/CDC/Inc" -I"D:/wep_Driver/32_STM32/07_STM3220G_EVAL/work5/stm3220g_eval_fw/07_hw_timer/src/lib/stm32f207_cube/Middlewares/ST/STM32_USB_Device_Library/Core/Inc" -I"D:/wep_Driver/32_STM32/07_STM3220G_EVAL/work5/stm3220g_eval_fw/07_hw_timer/src/lib/stm32f207_cube/USB_DEVICE/App" -I"D:/wep_Driver/32_STM32/07_STM3220G_EVAL/work5/stm3220g_eval_fw/07_hw_timer/src/lib/stm32f207_cube/USB_DEVICE/Target" -I"D:/wep_Driver/32_STM32/07_STM3220G_EVAL/work5/stm3220g_eval_fw/07_hw_timer/src/ap" -I"D:/wep_Driver/32_STM32/07_STM3220G_EVAL/work5/stm3220g_eval_fw/07_hw_timer/src/bsp" -I"D:/wep_Driver/32_STM32/07_STM3220G_EVAL/work5/stm3220g_eval_fw/07_hw_timer/src/common" -I"D:/wep_Driver/32_STM32/07_STM3220G_EVAL/work5/stm3220g_eval_fw/07_hw_timer/src/common/inc" -I"D:/wep_Driver/32_STM32/07_STM3220G_EVAL/work5/stm3220g_eval_fw/07_hw_timer/src/hw" -I"D:/wep_Driver/32_STM32/07_STM3220G_EVAL/work5/stm3220g_eval_fw/07_hw_timer/src/lib/stm32f207_cube/Drivers/CMSIS/Include" -I"D:/wep_Driver/32_STM32/07_STM3220G_EVAL/work5/stm3220g_eval_fw/07_hw_timer/src/lib/stm32f207_cube/Drivers/CMSIS/Device/ST/STM32F2xx/Include" -I"D:/wep_Driver/32_STM32/07_STM3220G_EVAL/work5/stm3220g_eval_fw/07_hw_timer/src/lib/stm32f207_cube/Drivers/STM32F2xx_HAL_Driver/Inc" -I"D:/wep_Driver/32_STM32/07_STM3220G_EVAL/work5/stm3220g_eval_fw/07_hw_timer/src/common/core" -O0 -ffunction-sections -fdata-sections -Wall -fstack-usage -fcyclomatic-complexity -MMD -MP -MF"src/lib/stm32f207_cube/USB_DEVICE/Target/usbd_conf.d" -MT"src/lib/stm32f207_cube/USB_DEVICE/Target/usbd_conf.o" --specs=nano.specs -mfloat-abi=soft -mthumb -o "src/lib/stm32f207_cube/USB_DEVICE/Target/usbd_conf.o"
arm-none-eabi-gcc "../src/lib/stm32f207_cube/USB_DEVICE/App/usb_device.c" -mcpu=cortex-m3 -std=gnu11 -g3 -DSTM32F207xx -c -I"D:/wep_Driver/32_STM32/07_STM3220G_EVAL/work5/stm3220g_eval_fw/07_hw_timer/src" -I"D:/wep_Driver/32_STM32/07_STM3220G_EVAL/work5/stm3220g_eval_fw/07_hw_timer/src/lib/stm32f207_cube/Middlewares/ST/STM32_USB_Device_Library/Class/CDC/Inc" -I"D:/wep_Driver/32_STM32/07_STM3220G_EVAL/work5/stm3220g_eval_fw/07_hw_timer/src/lib/stm32f207_cube/Middlewares/ST/STM32_USB_Device_Library/Core/Inc" -I"D:/wep_Driver/32_STM32/07_STM3220G_EVAL/work5/stm3220g_eval_fw/07_hw_timer/src/lib/stm32f207_cube/USB_DEVICE/App" -I"D:/wep_Driver/32_STM32/07_STM3220G_EVAL/work5/stm3220g_eval_fw/07_hw_timer/src/lib/stm32f207_cube/USB_DEVICE/Target" -I"D:/wep_Driver/32_STM32/07_STM3220G_EVAL/work5/stm3220g_eval_fw/07_hw_timer/src/ap" -I"D:/wep_Driver/32_STM32/07_STM3220G_EVAL/work5/stm3220g_eval_fw/07_hw_timer/src/bsp" -I"D:/wep_Driver/32_STM32/07_STM3220G_EVAL/work5/stm3220g_eval_fw/07_hw_timer/src/common" -I"D:/wep_Driver/32_STM32/07_STM3220G_EVAL/work5/stm3220g_eval_fw/07_hw_timer/src/common/inc" -I"D:/wep_Driver/32_STM32/07_STM3220G_EVAL/work5/stm3220g_eval_fw/07_hw_timer/src/hw" -I"D:/wep_Driver/32_STM32/07_STM3220G_EVAL/work5/stm3220g_eval_fw/07_hw_timer/src/lib/stm32f207_cube/Drivers/CMSIS/Include" -I"D:/wep_Driver/32_STM32/07_STM3220G_EVAL/work5/stm3220g_eval_fw/07_hw_timer/src/lib/stm32f207_cube/Drivers/CMSIS/Device/ST/STM32F2xx/Include" -I"D:/wep_Driver/32_STM32/07_STM3220G_EVAL/work5/stm3220g_eval_fw/07_hw_timer/src/lib/stm32f207_cube/Drivers/STM32F2xx_HAL_Driver/Inc" -I"D:/wep_Driver/32_STM32/07_STM3220G_EVAL/work5/stm3220g_eval_fw/07_hw_timer/src/common/core" -O0 -ffunction-sections -fdata-sections -Wall -fstack-usage -fcyclomatic-complexity -MMD -MP -MF"src/lib/stm32f207_cube/USB_DEVICE/App/usb_device.d" -MT"src/lib/stm32f207_cube/USB_DEVICE/App/usb_device.o" --specs=nano.specs -mfloat-abi=soft -mthumb -o "src/lib/stm32f207_cube/USB_DEVICE/App/usb_device.o"
arm-none-eabi-gcc "../src/lib/stm32f207_cube/USB_DEVICE/App/usbd_cdc_if.c" -mcpu=cortex-m3 -std=gnu11 -g3 -DSTM32F207xx -c -I"D:/wep_Driver/32_STM32/07_STM3220G_EVAL/work5/stm3220g_eval_fw/07_hw_timer/src" -I"D:/wep_Driver/32_STM32/07_STM3220G_EVAL/work5/stm3220g_eval_fw/07_hw_timer/src/lib/stm32f207_cube/Middlewares/ST/STM32_USB_Device_Library/Class/CDC/Inc" -I"D:/wep_Driver/32_STM32/07_STM3220G_EVAL/work5/stm3220g_eval_fw/07_hw_timer/src/lib/stm32f207_cube/Middlewares/ST/STM32_USB_Device_Library/Core/Inc" -I"D:/wep_Driver/32_STM32/07_STM3220G_EVAL/work5/stm3220g_eval_fw/07_hw_timer/src/lib/stm32f207_cube/USB_DEVICE/App" -I"D:/wep_Driver/32_STM32/07_STM3220G_EVAL/work5/stm3220g_eval_fw/07_hw_timer/src/lib/stm32f207_cube/USB_DEVICE/Target" -I"D:/wep_Driver/32_STM32/07_STM3220G_EVAL/work5/stm3220g_eval_fw/07_hw_timer/src/ap" -I"D:/wep_Driver/32_STM32/07_STM3220G_EVAL/work5/stm3220g_eval_fw/07_hw_timer/src/bsp" -I"D:/wep_Driver/32_STM32/07_STM3220G_EVAL/work5/stm3220g_eval_fw/07_hw_timer/src/common" -I"D:/wep_Driver/32_STM32/07_STM3220G_EVAL/work5/stm3220g_eval_fw/07_hw_timer/src/common/inc" -I"D:/wep_Driver/32_STM32/07_STM3220G_EVAL/work5/stm3220g_eval_fw/07_hw_timer/src/hw" -I"D:/wep_Driver/32_STM32/07_STM3220G_EVAL/work5/stm3220g_eval_fw/07_hw_timer/src/lib/stm32f207_cube/Drivers/CMSIS/Include" -I"D:/wep_Driver/32_STM32/07_STM3220G_EVAL/work5/stm3220g_eval_fw/07_hw_timer/src/lib/stm32f207_cube/Drivers/CMSIS/Device/ST/STM32F2xx/Include" -I"D:/wep_Driver/32_STM32/07_STM3220G_EVAL/work5/stm3220g_eval_fw/07_hw_timer/src/lib/stm32f207_cube/Drivers/STM32F2xx_HAL_Driver/Inc" -I"D:/wep_Driver/32_STM32/07_STM3220G_EVAL/work5/stm3220g_eval_fw/07_hw_timer/src/common/core" -O0 -ffunction-sections -fdata-sections -Wall -fstack-usage -fcyclomatic-complexity -MMD -MP -MF"src/lib/stm32f207_cube/USB_DEVICE/App/usbd_cdc_if.d" -MT"src/lib/stm32f207_cube/USB_DEVICE/App/usbd_cdc_if.o" --specs=nano.specs -mfloat-abi=soft -mthumb -o "src/lib/stm32f207_cube/USB_DEVICE/App/usbd_cdc_if.o"
arm-none-eabi-gcc "../src/lib/stm32f207_cube/USB_DEVICE/App/usbd_desc.c" -mcpu=cortex-m3 -std=gnu11 -g3 -DSTM32F207xx -c -I"D:/wep_Driver/32_STM32/07_STM3220G_EVAL/work5/stm3220g_eval_fw/07_hw_timer/src" -I"D:/wep_Driver/32_STM32/07_STM3220G_EVAL/work5/stm3220g_eval_fw/07_hw_timer/src/lib/stm32f207_cube/Middlewares/ST/STM32_USB_Device_Library/Class/CDC/Inc" -I"D:/wep_Driver/32_STM32/07_STM3220G_EVAL/work5/stm3220g_eval_fw/07_hw_timer/src/lib/stm32f207_cube/Middlewares/ST/STM32_USB_Device_Library/Core/Inc" -I"D:/wep_Driver/32_STM32/07_STM3220G_EVAL/work5/stm3220g_eval_fw/07_hw_timer/src/lib/stm32f207_cube/USB_DEVICE/App" -I"D:/wep_Driver/32_STM32/07_STM3220G_EVAL/work5/stm3220g_eval_fw/07_hw_timer/src/lib/stm32f207_cube/USB_DEVICE/Target" -I"D:/wep_Driver/32_STM32/07_STM3220G_EVAL/work5/stm3220g_eval_fw/07_hw_timer/src/ap" -I"D:/wep_Driver/32_STM32/07_STM3220G_EVAL/work5/stm3220g_eval_fw/07_hw_timer/src/bsp" -I"D:/wep_Driver/32_STM32/07_STM3220G_EVAL/work5/stm3220g_eval_fw/07_hw_timer/src/common" -I"D:/wep_Driver/32_STM32/07_STM3220G_EVAL/work5/stm3220g_eval_fw/07_hw_timer/src/common/inc" -I"D:/wep_Driver/32_STM32/07_STM3220G_EVAL/work5/stm3220g_eval_fw/07_hw_timer/src/hw" -I"D:/wep_Driver/32_STM32/07_STM3220G_EVAL/work5/stm3220g_eval_fw/07_hw_timer/src/lib/stm32f207_cube/Drivers/CMSIS/Include" -I"D:/wep_Driver/32_STM32/07_STM3220G_EVAL/work5/stm3220g_eval_fw/07_hw_timer/src/lib/stm32f207_cube/Drivers/CMSIS/Device/ST/STM32F2xx/Include" -I"D:/wep_Driver/32_STM32/07_STM3220G_EVAL/work5/stm3220g_eval_fw/07_hw_timer/src/lib/stm32f207_cube/Drivers/STM32F2xx_HAL_Driver/Inc" -I"D:/wep_Driver/32_STM32/07_STM3220G_EVAL/work5/stm3220g_eval_fw/07_hw_timer/src/common/core" -O0 -ffunction-sections -fdata-sections -Wall -fstack-usage -fcyclomatic-complexity -MMD -MP -MF"src/lib/stm32f207_cube/USB_DEVICE/App/usbd_desc.d" -MT"src/lib/stm32f207_cube/USB_DEVICE/App/usbd_desc.o" --specs=nano.specs -mfloat-abi=soft -mthumb -o "src/lib/stm32f207_cube/USB_DEVICE/App/usbd_desc.o"
arm-none-eabi-gcc "../src/lib/stm32f207_cube/Middlewares/ST/STM32_USB_Device_Library/Core/Src/usbd_core.c" -mcpu=cortex-m3 -std=gnu11 -g3 -DSTM32F207xx -c -I"D:/wep_Driver/32_STM32/07_STM3220G_EVAL/work5/stm3220g_eval_fw/07_hw_timer/src" -I"D:/wep_Driver/32_STM32/07_STM3220G_EVAL/work5/stm3220g_eval_fw/07_hw_timer/src/lib/stm32f207_cube/Middlewares/ST/STM32_USB_Device_Library/Class/CDC/Inc" -I"D:/wep_Driver/32_STM32/07_STM3220G_EVAL/work5/stm3220g_eval_fw/07_hw_timer/src/lib/stm32f207_cube/Middlewares/ST/STM32_USB_Device_Library/Core/Inc" -I"D:/wep_Driver/32_STM32/07_STM3220G_EVAL/work5/stm3220g_eval_fw/07_hw_timer/src/lib/stm32f207_cube/USB_DEVICE/App" -I"D:/wep_Driver/32_STM32/07_STM3220G_EVAL/work5/stm3220g_eval_fw/07_hw_timer/src/lib/stm32f207_cube/USB_DEVICE/Target" -I"D:/wep_Driver/32_STM32/07_STM3220G_EVAL/work5/stm3220g_eval_fw/07_hw_timer/src/ap" -I"D:/wep_Driver/32_STM32/07_STM3220G_EVAL/work5/stm3220g_eval_fw/07_hw_timer/src/bsp" -I"D:/wep_Driver/32_STM32/07_STM3220G_EVAL/work5/stm3220g_eval_fw/07_hw_timer/src/common" -I"D:/wep_Driver/32_STM32/07_STM3220G_EVAL/work5/stm3220g_eval_fw/07_hw_timer/src/common/inc" -I"D:/wep_Driver/32_STM32/07_STM3220G_EVAL/work5/stm3220g_eval_fw/07_hw_timer/src/hw" -I"D:/wep_Driver/32_STM32/07_STM3220G_EVAL/work5/stm3220g_eval_fw/07_hw_timer/src/lib/stm32f207_cube/Drivers/CMSIS/Include" -I"D:/wep_Driver/32_STM32/07_STM3220G_EVAL/work5/stm3220g_eval_fw/07_hw_timer/src/lib/stm32f207_cube/Drivers/CMSIS/Device/ST/STM32F2xx/Include" -I"D:/wep_Driver/32_STM32/07_STM3220G_EVAL/work5/stm3220g_eval_fw/07_hw_timer/src/lib/stm32f207_cube/Drivers/STM32F2xx_HAL_Driver/Inc" -I"D:/wep_Driver/32_STM32/07_STM3220G_EVAL/work5/stm3220g_eval_fw/07_hw_timer/src/common/core" -O0 -ffunction-sections -fdata-sections -Wall -fstack-usage -fcyclomatic-complexity -MMD -MP -MF"src/lib/stm32f207_cube/Middlewares/ST/STM32_USB_Device_Library/Core/Src/usbd_core.d" -MT"src/lib/stm32f207_cube/Middlewares/ST/STM32_USB_Device_Library/Core/Src/usbd_core.o" --specs=nano.specs -mfloat-abi=soft -mthumb -o "src/lib/stm32f207_cube/Middlewares/ST/STM32_USB_Device_Library/Core/Src/usbd_core.o"
arm-none-eabi-gcc "../src/lib/stm32f207_cube/Middlewares/ST/STM32_USB_Device_Library/Core/Src/usbd_ctlreq.c" -mcpu=cortex-m3 -std=gnu11 -g3 -DSTM32F207xx -c -I"D:/wep_Driver/32_STM32/07_STM3220G_EVAL/work5/stm3220g_eval_fw/07_hw_timer/src" -I"D:/wep_Driver/32_STM32/07_STM3220G_EVAL/work5/stm3220g_eval_fw/07_hw_timer/src/lib/stm32f207_cube/Middlewares/ST/STM32_USB_Device_Library/Class/CDC/Inc" -I"D:/wep_Driver/32_STM32/07_STM3220G_EVAL/work5/stm3220g_eval_fw/07_hw_timer/src/lib/stm32f207_cube/Middlewares/ST/STM32_USB_Device_Library/Core/Inc" -I"D:/wep_Driver/32_STM32/07_STM3220G_EVAL/work5/stm3220g_eval_fw/07_hw_timer/src/lib/stm32f207_cube/USB_DEVICE/App" -I"D:/wep_Driver/32_STM32/07_STM3220G_EVAL/work5/stm3220g_eval_fw/07_hw_timer/src/lib/stm32f207_cube/USB_DEVICE/Target" -I"D:/wep_Driver/32_STM32/07_STM3220G_EVAL/work5/stm3220g_eval_fw/07_hw_timer/src/ap" -I"D:/wep_Driver/32_STM32/07_STM3220G_EVAL/work5/stm3220g_eval_fw/07_hw_timer/src/bsp" -I"D:/wep_Driver/32_STM32/07_STM3220G_EVAL/work5/stm3220g_eval_fw/07_hw_timer/src/common" -I"D:/wep_Driver/32_STM32/07_STM3220G_EVAL/work5/stm3220g_eval_fw/07_hw_timer/src/common/inc" -I"D:/wep_Driver/32_STM32/07_STM3220G_EVAL/work5/stm3220g_eval_fw/07_hw_timer/src/hw" -I"D:/wep_Driver/32_STM32/07_STM3220G_EVAL/work5/stm3220g_eval_fw/07_hw_timer/src/lib/stm32f207_cube/Drivers/CMSIS/Include" -I"D:/wep_Driver/32_STM32/07_STM3220G_EVAL/work5/stm3220g_eval_fw/07_hw_timer/src/lib/stm32f207_cube/Drivers/CMSIS/Device/ST/STM32F2xx/Include" -I"D:/wep_Driver/32_STM32/07_STM3220G_EVAL/work5/stm3220g_eval_fw/07_hw_timer/src/lib/stm32f207_cube/Drivers/STM32F2xx_HAL_Driver/Inc" -I"D:/wep_Driver/32_STM32/07_STM3220G_EVAL/work5/stm3220g_eval_fw/07_hw_timer/src/common/core" -O0 -ffunction-sections -fdata-sections -Wall -fstack-usage -fcyclomatic-complexity -MMD -MP -MF"src/lib/stm32f207_cube/Middlewares/ST/STM32_USB_Device_Library/Core/Src/usbd_ctlreq.d" -MT"src/lib/stm32f207_cube/Middlewares/ST/STM32_USB_Device_Library/Core/Src/usbd_ctlreq.o" --specs=nano.specs -mfloat-abi=soft -mthumb -o "src/lib/stm32f207_cube/Middlewares/ST/STM32_USB_Device_Library/Core/Src/usbd_ctlreq.o"
arm-none-eabi-gcc "../src/lib/stm32f207_cube/Middlewares/ST/STM32_USB_Device_Library/Core/Src/usbd_ioreq.c" -mcpu=cortex-m3 -std=gnu11 -g3 -DSTM32F207xx -c -I"D:/wep_Driver/32_STM32/07_STM3220G_EVAL/work5/stm3220g_eval_fw/07_hw_timer/src" -I"D:/wep_Driver/32_STM32/07_STM3220G_EVAL/work5/stm3220g_eval_fw/07_hw_timer/src/lib/stm32f207_cube/Middlewares/ST/STM32_USB_Device_Library/Class/CDC/Inc" -I"D:/wep_Driver/32_STM32/07_STM3220G_EVAL/work5/stm3220g_eval_fw/07_hw_timer/src/lib/stm32f207_cube/Middlewares/ST/STM32_USB_Device_Library/Core/Inc" -I"D:/wep_Driver/32_STM32/07_STM3220G_EVAL/work5/stm3220g_eval_fw/07_hw_timer/src/lib/stm32f207_cube/USB_DEVICE/App" -I"D:/wep_Driver/32_STM32/07_STM3220G_EVAL/work5/stm3220g_eval_fw/07_hw_timer/src/lib/stm32f207_cube/USB_DEVICE/Target" -I"D:/wep_Driver/32_STM32/07_STM3220G_EVAL/work5/stm3220g_eval_fw/07_hw_timer/src/ap" -I"D:/wep_Driver/32_STM32/07_STM3220G_EVAL/work5/stm3220g_eval_fw/07_hw_timer/src/bsp" -I"D:/wep_Driver/32_STM32/07_STM3220G_EVAL/work5/stm3220g_eval_fw/07_hw_timer/src/common" -I"D:/wep_Driver/32_STM32/07_STM3220G_EVAL/work5/stm3220g_eval_fw/07_hw_timer/src/common/inc" -I"D:/wep_Driver/32_STM32/07_STM3220G_EVAL/work5/stm3220g_eval_fw/07_hw_timer/src/hw" -I"D:/wep_Driver/32_STM32/07_STM3220G_EVAL/work5/stm3220g_eval_fw/07_hw_timer/src/lib/stm32f207_cube/Drivers/CMSIS/Include" -I"D:/wep_Driver/32_STM32/07_STM3220G_EVAL/work5/stm3220g_eval_fw/07_hw_timer/src/lib/stm32f207_cube/Drivers/CMSIS/Device/ST/STM32F2xx/Include" -I"D:/wep_Driver/32_STM32/07_STM3220G_EVAL/work5/stm3220g_eval_fw/07_hw_timer/src/lib/stm32f207_cube/Drivers/STM32F2xx_HAL_Driver/Inc" -I"D:/wep_Driver/32_STM32/07_STM3220G_EVAL/work5/stm3220g_eval_fw/07_hw_timer/src/common/core" -O0 -ffunction-sections -fdata-sections -Wall -fstack-usage -fcyclomatic-complexity -MMD -MP -MF"src/lib/stm32f207_cube/Middlewares/ST/STM32_USB_Device_Library/Core/Src/usbd_ioreq.d" -MT"src/lib/stm32f207_cube/Middlewares/ST/STM32_USB_Device_Library/Core/Src/usbd_ioreq.o" --specs=nano.specs -mfloat-abi=soft -mthumb -o "src/lib/stm32f207_cube/Middlewares/ST/STM32_USB_Device_Library/Core/Src/usbd_ioreq.o"
arm-none-eabi-gcc "../src/lib/stm32f207_cube/Middlewares/ST/STM32_USB_Device_Library/Class/CDC/Src/usbd_cdc.c" -mcpu=cortex-m3 -std=gnu11 -g3 -DSTM32F207xx -c -I"D:/wep_Driver/32_STM32/07_STM3220G_EVAL/work5/stm3220g_eval_fw/07_hw_timer/src" -I"D:/wep_Driver/32_STM32/07_STM3220G_EVAL/work5/stm3220g_eval_fw/07_hw_timer/src/lib/stm32f207_cube/Middlewares/ST/STM32_USB_Device_Library/Class/CDC/Inc" -I"D:/wep_Driver/32_STM32/07_STM3220G_EVAL/work5/stm3220g_eval_fw/07_hw_timer/src/lib/stm32f207_cube/Middlewares/ST/STM32_USB_Device_Library/Core/Inc" -I"D:/wep_Driver/32_STM32/07_STM3220G_EVAL/work5/stm3220g_eval_fw/07_hw_timer/src/lib/stm32f207_cube/USB_DEVICE/App" -I"D:/wep_Driver/32_STM32/07_STM3220G_EVAL/work5/stm3220g_eval_fw/07_hw_timer/src/lib/stm32f207_cube/USB_DEVICE/Target" -I"D:/wep_Driver/32_STM32/07_STM3220G_EVAL/work5/stm3220g_eval_fw/07_hw_timer/src/ap" -I"D:/wep_Driver/32_STM32/07_STM3220G_EVAL/work5/stm3220g_eval_fw/07_hw_timer/src/bsp" -I"D:/wep_Driver/32_STM32/07_STM3220G_EVAL/work5/stm3220g_eval_fw/07_hw_timer/src/common" -I"D:/wep_Driver/32_STM32/07_STM3220G_EVAL/work5/stm3220g_eval_fw/07_hw_timer/src/common/inc" -I"D:/wep_Driver/32_STM32/07_STM3220G_EVAL/work5/stm3220g_eval_fw/07_hw_timer/src/hw" -I"D:/wep_Driver/32_STM32/07_STM3220G_EVAL/work5/stm3220g_eval_fw/07_hw_timer/src/lib/stm32f207_cube/Drivers/CMSIS/Include" -I"D:/wep_Driver/32_STM32/07_STM3220G_EVAL/work5/stm3220g_eval_fw/07_hw_timer/src/lib/stm32f207_cube/Drivers/CMSIS/Device/ST/STM32F2xx/Include" -I"D:/wep_Driver/32_STM32/07_STM3220G_EVAL/work5/stm3220g_eval_fw/07_hw_timer/src/lib/stm32f207_cube/Drivers/STM32F2xx_HAL_Driver/Inc" -I"D:/wep_Driver/32_STM32/07_STM3220G_EVAL/work5/stm3220g_eval_fw/07_hw_timer/src/common/core" -O0 -ffunction-sections -fdata-sections -Wall -fstack-usage -fcyclomatic-complexity -MMD -MP -MF"src/lib/stm32f207_cube/Middlewares/ST/STM32_USB_Device_Library/Class/CDC/Src/usbd_cdc.d" -MT"src/lib/stm32f207_cube/Middlewares/ST/STM32_USB_Device_Library/Class/CDC/Src/usbd_cdc.o" --specs=nano.specs -mfloat-abi=soft -mthumb -o "src/lib/stm32f207_cube/Middlewares/ST/STM32_USB_Device_Library/Class/CDC/Src/usbd_cdc.o"
arm-none-eabi-gcc "../src/lib/stm32f207_cube/Drivers/STM32F2xx_HAL_Driver/Src/stm32f2xx_hal.c" -mcpu=cortex-m3 -std=gnu11 -g3 -DSTM32F207xx -c -I"D:/wep_Driver/32_STM32/07_STM3220G_EVAL/work5/stm3220g_eval_fw/07_hw_timer/src" -I"D:/wep_Driver/32_STM32/07_STM3220G_EVAL/work5/stm3220g_eval_fw/07_hw_timer/src/lib/stm32f207_cube/Middlewares/ST/STM32_USB_Device_Library/Class/CDC/Inc" -I"D:/wep_Driver/32_STM32/07_STM3220G_EVAL/work5/stm3220g_eval_fw/07_hw_timer/src/lib/stm32f207_cube/Middlewares/ST/STM32_USB_Device_Library/Core/Inc" -I"D:/wep_Driver/32_STM32/07_STM3220G_EVAL/work5/stm3220g_eval_fw/07_hw_timer/src/lib/stm32f207_cube/USB_DEVICE/App" -I"D:/wep_Driver/32_STM32/07_STM3220G_EVAL/work5/stm3220g_eval_fw/07_hw_timer/src/lib/stm32f207_cube/USB_DEVICE/Target" -I"D:/wep_Driver/32_STM32/07_STM3220G_EVAL/work5/stm3220g_eval_fw/07_hw_timer/src/ap" -I"D:/wep_Driver/32_STM32/07_STM3220G_EVAL/work5/stm3220g_eval_fw/07_hw_timer/src/bsp" -I"D:/wep_Driver/32_STM32/07_STM3220G_EVAL/work5/stm3220g_eval_fw/07_hw_timer/src/common" -I"D:/wep_Driver/32_STM32/07_STM3220G_EVAL/work5/stm3220g_eval_fw/07_hw_timer/src/common/inc" -I"D:/wep_Driver/32_STM32/07_STM3220G_EVAL/work5/stm3220g_eval_fw/07_hw_timer/src/hw" -I"D:/wep_Driver/32_STM32/07_STM3220G_EVAL/work5/stm3220g_eval_fw/07_hw_timer/src/lib/stm32f207_cube/Drivers/CMSIS/Include" -I"D:/wep_Driver/32_STM32/07_STM3220G_EVAL/work5/stm3220g_eval_fw/07_hw_timer/src/lib/stm32f207_cube/Drivers/CMSIS/Device/ST/STM32F2xx/Include" -I"D:/wep_Driver/32_STM32/07_STM3220G_EVAL/work5/stm3220g_eval_fw/07_hw_timer/src/lib/stm32f207_cube/Drivers/STM32F2xx_HAL_Driver/Inc" -I"D:/wep_Driver/32_STM32/07_STM3220G_EVAL/work5/stm3220g_eval_fw/07_hw_timer/src/common/core" -O0 -ffunction-sections -fdata-sections -Wall -fstack-usage -fcyclomatic-complexity -MMD -MP -MF"src/lib/stm32f207_cube/Drivers/STM32F2xx_HAL_Driver/Src/stm32f2xx_hal.d" -MT"src/lib/stm32f207_cube/Drivers/STM32F2xx_HAL_Driver/Src/stm32f2xx_hal.o" --specs=nano.specs -mfloat-abi=soft -mthumb -o "src/lib/stm32f207_cube/Drivers/STM32F2xx_HAL_Driver/Src/stm32f2xx_hal.o"
arm-none-eabi-gcc "../src/lib/stm32f207_cube/Drivers/STM32F2xx_HAL_Driver/Src/stm32f2xx_hal_cortex.c" -mcpu=cortex-m3 -std=gnu11 -g3 -DSTM32F207xx -c -I"D:/wep_Driver/32_STM32/07_STM3220G_EVAL/work5/stm3220g_eval_fw/07_hw_timer/src" -I"D:/wep_Driver/32_STM32/07_STM3220G_EVAL/work5/stm3220g_eval_fw/07_hw_timer/src/lib/stm32f207_cube/Middlewares/ST/STM32_USB_Device_Library/Class/CDC/Inc" -I"D:/wep_Driver/32_STM32/07_STM3220G_EVAL/work5/stm3220g_eval_fw/07_hw_timer/src/lib/stm32f207_cube/Middlewares/ST/STM32_USB_Device_Library/Core/Inc" -I"D:/wep_Driver/32_STM32/07_STM3220G_EVAL/work5/stm3220g_eval_fw/07_hw_timer/src/lib/stm32f207_cube/USB_DEVICE/App" -I"D:/wep_Driver/32_STM32/07_STM3220G_EVAL/work5/stm3220g_eval_fw/07_hw_timer/src/lib/stm32f207_cube/USB_DEVICE/Target" -I"D:/wep_Driver/32_STM32/07_STM3220G_EVAL/work5/stm3220g_eval_fw/07_hw_timer/src/ap" -I"D:/wep_Driver/32_STM32/07_STM3220G_EVAL/work5/stm3220g_eval_fw/07_hw_timer/src/bsp" -I"D:/wep_Driver/32_STM32/07_STM3220G_EVAL/work5/stm3220g_eval_fw/07_hw_timer/src/common" -I"D:/wep_Driver/32_STM32/07_STM3220G_EVAL/work5/stm3220g_eval_fw/07_hw_timer/src/common/inc" -I"D:/wep_Driver/32_STM32/07_STM3220G_EVAL/work5/stm3220g_eval_fw/07_hw_timer/src/hw" -I"D:/wep_Driver/32_STM32/07_STM3220G_EVAL/work5/stm3220g_eval_fw/07_hw_timer/src/lib/stm32f207_cube/Drivers/CMSIS/Include" -I"D:/wep_Driver/32_STM32/07_STM3220G_EVAL/work5/stm3220g_eval_fw/07_hw_timer/src/lib/stm32f207_cube/Drivers/CMSIS/Device/ST/STM32F2xx/Include" -I"D:/wep_Driver/32_STM32/07_STM3220G_EVAL/work5/stm3220g_eval_fw/07_hw_timer/src/lib/stm32f207_cube/Drivers/STM32F2xx_HAL_Driver/Inc" -I"D:/wep_Driver/32_STM32/07_STM3220G_EVAL/work5/stm3220g_eval_fw/07_hw_timer/src/common/core" -O0 -ffunction-sections -fdata-sections -Wall -fstack-usage -fcyclomatic-complexity -MMD -MP -MF"src/lib/stm32f207_cube/Drivers/STM32F2xx_HAL_Driver/Src/stm32f2xx_hal_cortex.d" -MT"src/lib/stm32f207_cube/Drivers/STM32F2xx_HAL_Driver/Src/stm32f2xx_hal_cortex.o" --specs=nano.specs -mfloat-abi=soft -mthumb -o "src/lib/stm32f207_cube/Drivers/STM32F2xx_HAL_Driver/Src/stm32f2xx_hal_cortex.o"
arm-none-eabi-gcc "../src/lib/stm32f207_cube/Drivers/STM32F2xx_HAL_Driver/Src/stm32f2xx_hal_dma.c" -mcpu=cortex-m3 -std=gnu11 -g3 -DSTM32F207xx -c -I"D:/wep_Driver/32_STM32/07_STM3220G_EVAL/work5/stm3220g_eval_fw/07_hw_timer/src" -I"D:/wep_Driver/32_STM32/07_STM3220G_EVAL/work5/stm3220g_eval_fw/07_hw_timer/src/lib/stm32f207_cube/Middlewares/ST/STM32_USB_Device_Library/Class/CDC/Inc" -I"D:/wep_Driver/32_STM32/07_STM3220G_EVAL/work5/stm3220g_eval_fw/07_hw_timer/src/lib/stm32f207_cube/Middlewares/ST/STM32_USB_Device_Library/Core/Inc" -I"D:/wep_Driver/32_STM32/07_STM3220G_EVAL/work5/stm3220g_eval_fw/07_hw_timer/src/lib/stm32f207_cube/USB_DEVICE/App" -I"D:/wep_Driver/32_STM32/07_STM3220G_EVAL/work5/stm3220g_eval_fw/07_hw_timer/src/lib/stm32f207_cube/USB_DEVICE/Target" -I"D:/wep_Driver/32_STM32/07_STM3220G_EVAL/work5/stm3220g_eval_fw/07_hw_timer/src/ap" -I"D:/wep_Driver/32_STM32/07_STM3220G_EVAL/work5/stm3220g_eval_fw/07_hw_timer/src/bsp" -I"D:/wep_Driver/32_STM32/07_STM3220G_EVAL/work5/stm3220g_eval_fw/07_hw_timer/src/common" -I"D:/wep_Driver/32_STM32/07_STM3220G_EVAL/work5/stm3220g_eval_fw/07_hw_timer/src/common/inc" -I"D:/wep_Driver/32_STM32/07_STM3220G_EVAL/work5/stm3220g_eval_fw/07_hw_timer/src/hw" -I"D:/wep_Driver/32_STM32/07_STM3220G_EVAL/work5/stm3220g_eval_fw/07_hw_timer/src/lib/stm32f207_cube/Drivers/CMSIS/Include" -I"D:/wep_Driver/32_STM32/07_STM3220G_EVAL/work5/stm3220g_eval_fw/07_hw_timer/src/lib/stm32f207_cube/Drivers/CMSIS/Device/ST/STM32F2xx/Include" -I"D:/wep_Driver/32_STM32/07_STM3220G_EVAL/work5/stm3220g_eval_fw/07_hw_timer/src/lib/stm32f207_cube/Drivers/STM32F2xx_HAL_Driver/Inc" -I"D:/wep_Driver/32_STM32/07_STM3220G_EVAL/work5/stm3220g_eval_fw/07_hw_timer/src/common/core" -O0 -ffunction-sections -fdata-sections -Wall -fstack-usage -fcyclomatic-complexity -MMD -MP -MF"src/lib/stm32f207_cube/Drivers/STM32F2xx_HAL_Driver/Src/stm32f2xx_hal_dma.d" -MT"src/lib/stm32f207_cube/Drivers/STM32F2xx_HAL_Driver/Src/stm32f2xx_hal_dma.o" --specs=nano.specs -mfloat-abi=soft -mthumb -o "src/lib/stm32f207_cube/Drivers/STM32F2xx_HAL_Driver/Src/stm32f2xx_hal_dma.o"
arm-none-eabi-gcc "../src/lib/stm32f207_cube/Drivers/STM32F2xx_HAL_Driver/Src/stm32f2xx_hal_dma_ex.c" -mcpu=cortex-m3 -std=gnu11 -g3 -DSTM32F207xx -c -I"D:/wep_Driver/32_STM32/07_STM3220G_EVAL/work5/stm3220g_eval_fw/07_hw_timer/src" -I"D:/wep_Driver/32_STM32/07_STM3220G_EVAL/work5/stm3220g_eval_fw/07_hw_timer/src/lib/stm32f207_cube/Middlewares/ST/STM32_USB_Device_Library/Class/CDC/Inc" -I"D:/wep_Driver/32_STM32/07_STM3220G_EVAL/work5/stm3220g_eval_fw/07_hw_timer/src/lib/stm32f207_cube/Middlewares/ST/STM32_USB_Device_Library/Core/Inc" -I"D:/wep_Driver/32_STM32/07_STM3220G_EVAL/work5/stm3220g_eval_fw/07_hw_timer/src/lib/stm32f207_cube/USB_DEVICE/App" -I"D:/wep_Driver/32_STM32/07_STM3220G_EVAL/work5/stm3220g_eval_fw/07_hw_timer/src/lib/stm32f207_cube/USB_DEVICE/Target" -I"D:/wep_Driver/32_STM32/07_STM3220G_EVAL/work5/stm3220g_eval_fw/07_hw_timer/src/ap" -I"D:/wep_Driver/32_STM32/07_STM3220G_EVAL/work5/stm3220g_eval_fw/07_hw_timer/src/bsp" -I"D:/wep_Driver/32_STM32/07_STM3220G_EVAL/work5/stm3220g_eval_fw/07_hw_timer/src/common" -I"D:/wep_Driver/32_STM32/07_STM3220G_EVAL/work5/stm3220g_eval_fw/07_hw_timer/src/common/inc" -I"D:/wep_Driver/32_STM32/07_STM3220G_EVAL/work5/stm3220g_eval_fw/07_hw_timer/src/hw" -I"D:/wep_Driver/32_STM32/07_STM3220G_EVAL/work5/stm3220g_eval_fw/07_hw_timer/src/lib/stm32f207_cube/Drivers/CMSIS/Include" -I"D:/wep_Driver/32_STM32/07_STM3220G_EVAL/work5/stm3220g_eval_fw/07_hw_timer/src/lib/stm32f207_cube/Drivers/CMSIS/Device/ST/STM32F2xx/Include" -I"D:/wep_Driver/32_STM32/07_STM3220G_EVAL/work5/stm3220g_eval_fw/07_hw_timer/src/lib/stm32f207_cube/Drivers/STM32F2xx_HAL_Driver/Inc" -I"D:/wep_Driver/32_STM32/07_STM3220G_EVAL/work5/stm3220g_eval_fw/07_hw_timer/src/common/core" -O0 -ffunction-sections -fdata-sections -Wall -fstack-usage -fcyclomatic-complexity -MMD -MP -MF"src/lib/stm32f207_cube/Drivers/STM32F2xx_HAL_Driver/Src/stm32f2xx_hal_dma_ex.d" -MT"src/lib/stm32f207_cube/Drivers/STM32F2xx_HAL_Driver/Src/stm32f2xx_hal_dma_ex.o" --specs=nano.specs -mfloat-abi=soft -mthumb -o "src/lib/stm32f207_cube/Drivers/STM32F2xx_HAL_Driver/Src/stm32f2xx_hal_dma_ex.o"
arm-none-eabi-gcc "../src/lib/stm32f207_cube/Drivers/STM32F2xx_HAL_Driver/Src/stm32f2xx_hal_exti.c" -mcpu=cortex-m3 -std=gnu11 -g3 -DSTM32F207xx -c -I"D:/wep_Driver/32_STM32/07_STM3220G_EVAL/work5/stm3220g_eval_fw/07_hw_timer/src" -I"D:/wep_Driver/32_STM32/07_STM3220G_EVAL/work5/stm3220g_eval_fw/07_hw_timer/src/lib/stm32f207_cube/Middlewares/ST/STM32_USB_Device_Library/Class/CDC/Inc" -I"D:/wep_Driver/32_STM32/07_STM3220G_EVAL/work5/stm3220g_eval_fw/07_hw_timer/src/lib/stm32f207_cube/Middlewares/ST/STM32_USB_Device_Library/Core/Inc" -I"D:/wep_Driver/32_STM32/07_STM3220G_EVAL/work5/stm3220g_eval_fw/07_hw_timer/src/lib/stm32f207_cube/USB_DEVICE/App" -I"D:/wep_Driver/32_STM32/07_STM3220G_EVAL/work5/stm3220g_eval_fw/07_hw_timer/src/lib/stm32f207_cube/USB_DEVICE/Target" -I"D:/wep_Driver/32_STM32/07_STM3220G_EVAL/work5/stm3220g_eval_fw/07_hw_timer/src/ap" -I"D:/wep_Driver/32_STM32/07_STM3220G_EVAL/work5/stm3220g_eval_fw/07_hw_timer/src/bsp" -I"D:/wep_Driver/32_STM32/07_STM3220G_EVAL/work5/stm3220g_eval_fw/07_hw_timer/src/common" -I"D:/wep_Driver/32_STM32/07_STM3220G_EVAL/work5/stm3220g_eval_fw/07_hw_timer/src/common/inc" -I"D:/wep_Driver/32_STM32/07_STM3220G_EVAL/work5/stm3220g_eval_fw/07_hw_timer/src/hw" -I"D:/wep_Driver/32_STM32/07_STM3220G_EVAL/work5/stm3220g_eval_fw/07_hw_timer/src/lib/stm32f207_cube/Drivers/CMSIS/Include" -I"D:/wep_Driver/32_STM32/07_STM3220G_EVAL/work5/stm3220g_eval_fw/07_hw_timer/src/lib/stm32f207_cube/Drivers/CMSIS/Device/ST/STM32F2xx/Include" -I"D:/wep_Driver/32_STM32/07_STM3220G_EVAL/work5/stm3220g_eval_fw/07_hw_timer/src/lib/stm32f207_cube/Drivers/STM32F2xx_HAL_Driver/Inc" -I"D:/wep_Driver/32_STM32/07_STM3220G_EVAL/work5/stm3220g_eval_fw/07_hw_timer/src/common/core" -O0 -ffunction-sections -fdata-sections -Wall -fstack-usage -fcyclomatic-complexity -MMD -MP -MF"src/lib/stm32f207_cube/Drivers/STM32F2xx_HAL_Driver/Src/stm32f2xx_hal_exti.d" -MT"src/lib/stm32f207_cube/Drivers/STM32F2xx_HAL_Driver/Src/stm32f2xx_hal_exti.o" --specs=nano.specs -mfloat-abi=soft -mthumb -o "src/lib/stm32f207_cube/Drivers/STM32F2xx_HAL_Driver/Src/stm32f2xx_hal_exti.o"
arm-none-eabi-gcc "../src/lib/stm32f207_cube/Drivers/STM32F2xx_HAL_Driver/Src/stm32f2xx_hal_flash.c" -mcpu=cortex-m3 -std=gnu11 -g3 -DSTM32F207xx -c -I"D:/wep_Driver/32_STM32/07_STM3220G_EVAL/work5/stm3220g_eval_fw/07_hw_timer/src" -I"D:/wep_Driver/32_STM32/07_STM3220G_EVAL/work5/stm3220g_eval_fw/07_hw_timer/src/lib/stm32f207_cube/Middlewares/ST/STM32_USB_Device_Library/Class/CDC/Inc" -I"D:/wep_Driver/32_STM32/07_STM3220G_EVAL/work5/stm3220g_eval_fw/07_hw_timer/src/lib/stm32f207_cube/Middlewares/ST/STM32_USB_Device_Library/Core/Inc" -I"D:/wep_Driver/32_STM32/07_STM3220G_EVAL/work5/stm3220g_eval_fw/07_hw_timer/src/lib/stm32f207_cube/USB_DEVICE/App" -I"D:/wep_Driver/32_STM32/07_STM3220G_EVAL/work5/stm3220g_eval_fw/07_hw_timer/src/lib/stm32f207_cube/USB_DEVICE/Target" -I"D:/wep_Driver/32_STM32/07_STM3220G_EVAL/work5/stm3220g_eval_fw/07_hw_timer/src/ap" -I"D:/wep_Driver/32_STM32/07_STM3220G_EVAL/work5/stm3220g_eval_fw/07_hw_timer/src/bsp" -I"D:/wep_Driver/32_STM32/07_STM3220G_EVAL/work5/stm3220g_eval_fw/07_hw_timer/src/common" -I"D:/wep_Driver/32_STM32/07_STM3220G_EVAL/work5/stm3220g_eval_fw/07_hw_timer/src/common/inc" -I"D:/wep_Driver/32_STM32/07_STM3220G_EVAL/work5/stm3220g_eval_fw/07_hw_timer/src/hw" -I"D:/wep_Driver/32_STM32/07_STM3220G_EVAL/work5/stm3220g_eval_fw/07_hw_timer/src/lib/stm32f207_cube/Drivers/CMSIS/Include" -I"D:/wep_Driver/32_STM32/07_STM3220G_EVAL/work5/stm3220g_eval_fw/07_hw_timer/src/lib/stm32f207_cube/Drivers/CMSIS/Device/ST/STM32F2xx/Include" -I"D:/wep_Driver/32_STM32/07_STM3220G_EVAL/work5/stm3220g_eval_fw/07_hw_timer/src/lib/stm32f207_cube/Drivers/STM32F2xx_HAL_Driver/Inc" -I"D:/wep_Driver/32_STM32/07_STM3220G_EVAL/work5/stm3220g_eval_fw/07_hw_timer/src/common/core" -O0 -ffunction-sections -fdata-sections -Wall -fstack-usage -fcyclomatic-complexity -MMD -MP -MF"src/lib/stm32f207_cube/Drivers/STM32F2xx_HAL_Driver/Src/stm32f2xx_hal_flash.d" -MT"src/lib/stm32f207_cube/Drivers/STM32F2xx_HAL_Driver/Src/stm32f2xx_hal_flash.o" --specs=nano.specs -mfloat-abi=soft -mthumb -o "src/lib/stm32f207_cube/Drivers/STM32F2xx_HAL_Driver/Src/stm32f2xx_hal_flash.o"
arm-none-eabi-gcc "../src/lib/stm32f207_cube/Drivers/STM32F2xx_HAL_Driver/Src/stm32f2xx_hal_flash_ex.c" -mcpu=cortex-m3 -std=gnu11 -g3 -DSTM32F207xx -c -I"D:/wep_Driver/32_STM32/07_STM3220G_EVAL/work5/stm3220g_eval_fw/07_hw_timer/src" -I"D:/wep_Driver/32_STM32/07_STM3220G_EVAL/work5/stm3220g_eval_fw/07_hw_timer/src/lib/stm32f207_cube/Middlewares/ST/STM32_USB_Device_Library/Class/CDC/Inc" -I"D:/wep_Driver/32_STM32/07_STM3220G_EVAL/work5/stm3220g_eval_fw/07_hw_timer/src/lib/stm32f207_cube/Middlewares/ST/STM32_USB_Device_Library/Core/Inc" -I"D:/wep_Driver/32_STM32/07_STM3220G_EVAL/work5/stm3220g_eval_fw/07_hw_timer/src/lib/stm32f207_cube/USB_DEVICE/App" -I"D:/wep_Driver/32_STM32/07_STM3220G_EVAL/work5/stm3220g_eval_fw/07_hw_timer/src/lib/stm32f207_cube/USB_DEVICE/Target" -I"D:/wep_Driver/32_STM32/07_STM3220G_EVAL/work5/stm3220g_eval_fw/07_hw_timer/src/ap" -I"D:/wep_Driver/32_STM32/07_STM3220G_EVAL/work5/stm3220g_eval_fw/07_hw_timer/src/bsp" -I"D:/wep_Driver/32_STM32/07_STM3220G_EVAL/work5/stm3220g_eval_fw/07_hw_timer/src/common" -I"D:/wep_Driver/32_STM32/07_STM3220G_EVAL/work5/stm3220g_eval_fw/07_hw_timer/src/common/inc" -I"D:/wep_Driver/32_STM32/07_STM3220G_EVAL/work5/stm3220g_eval_fw/07_hw_timer/src/hw" -I"D:/wep_Driver/32_STM32/07_STM3220G_EVAL/work5/stm3220g_eval_fw/07_hw_timer/src/lib/stm32f207_cube/Drivers/CMSIS/Include" -I"D:/wep_Driver/32_STM32/07_STM3220G_EVAL/work5/stm3220g_eval_fw/07_hw_timer/src/lib/stm32f207_cube/Drivers/CMSIS/Device/ST/STM32F2xx/Include" -I"D:/wep_Driver/32_STM32/07_STM3220G_EVAL/work5/stm3220g_eval_fw/07_hw_timer/src/lib/stm32f207_cube/Drivers/STM32F2xx_HAL_Driver/Inc" -I"D:/wep_Driver/32_STM32/07_STM3220G_EVAL/work5/stm3220g_eval_fw/07_hw_timer/src/common/core" -O0 -ffunction-sections -fdata-sections -Wall -fstack-usage -fcyclomatic-complexity -MMD -MP -MF"src/lib/stm32f207_cube/Drivers/STM32F2xx_HAL_Driver/Src/stm32f2xx_hal_flash_ex.d" -MT"src/lib/stm32f207_cube/Drivers/STM32F2xx_HAL_Driver/Src/stm32f2xx_hal_flash_ex.o" --specs=nano.specs -mfloat-abi=soft -mthumb -o "src/lib/stm32f207_cube/Drivers/STM32F2xx_HAL_Driver/Src/stm32f2xx_hal_flash_ex.o"
arm-none-eabi-gcc "../src/lib/stm32f207_cube/Drivers/STM32F2xx_HAL_Driver/Src/stm32f2xx_hal_gpio.c" -mcpu=cortex-m3 -std=gnu11 -g3 -DSTM32F207xx -c -I"D:/wep_Driver/32_STM32/07_STM3220G_EVAL/work5/stm3220g_eval_fw/07_hw_timer/src" -I"D:/wep_Driver/32_STM32/07_STM3220G_EVAL/work5/stm3220g_eval_fw/07_hw_timer/src/lib/stm32f207_cube/Middlewares/ST/STM32_USB_Device_Library/Class/CDC/Inc" -I"D:/wep_Driver/32_STM32/07_STM3220G_EVAL/work5/stm3220g_eval_fw/07_hw_timer/src/lib/stm32f207_cube/Middlewares/ST/STM32_USB_Device_Library/Core/Inc" -I"D:/wep_Driver/32_STM32/07_STM3220G_EVAL/work5/stm3220g_eval_fw/07_hw_timer/src/lib/stm32f207_cube/USB_DEVICE/App" -I"D:/wep_Driver/32_STM32/07_STM3220G_EVAL/work5/stm3220g_eval_fw/07_hw_timer/src/lib/stm32f207_cube/USB_DEVICE/Target" -I"D:/wep_Driver/32_STM32/07_STM3220G_EVAL/work5/stm3220g_eval_fw/07_hw_timer/src/ap" -I"D:/wep_Driver/32_STM32/07_STM3220G_EVAL/work5/stm3220g_eval_fw/07_hw_timer/src/bsp" -I"D:/wep_Driver/32_STM32/07_STM3220G_EVAL/work5/stm3220g_eval_fw/07_hw_timer/src/common" -I"D:/wep_Driver/32_STM32/07_STM3220G_EVAL/work5/stm3220g_eval_fw/07_hw_timer/src/common/inc" -I"D:/wep_Driver/32_STM32/07_STM3220G_EVAL/work5/stm3220g_eval_fw/07_hw_timer/src/hw" -I"D:/wep_Driver/32_STM32/07_STM3220G_EVAL/work5/stm3220g_eval_fw/07_hw_timer/src/lib/stm32f207_cube/Drivers/CMSIS/Include" -I"D:/wep_Driver/32_STM32/07_STM3220G_EVAL/work5/stm3220g_eval_fw/07_hw_timer/src/lib/stm32f207_cube/Drivers/CMSIS/Device/ST/STM32F2xx/Include" -I"D:/wep_Driver/32_STM32/07_STM3220G_EVAL/work5/stm3220g_eval_fw/07_hw_timer/src/lib/stm32f207_cube/Drivers/STM32F2xx_HAL_Driver/Inc" -I"D:/wep_Driver/32_STM32/07_STM3220G_EVAL/work5/stm3220g_eval_fw/07_hw_timer/src/common/core" -O0 -ffunction-sections -fdata-sections -Wall -fstack-usage -fcyclomatic-complexity -MMD -MP -MF"src/lib/stm32f207_cube/Drivers/STM32F2xx_HAL_Driver/Src/stm32f2xx_hal_gpio.d" -MT"src/lib/stm32f207_cube/Drivers/STM32F2xx_HAL_Driver/Src/stm32f2xx_hal_gpio.o" --specs=nano.specs -mfloat-abi=soft -mthumb -o "src/lib/stm32f207_cube/Drivers/STM32F2xx_HAL_Driver/Src/stm32f2xx_hal_gpio.o"
arm-none-eabi-gcc "../src/lib/stm32f207_cube/Drivers/STM32F2xx_HAL_Driver/Src/stm32f2xx_hal_pcd.c" -mcpu=cortex-m3 -std=gnu11 -g3 -DSTM32F207xx -c -I"D:/wep_Driver/32_STM32/07_STM3220G_EVAL/work5/stm3220g_eval_fw/07_hw_timer/src" -I"D:/wep_Driver/32_STM32/07_STM3220G_EVAL/work5/stm3220g_eval_fw/07_hw_timer/src/lib/stm32f207_cube/Middlewares/ST/STM32_USB_Device_Library/Class/CDC/Inc" -I"D:/wep_Driver/32_STM32/07_STM3220G_EVAL/work5/stm3220g_eval_fw/07_hw_timer/src/lib/stm32f207_cube/Middlewares/ST/STM32_USB_Device_Library/Core/Inc" -I"D:/wep_Driver/32_STM32/07_STM3220G_EVAL/work5/stm3220g_eval_fw/07_hw_timer/src/lib/stm32f207_cube/USB_DEVICE/App" -I"D:/wep_Driver/32_STM32/07_STM3220G_EVAL/work5/stm3220g_eval_fw/07_hw_timer/src/lib/stm32f207_cube/USB_DEVICE/Target" -I"D:/wep_Driver/32_STM32/07_STM3220G_EVAL/work5/stm3220g_eval_fw/07_hw_timer/src/ap" -I"D:/wep_Driver/32_STM32/07_STM3220G_EVAL/work5/stm3220g_eval_fw/07_hw_timer/src/bsp" -I"D:/wep_Driver/32_STM32/07_STM3220G_EVAL/work5/stm3220g_eval_fw/07_hw_timer/src/common" -I"D:/wep_Driver/32_STM32/07_STM3220G_EVAL/work5/stm3220g_eval_fw/07_hw_timer/src/common/inc" -I"D:/wep_Driver/32_STM32/07_STM3220G_EVAL/work5/stm3220g_eval_fw/07_hw_timer/src/hw" -I"D:/wep_Driver/32_STM32/07_STM3220G_EVAL/work5/stm3220g_eval_fw/07_hw_timer/src/lib/stm32f207_cube/Drivers/CMSIS/Include" -I"D:/wep_Driver/32_STM32/07_STM3220G_EVAL/work5/stm3220g_eval_fw/07_hw_timer/src/lib/stm32f207_cube/Drivers/CMSIS/Device/ST/STM32F2xx/Include" -I"D:/wep_Driver/32_STM32/07_STM3220G_EVAL/work5/stm3220g_eval_fw/07_hw_timer/src/lib/stm32f207_cube/Drivers/STM32F2xx_HAL_Driver/Inc" -I"D:/wep_Driver/32_STM32/07_STM3220G_EVAL/work5/stm3220g_eval_fw/07_hw_timer/src/common/core" -O0 -ffunction-sections -fdata-sections -Wall -fstack-usage -fcyclomatic-complexity -MMD -MP -MF"src/lib/stm32f207_cube/Drivers/STM32F2xx_HAL_Driver/Src/stm32f2xx_hal_pcd.d" -MT"src/lib/stm32f207_cube/Drivers/STM32F2xx_HAL_Driver/Src/stm32f2xx_hal_pcd.o" --specs=nano.specs -mfloat-abi=soft -mthumb -o "src/lib/stm32f207_cube/Drivers/STM32F2xx_HAL_Driver/Src/stm32f2xx_hal_pcd.o"
arm-none-eabi-gcc "../src/lib/stm32f207_cube/Drivers/STM32F2xx_HAL_Driver/Src/stm32f2xx_hal_pcd_ex.c" -mcpu=cortex-m3 -std=gnu11 -g3 -DSTM32F207xx -c -I"D:/wep_Driver/32_STM32/07_STM3220G_EVAL/work5/stm3220g_eval_fw/07_hw_timer/src" -I"D:/wep_Driver/32_STM32/07_STM3220G_EVAL/work5/stm3220g_eval_fw/07_hw_timer/src/lib/stm32f207_cube/Middlewares/ST/STM32_USB_Device_Library/Class/CDC/Inc" -I"D:/wep_Driver/32_STM32/07_STM3220G_EVAL/work5/stm3220g_eval_fw/07_hw_timer/src/lib/stm32f207_cube/Middlewares/ST/STM32_USB_Device_Library/Core/Inc" -I"D:/wep_Driver/32_STM32/07_STM3220G_EVAL/work5/stm3220g_eval_fw/07_hw_timer/src/lib/stm32f207_cube/USB_DEVICE/App" -I"D:/wep_Driver/32_STM32/07_STM3220G_EVAL/work5/stm3220g_eval_fw/07_hw_timer/src/lib/stm32f207_cube/USB_DEVICE/Target" -I"D:/wep_Driver/32_STM32/07_STM3220G_EVAL/work5/stm3220g_eval_fw/07_hw_timer/src/ap" -I"D:/wep_Driver/32_STM32/07_STM3220G_EVAL/work5/stm3220g_eval_fw/07_hw_timer/src/bsp" -I"D:/wep_Driver/32_STM32/07_STM3220G_EVAL/work5/stm3220g_eval_fw/07_hw_timer/src/common" -I"D:/wep_Driver/32_STM32/07_STM3220G_EVAL/work5/stm3220g_eval_fw/07_hw_timer/src/common/inc" -I"D:/wep_Driver/32_STM32/07_STM3220G_EVAL/work5/stm3220g_eval_fw/07_hw_timer/src/hw" -I"D:/wep_Driver/32_STM32/07_STM3220G_EVAL/work5/stm3220g_eval_fw/07_hw_timer/src/lib/stm32f207_cube/Drivers/CMSIS/Include" -I"D:/wep_Driver/32_STM32/07_STM3220G_EVAL/work5/stm3220g_eval_fw/07_hw_timer/src/lib/stm32f207_cube/Drivers/CMSIS/Device/ST/STM32F2xx/Include" -I"D:/wep_Driver/32_STM32/07_STM3220G_EVAL/work5/stm3220g_eval_fw/07_hw_timer/src/lib/stm32f207_cube/Drivers/STM32F2xx_HAL_Driver/Inc" -I"D:/wep_Driver/32_STM32/07_STM3220G_EVAL/work5/stm3220g_eval_fw/07_hw_timer/src/common/core" -O0 -ffunction-sections -fdata-sections -Wall -fstack-usage -fcyclomatic-complexity -MMD -MP -MF"src/lib/stm32f207_cube/Drivers/STM32F2xx_HAL_Driver/Src/stm32f2xx_hal_pcd_ex.d" -MT"src/lib/stm32f207_cube/Drivers/STM32F2xx_HAL_Driver/Src/stm32f2xx_hal_pcd_ex.o" --specs=nano.specs -mfloat-abi=soft -mthumb -o "src/lib/stm32f207_cube/Drivers/STM32F2xx_HAL_Driver/Src/stm32f2xx_hal_pcd_ex.o"
arm-none-eabi-gcc "../src/lib/stm32f207_cube/Drivers/STM32F2xx_HAL_Driver/Src/stm32f2xx_hal_pwr.c" -mcpu=cortex-m3 -std=gnu11 -g3 -DSTM32F207xx -c -I"D:/wep_Driver/32_STM32/07_STM3220G_EVAL/work5/stm3220g_eval_fw/07_hw_timer/src" -I"D:/wep_Driver/32_STM32/07_STM3220G_EVAL/work5/stm3220g_eval_fw/07_hw_timer/src/lib/stm32f207_cube/Middlewares/ST/STM32_USB_Device_Library/Class/CDC/Inc" -I"D:/wep_Driver/32_STM32/07_STM3220G_EVAL/work5/stm3220g_eval_fw/07_hw_timer/src/lib/stm32f207_cube/Middlewares/ST/STM32_USB_Device_Library/Core/Inc" -I"D:/wep_Driver/32_STM32/07_STM3220G_EVAL/work5/stm3220g_eval_fw/07_hw_timer/src/lib/stm32f207_cube/USB_DEVICE/App" -I"D:/wep_Driver/32_STM32/07_STM3220G_EVAL/work5/stm3220g_eval_fw/07_hw_timer/src/lib/stm32f207_cube/USB_DEVICE/Target" -I"D:/wep_Driver/32_STM32/07_STM3220G_EVAL/work5/stm3220g_eval_fw/07_hw_timer/src/ap" -I"D:/wep_Driver/32_STM32/07_STM3220G_EVAL/work5/stm3220g_eval_fw/07_hw_timer/src/bsp" -I"D:/wep_Driver/32_STM32/07_STM3220G_EVAL/work5/stm3220g_eval_fw/07_hw_timer/src/common" -I"D:/wep_Driver/32_STM32/07_STM3220G_EVAL/work5/stm3220g_eval_fw/07_hw_timer/src/common/inc" -I"D:/wep_Driver/32_STM32/07_STM3220G_EVAL/work5/stm3220g_eval_fw/07_hw_timer/src/hw" -I"D:/wep_Driver/32_STM32/07_STM3220G_EVAL/work5/stm3220g_eval_fw/07_hw_timer/src/lib/stm32f207_cube/Drivers/CMSIS/Include" -I"D:/wep_Driver/32_STM32/07_STM3220G_EVAL/work5/stm3220g_eval_fw/07_hw_timer/src/lib/stm32f207_cube/Drivers/CMSIS/Device/ST/STM32F2xx/Include" -I"D:/wep_Driver/32_STM32/07_STM3220G_EVAL/work5/stm3220g_eval_fw/07_hw_timer/src/lib/stm32f207_cube/Drivers/STM32F2xx_HAL_Driver/Inc" -I"D:/wep_Driver/32_STM32/07_STM3220G_EVAL/work5/stm3220g_eval_fw/07_hw_timer/src/common/core" -O0 -ffunction-sections -fdata-sections -Wall -fstack-usage -fcyclomatic-complexity -MMD -MP -MF"src/lib/stm32f207_cube/Drivers/STM32F2xx_HAL_Driver/Src/stm32f2xx_hal_pwr.d" -MT"src/lib/stm32f207_cube/Drivers/STM32F2xx_HAL_Driver/Src/stm32f2xx_hal_pwr.o" --specs=nano.specs -mfloat-abi=soft -mthumb -o "src/lib/stm32f207_cube/Drivers/STM32F2xx_HAL_Driver/Src/stm32f2xx_hal_pwr.o"
arm-none-eabi-gcc "../src/lib/stm32f207_cube/Drivers/STM32F2xx_HAL_Driver/Src/stm32f2xx_hal_pwr_ex.c" -mcpu=cortex-m3 -std=gnu11 -g3 -DSTM32F207xx -c -I"D:/wep_Driver/32_STM32/07_STM3220G_EVAL/work5/stm3220g_eval_fw/07_hw_timer/src" -I"D:/wep_Driver/32_STM32/07_STM3220G_EVAL/work5/stm3220g_eval_fw/07_hw_timer/src/lib/stm32f207_cube/Middlewares/ST/STM32_USB_Device_Library/Class/CDC/Inc" -I"D:/wep_Driver/32_STM32/07_STM3220G_EVAL/work5/stm3220g_eval_fw/07_hw_timer/src/lib/stm32f207_cube/Middlewares/ST/STM32_USB_Device_Library/Core/Inc" -I"D:/wep_Driver/32_STM32/07_STM3220G_EVAL/work5/stm3220g_eval_fw/07_hw_timer/src/lib/stm32f207_cube/USB_DEVICE/App" -I"D:/wep_Driver/32_STM32/07_STM3220G_EVAL/work5/stm3220g_eval_fw/07_hw_timer/src/lib/stm32f207_cube/USB_DEVICE/Target" -I"D:/wep_Driver/32_STM32/07_STM3220G_EVAL/work5/stm3220g_eval_fw/07_hw_timer/src/ap" -I"D:/wep_Driver/32_STM32/07_STM3220G_EVAL/work5/stm3220g_eval_fw/07_hw_timer/src/bsp" -I"D:/wep_Driver/32_STM32/07_STM3220G_EVAL/work5/stm3220g_eval_fw/07_hw_timer/src/common" -I"D:/wep_Driver/32_STM32/07_STM3220G_EVAL/work5/stm3220g_eval_fw/07_hw_timer/src/common/inc" -I"D:/wep_Driver/32_STM32/07_STM3220G_EVAL/work5/stm3220g_eval_fw/07_hw_timer/src/hw" -I"D:/wep_Driver/32_STM32/07_STM3220G_EVAL/work5/stm3220g_eval_fw/07_hw_timer/src/lib/stm32f207_cube/Drivers/CMSIS/Include" -I"D:/wep_Driver/32_STM32/07_STM3220G_EVAL/work5/stm3220g_eval_fw/07_hw_timer/src/lib/stm32f207_cube/Drivers/CMSIS/Device/ST/STM32F2xx/Include" -I"D:/wep_Driver/32_STM32/07_STM3220G_EVAL/work5/stm3220g_eval_fw/07_hw_timer/src/lib/stm32f207_cube/Drivers/STM32F2xx_HAL_Driver/Inc" -I"D:/wep_Driver/32_STM32/07_STM3220G_EVAL/work5/stm3220g_eval_fw/07_hw_timer/src/common/core" -O0 -ffunction-sections -fdata-sections -Wall -fstack-usage -fcyclomatic-complexity -MMD -MP -MF"src/lib/stm32f207_cube/Drivers/STM32F2xx_HAL_Driver/Src/stm32f2xx_hal_pwr_ex.d" -MT"src/lib/stm32f207_cube/Drivers/STM32F2xx_HAL_Driver/Src/stm32f2xx_hal_pwr_ex.o" --specs=nano.specs -mfloat-abi=soft -mthumb -o "src/lib/stm32f207_cube/Drivers/STM32F2xx_HAL_Driver/Src/stm32f2xx_hal_pwr_ex.o"
arm-none-eabi-gcc "../src/lib/stm32f207_cube/Drivers/STM32F2xx_HAL_Driver/Src/stm32f2xx_hal_rcc.c" -mcpu=cortex-m3 -std=gnu11 -g3 -DSTM32F207xx -c -I"D:/wep_Driver/32_STM32/07_STM3220G_EVAL/work5/stm3220g_eval_fw/07_hw_timer/src" -I"D:/wep_Driver/32_STM32/07_STM3220G_EVAL/work5/stm3220g_eval_fw/07_hw_timer/src/lib/stm32f207_cube/Middlewares/ST/STM32_USB_Device_Library/Class/CDC/Inc" -I"D:/wep_Driver/32_STM32/07_STM3220G_EVAL/work5/stm3220g_eval_fw/07_hw_timer/src/lib/stm32f207_cube/Middlewares/ST/STM32_USB_Device_Library/Core/Inc" -I"D:/wep_Driver/32_STM32/07_STM3220G_EVAL/work5/stm3220g_eval_fw/07_hw_timer/src/lib/stm32f207_cube/USB_DEVICE/App" -I"D:/wep_Driver/32_STM32/07_STM3220G_EVAL/work5/stm3220g_eval_fw/07_hw_timer/src/lib/stm32f207_cube/USB_DEVICE/Target" -I"D:/wep_Driver/32_STM32/07_STM3220G_EVAL/work5/stm3220g_eval_fw/07_hw_timer/src/ap" -I"D:/wep_Driver/32_STM32/07_STM3220G_EVAL/work5/stm3220g_eval_fw/07_hw_timer/src/bsp" -I"D:/wep_Driver/32_STM32/07_STM3220G_EVAL/work5/stm3220g_eval_fw/07_hw_timer/src/common" -I"D:/wep_Driver/32_STM32/07_STM3220G_EVAL/work5/stm3220g_eval_fw/07_hw_timer/src/common/inc" -I"D:/wep_Driver/32_STM32/07_STM3220G_EVAL/work5/stm3220g_eval_fw/07_hw_timer/src/hw" -I"D:/wep_Driver/32_STM32/07_STM3220G_EVAL/work5/stm3220g_eval_fw/07_hw_timer/src/lib/stm32f207_cube/Drivers/CMSIS/Include" -I"D:/wep_Driver/32_STM32/07_STM3220G_EVAL/work5/stm3220g_eval_fw/07_hw_timer/src/lib/stm32f207_cube/Drivers/CMSIS/Device/ST/STM32F2xx/Include" -I"D:/wep_Driver/32_STM32/07_STM3220G_EVAL/work5/stm3220g_eval_fw/07_hw_timer/src/lib/stm32f207_cube/Drivers/STM32F2xx_HAL_Driver/Inc" -I"D:/wep_Driver/32_STM32/07_STM3220G_EVAL/work5/stm3220g_eval_fw/07_hw_timer/src/common/core" -O0 -ffunction-sections -fdata-sections -Wall -fstack-usage -fcyclomatic-complexity -MMD -MP -MF"src/lib/stm32f207_cube/Drivers/STM32F2xx_HAL_Driver/Src/stm32f2xx_hal_rcc.d" -MT"src/lib/stm32f207_cube/Drivers/STM32F2xx_HAL_Driver/Src/stm32f2xx_hal_rcc.o" --specs=nano.specs -mfloat-abi=soft -mthumb -o "src/lib/stm32f207_cube/Drivers/STM32F2xx_HAL_Driver/Src/stm32f2xx_hal_rcc.o"
arm-none-eabi-gcc "../src/lib/stm32f207_cube/Drivers/STM32F2xx_HAL_Driver/Src/stm32f2xx_hal_rcc_ex.c" -mcpu=cortex-m3 -std=gnu11 -g3 -DSTM32F207xx -c -I"D:/wep_Driver/32_STM32/07_STM3220G_EVAL/work5/stm3220g_eval_fw/07_hw_timer/src" -I"D:/wep_Driver/32_STM32/07_STM3220G_EVAL/work5/stm3220g_eval_fw/07_hw_timer/src/lib/stm32f207_cube/Middlewares/ST/STM32_USB_Device_Library/Class/CDC/Inc" -I"D:/wep_Driver/32_STM32/07_STM3220G_EVAL/work5/stm3220g_eval_fw/07_hw_timer/src/lib/stm32f207_cube/Middlewares/ST/STM32_USB_Device_Library/Core/Inc" -I"D:/wep_Driver/32_STM32/07_STM3220G_EVAL/work5/stm3220g_eval_fw/07_hw_timer/src/lib/stm32f207_cube/USB_DEVICE/App" -I"D:/wep_Driver/32_STM32/07_STM3220G_EVAL/work5/stm3220g_eval_fw/07_hw_timer/src/lib/stm32f207_cube/USB_DEVICE/Target" -I"D:/wep_Driver/32_STM32/07_STM3220G_EVAL/work5/stm3220g_eval_fw/07_hw_timer/src/ap" -I"D:/wep_Driver/32_STM32/07_STM3220G_EVAL/work5/stm3220g_eval_fw/07_hw_timer/src/bsp" -I"D:/wep_Driver/32_STM32/07_STM3220G_EVAL/work5/stm3220g_eval_fw/07_hw_timer/src/common" -I"D:/wep_Driver/32_STM32/07_STM3220G_EVAL/work5/stm3220g_eval_fw/07_hw_timer/src/common/inc" -I"D:/wep_Driver/32_STM32/07_STM3220G_EVAL/work5/stm3220g_eval_fw/07_hw_timer/src/hw" -I"D:/wep_Driver/32_STM32/07_STM3220G_EVAL/work5/stm3220g_eval_fw/07_hw_timer/src/lib/stm32f207_cube/Drivers/CMSIS/Include" -I"D:/wep_Driver/32_STM32/07_STM3220G_EVAL/work5/stm3220g_eval_fw/07_hw_timer/src/lib/stm32f207_cube/Drivers/CMSIS/Device/ST/STM32F2xx/Include" -I"D:/wep_Driver/32_STM32/07_STM3220G_EVAL/work5/stm3220g_eval_fw/07_hw_timer/src/lib/stm32f207_cube/Drivers/STM32F2xx_HAL_Driver/Inc" -I"D:/wep_Driver/32_STM32/07_STM3220G_EVAL/work5/stm3220g_eval_fw/07_hw_timer/src/common/core" -O0 -ffunction-sections -fdata-sections -Wall -fstack-usage -fcyclomatic-complexity -MMD -MP -MF"src/lib/stm32f207_cube/Drivers/STM32F2xx_HAL_Driver/Src/stm32f2xx_hal_rcc_ex.d" -MT"src/lib/stm32f207_cube/Drivers/STM32F2xx_HAL_Driver/Src/stm32f2xx_hal_rcc_ex.o" --specs=nano.specs -mfloat-abi=soft -mthumb -o "src/lib/stm32f207_cube/Drivers/STM32F2xx_HAL_Driver/Src/stm32f2xx_hal_rcc_ex.o"
arm-none-eabi-gcc "../src/lib/stm32f207_cube/Drivers/STM32F2xx_HAL_Driver/Src/stm32f2xx_hal_tim.c" -mcpu=cortex-m3 -std=gnu11 -g3 -DSTM32F207xx -c -I"D:/wep_Driver/32_STM32/07_STM3220G_EVAL/work5/stm3220g_eval_fw/07_hw_timer/src" -I"D:/wep_Driver/32_STM32/07_STM3220G_EVAL/work5/stm3220g_eval_fw/07_hw_timer/src/lib/stm32f207_cube/Middlewares/ST/STM32_USB_Device_Library/Class/CDC/Inc" -I"D:/wep_Driver/32_STM32/07_STM3220G_EVAL/work5/stm3220g_eval_fw/07_hw_timer/src/lib/stm32f207_cube/Middlewares/ST/STM32_USB_Device_Library/Core/Inc" -I"D:/wep_Driver/32_STM32/07_STM3220G_EVAL/work5/stm3220g_eval_fw/07_hw_timer/src/lib/stm32f207_cube/USB_DEVICE/App" -I"D:/wep_Driver/32_STM32/07_STM3220G_EVAL/work5/stm3220g_eval_fw/07_hw_timer/src/lib/stm32f207_cube/USB_DEVICE/Target" -I"D:/wep_Driver/32_STM32/07_STM3220G_EVAL/work5/stm3220g_eval_fw/07_hw_timer/src/ap" -I"D:/wep_Driver/32_STM32/07_STM3220G_EVAL/work5/stm3220g_eval_fw/07_hw_timer/src/bsp" -I"D:/wep_Driver/32_STM32/07_STM3220G_EVAL/work5/stm3220g_eval_fw/07_hw_timer/src/common" -I"D:/wep_Driver/32_STM32/07_STM3220G_EVAL/work5/stm3220g_eval_fw/07_hw_timer/src/common/inc" -I"D:/wep_Driver/32_STM32/07_STM3220G_EVAL/work5/stm3220g_eval_fw/07_hw_timer/src/hw" -I"D:/wep_Driver/32_STM32/07_STM3220G_EVAL/work5/stm3220g_eval_fw/07_hw_timer/src/lib/stm32f207_cube/Drivers/CMSIS/Include" -I"D:/wep_Driver/32_STM32/07_STM3220G_EVAL/work5/stm3220g_eval_fw/07_hw_timer/src/lib/stm32f207_cube/Drivers/CMSIS/Device/ST/STM32F2xx/Include" -I"D:/wep_Driver/32_STM32/07_STM3220G_EVAL/work5/stm3220g_eval_fw/07_hw_timer/src/lib/stm32f207_cube/Drivers/STM32F2xx_HAL_Driver/Inc" -I"D:/wep_Driver/32_STM32/07_STM3220G_EVAL/work5/stm3220g_eval_fw/07_hw_timer/src/common/core" -O0 -ffunction-sections -fdata-sections -Wall -fstack-usage -fcyclomatic-complexity -MMD -MP -MF"src/lib/stm32f207_cube/Drivers/STM32F2xx_HAL_Driver/Src/stm32f2xx_hal_tim.d" -MT"src/lib/stm32f207_cube/Drivers/STM32F2xx_HAL_Driver/Src/stm32f2xx_hal_tim.o" --specs=nano.specs -mfloat-abi=soft -mthumb -o "src/lib/stm32f207_cube/Drivers/STM32F2xx_HAL_Driver/Src/stm32f2xx_hal_tim.o"
arm-none-eabi-gcc "../src/lib/stm32f207_cube/Drivers/STM32F2xx_HAL_Driver/Src/stm32f2xx_hal_tim_ex.c" -mcpu=cortex-m3 -std=gnu11 -g3 -DSTM32F207xx -c -I"D:/wep_Driver/32_STM32/07_STM3220G_EVAL/work5/stm3220g_eval_fw/07_hw_timer/src" -I"D:/wep_Driver/32_STM32/07_STM3220G_EVAL/work5/stm3220g_eval_fw/07_hw_timer/src/lib/stm32f207_cube/Middlewares/ST/STM32_USB_Device_Library/Class/CDC/Inc" -I"D:/wep_Driver/32_STM32/07_STM3220G_EVAL/work5/stm3220g_eval_fw/07_hw_timer/src/lib/stm32f207_cube/Middlewares/ST/STM32_USB_Device_Library/Core/Inc" -I"D:/wep_Driver/32_STM32/07_STM3220G_EVAL/work5/stm3220g_eval_fw/07_hw_timer/src/lib/stm32f207_cube/USB_DEVICE/App" -I"D:/wep_Driver/32_STM32/07_STM3220G_EVAL/work5/stm3220g_eval_fw/07_hw_timer/src/lib/stm32f207_cube/USB_DEVICE/Target" -I"D:/wep_Driver/32_STM32/07_STM3220G_EVAL/work5/stm3220g_eval_fw/07_hw_timer/src/ap" -I"D:/wep_Driver/32_STM32/07_STM3220G_EVAL/work5/stm3220g_eval_fw/07_hw_timer/src/bsp" -I"D:/wep_Driver/32_STM32/07_STM3220G_EVAL/work5/stm3220g_eval_fw/07_hw_timer/src/common" -I"D:/wep_Driver/32_STM32/07_STM3220G_EVAL/work5/stm3220g_eval_fw/07_hw_timer/src/common/inc" -I"D:/wep_Driver/32_STM32/07_STM3220G_EVAL/work5/stm3220g_eval_fw/07_hw_timer/src/hw" -I"D:/wep_Driver/32_STM32/07_STM3220G_EVAL/work5/stm3220g_eval_fw/07_hw_timer/src/lib/stm32f207_cube/Drivers/CMSIS/Include" -I"D:/wep_Driver/32_STM32/07_STM3220G_EVAL/work5/stm3220g_eval_fw/07_hw_timer/src/lib/stm32f207_cube/Drivers/CMSIS/Device/ST/STM32F2xx/Include" -I"D:/wep_Driver/32_STM32/07_STM3220G_EVAL/work5/stm3220g_eval_fw/07_hw_timer/src/lib/stm32f207_cube/Drivers/STM32F2xx_HAL_Driver/Inc" -I"D:/wep_Driver/32_STM32/07_STM3220G_EVAL/work5/stm3220g_eval_fw/07_hw_timer/src/common/core" -O0 -ffunction-sections -fdata-sections -Wall -fstack-usage -fcyclomatic-complexity -MMD -MP -MF"src/lib/stm32f207_cube/Drivers/STM32F2xx_HAL_Driver/Src/stm32f2xx_hal_tim_ex.d" -MT"src/lib/stm32f207_cube/Drivers/STM32F2xx_HAL_Driver/Src/stm32f2xx_hal_tim_ex.o" --specs=nano.specs -mfloat-abi=soft -mthumb -o "src/lib/stm32f207_cube/Drivers/STM32F2xx_HAL_Driver/Src/stm32f2xx_hal_tim_ex.o"
arm-none-eabi-gcc "../src/lib/stm32f207_cube/Drivers/STM32F2xx_HAL_Driver/Src/stm32f2xx_hal_uart.c" -mcpu=cortex-m3 -std=gnu11 -g3 -DSTM32F207xx -c -I"D:/wep_Driver/32_STM32/07_STM3220G_EVAL/work5/stm3220g_eval_fw/07_hw_timer/src" -I"D:/wep_Driver/32_STM32/07_STM3220G_EVAL/work5/stm3220g_eval_fw/07_hw_timer/src/lib/stm32f207_cube/Middlewares/ST/STM32_USB_Device_Library/Class/CDC/Inc" -I"D:/wep_Driver/32_STM32/07_STM3220G_EVAL/work5/stm3220g_eval_fw/07_hw_timer/src/lib/stm32f207_cube/Middlewares/ST/STM32_USB_Device_Library/Core/Inc" -I"D:/wep_Driver/32_STM32/07_STM3220G_EVAL/work5/stm3220g_eval_fw/07_hw_timer/src/lib/stm32f207_cube/USB_DEVICE/App" -I"D:/wep_Driver/32_STM32/07_STM3220G_EVAL/work5/stm3220g_eval_fw/07_hw_timer/src/lib/stm32f207_cube/USB_DEVICE/Target" -I"D:/wep_Driver/32_STM32/07_STM3220G_EVAL/work5/stm3220g_eval_fw/07_hw_timer/src/ap" -I"D:/wep_Driver/32_STM32/07_STM3220G_EVAL/work5/stm3220g_eval_fw/07_hw_timer/src/bsp" -I"D:/wep_Driver/32_STM32/07_STM3220G_EVAL/work5/stm3220g_eval_fw/07_hw_timer/src/common" -I"D:/wep_Driver/32_STM32/07_STM3220G_EVAL/work5/stm3220g_eval_fw/07_hw_timer/src/common/inc" -I"D:/wep_Driver/32_STM32/07_STM3220G_EVAL/work5/stm3220g_eval_fw/07_hw_timer/src/hw" -I"D:/wep_Driver/32_STM32/07_STM3220G_EVAL/work5/stm3220g_eval_fw/07_hw_timer/src/lib/stm32f207_cube/Drivers/CMSIS/Include" -I"D:/wep_Driver/32_STM32/07_STM3220G_EVAL/work5/stm3220g_eval_fw/07_hw_timer/src/lib/stm32f207_cube/Drivers/CMSIS/Device/ST/STM32F2xx/Include" -I"D:/wep_Driver/32_STM32/07_STM3220G_EVAL/work5/stm3220g_eval_fw/07_hw_timer/src/lib/stm32f207_cube/Drivers/STM32F2xx_HAL_Driver/Inc" -I"D:/wep_Driver/32_STM32/07_STM3220G_EVAL/work5/stm3220g_eval_fw/07_hw_timer/src/common/core" -O0 -ffunction-sections -fdata-sections -Wall -fstack-usage -fcyclomatic-complexity -MMD -MP -MF"src/lib/stm32f207_cube/Drivers/STM32F2xx_HAL_Driver/Src/stm32f2xx_hal_uart.d" -MT"src/lib/stm32f207_cube/Drivers/STM32F2xx_HAL_Driver/Src/stm32f2xx_hal_uart.o" --specs=nano.specs -mfloat-abi=soft -mthumb -o "src/lib/stm32f207_cube/Drivers/STM32F2xx_HAL_Driver/Src/stm32f2xx_hal_uart.o"
arm-none-eabi-gcc "../src/lib/stm32f207_cube/Drivers/STM32F2xx_HAL_Driver/Src/stm32f2xx_ll_usb.c" -mcpu=cortex-m3 -std=gnu11 -g3 -DSTM32F207xx -c -I"D:/wep_Driver/32_STM32/07_STM3220G_EVAL/work5/stm3220g_eval_fw/07_hw_timer/src" -I"D:/wep_Driver/32_STM32/07_STM3220G_EVAL/work5/stm3220g_eval_fw/07_hw_timer/src/lib/stm32f207_cube/Middlewares/ST/STM32_USB_Device_Library/Class/CDC/Inc" -I"D:/wep_Driver/32_STM32/07_STM3220G_EVAL/work5/stm3220g_eval_fw/07_hw_timer/src/lib/stm32f207_cube/Middlewares/ST/STM32_USB_Device_Library/Core/Inc" -I"D:/wep_Driver/32_STM32/07_STM3220G_EVAL/work5/stm3220g_eval_fw/07_hw_timer/src/lib/stm32f207_cube/USB_DEVICE/App" -I"D:/wep_Driver/32_STM32/07_STM3220G_EVAL/work5/stm3220g_eval_fw/07_hw_timer/src/lib/stm32f207_cube/USB_DEVICE/Target" -I"D:/wep_Driver/32_STM32/07_STM3220G_EVAL/work5/stm3220g_eval_fw/07_hw_timer/src/ap" -I"D:/wep_Driver/32_STM32/07_STM3220G_EVAL/work5/stm3220g_eval_fw/07_hw_timer/src/bsp" -I"D:/wep_Driver/32_STM32/07_STM3220G_EVAL/work5/stm3220g_eval_fw/07_hw_timer/src/common" -I"D:/wep_Driver/32_STM32/07_STM3220G_EVAL/work5/stm3220g_eval_fw/07_hw_timer/src/common/inc" -I"D:/wep_Driver/32_STM32/07_STM3220G_EVAL/work5/stm3220g_eval_fw/07_hw_timer/src/hw" -I"D:/wep_Driver/32_STM32/07_STM3220G_EVAL/work5/stm3220g_eval_fw/07_hw_timer/src/lib/stm32f207_cube/Drivers/CMSIS/Include" -I"D:/wep_Driver/32_STM32/07_STM3220G_EVAL/work5/stm3220g_eval_fw/07_hw_timer/src/lib/stm32f207_cube/Drivers/CMSIS/Device/ST/STM32F2xx/Include" -I"D:/wep_Driver/32_STM32/07_STM3220G_EVAL/work5/stm3220g_eval_fw/07_hw_timer/src/lib/stm32f207_cube/Drivers/STM32F2xx_HAL_Driver/Inc" -I"D:/wep_Driver/32_STM32/07_STM3220G_EVAL/work5/stm3220g_eval_fw/07_hw_timer/src/common/core" -O0 -ffunction-sections -fdata-sections -Wall -fstack-usage -fcyclomatic-complexity -MMD -MP -MF"src/lib/stm32f207_cube/Drivers/STM32F2xx_HAL_Driver/Src/stm32f2xx_ll_usb.d" -MT"src/lib/stm32f207_cube/Drivers/STM32F2xx_HAL_Driver/Src/stm32f2xx_ll_usb.o" --specs=nano.specs -mfloat-abi=soft -mthumb -o "src/lib/stm32f207_cube/Drivers/STM32F2xx_HAL_Driver/Src/stm32f2xx_ll_usb.o"
arm-none-eabi-gcc "../src/hw/deiver/button.c" -mcpu=cortex-m3 -std=gnu11 -g3 -DSTM32F207xx -c -I"D:/wep_Driver/32_STM32/07_STM3220G_EVAL/work5/stm3220g_eval_fw/07_hw_timer/src" -I"D:/wep_Driver/32_STM32/07_STM3220G_EVAL/work5/stm3220g_eval_fw/07_hw_timer/src/lib/stm32f207_cube/Middlewares/ST/STM32_USB_Device_Library/Class/CDC/Inc" -I"D:/wep_Driver/32_STM32/07_STM3220G_EVAL/work5/stm3220g_eval_fw/07_hw_timer/src/lib/stm32f207_cube/Middlewares/ST/STM32_USB_Device_Library/Core/Inc" -I"D:/wep_Driver/32_STM32/07_STM3220G_EVAL/work5/stm3220g_eval_fw/07_hw_timer/src/lib/stm32f207_cube/USB_DEVICE/App" -I"D:/wep_Driver/32_STM32/07_STM3220G_EVAL/work5/stm3220g_eval_fw/07_hw_timer/src/lib/stm32f207_cube/USB_DEVICE/Target" -I"D:/wep_Driver/32_STM32/07_STM3220G_EVAL/work5/stm3220g_eval_fw/07_hw_timer/src/ap" -I"D:/wep_Driver/32_STM32/07_STM3220G_EVAL/work5/stm3220g_eval_fw/07_hw_timer/src/bsp" -I"D:/wep_Driver/32_STM32/07_STM3220G_EVAL/work5/stm3220g_eval_fw/07_hw_timer/src/common" -I"D:/wep_Driver/32_STM32/07_STM3220G_EVAL/work5/stm3220g_eval_fw/07_hw_timer/src/common/inc" -I"D:/wep_Driver/32_STM32/07_STM3220G_EVAL/work5/stm3220g_eval_fw/07_hw_timer/src/hw" -I"D:/wep_Driver/32_STM32/07_STM3220G_EVAL/work5/stm3220g_eval_fw/07_hw_timer/src/lib/stm32f207_cube/Drivers/CMSIS/Include" -I"D:/wep_Driver/32_STM32/07_STM3220G_EVAL/work5/stm3220g_eval_fw/07_hw_timer/src/lib/stm32f207_cube/Drivers/CMSIS/Device/ST/STM32F2xx/Include" -I"D:/wep_Driver/32_STM32/07_STM3220G_EVAL/work5/stm3220g_eval_fw/07_hw_timer/src/lib/stm32f207_cube/Drivers/STM32F2xx_HAL_Driver/Inc" -I"D:/wep_Driver/32_STM32/07_STM3220G_EVAL/work5/stm3220g_eval_fw/07_hw_timer/src/common/core" -O0 -ffunction-sections -fdata-sections -Wall -fstack-usage -fcyclomatic-complexity -MMD -MP -MF"src/hw/deiver/button.d" -MT"src/hw/deiver/button.o" --specs=nano.specs -mfloat-abi=soft -mthumb -o "src/hw/deiver/button.o"
arm-none-eabi-gcc "../src/hw/deiver/cdc.c" -mcpu=cortex-m3 -std=gnu11 -g3 -DSTM32F207xx -c -I"D:/wep_Driver/32_STM32/07_STM3220G_EVAL/work5/stm3220g_eval_fw/07_hw_timer/src" -I"D:/wep_Driver/32_STM32/07_STM3220G_EVAL/work5/stm3220g_eval_fw/07_hw_timer/src/lib/stm32f207_cube/Middlewares/ST/STM32_USB_Device_Library/Class/CDC/Inc" -I"D:/wep_Driver/32_STM32/07_STM3220G_EVAL/work5/stm3220g_eval_fw/07_hw_timer/src/lib/stm32f207_cube/Middlewares/ST/STM32_USB_Device_Library/Core/Inc" -I"D:/wep_Driver/32_STM32/07_STM3220G_EVAL/work5/stm3220g_eval_fw/07_hw_timer/src/lib/stm32f207_cube/USB_DEVICE/App" -I"D:/wep_Driver/32_STM32/07_STM3220G_EVAL/work5/stm3220g_eval_fw/07_hw_timer/src/lib/stm32f207_cube/USB_DEVICE/Target" -I"D:/wep_Driver/32_STM32/07_STM3220G_EVAL/work5/stm3220g_eval_fw/07_hw_timer/src/ap" -I"D:/wep_Driver/32_STM32/07_STM3220G_EVAL/work5/stm3220g_eval_fw/07_hw_timer/src/bsp" -I"D:/wep_Driver/32_STM32/07_STM3220G_EVAL/work5/stm3220g_eval_fw/07_hw_timer/src/common" -I"D:/wep_Driver/32_STM32/07_STM3220G_EVAL/work5/stm3220g_eval_fw/07_hw_timer/src/common/inc" -I"D:/wep_Driver/32_STM32/07_STM3220G_EVAL/work5/stm3220g_eval_fw/07_hw_timer/src/hw" -I"D:/wep_Driver/32_STM32/07_STM3220G_EVAL/work5/stm3220g_eval_fw/07_hw_timer/src/lib/stm32f207_cube/Drivers/CMSIS/Include" -I"D:/wep_Driver/32_STM32/07_STM3220G_EVAL/work5/stm3220g_eval_fw/07_hw_timer/src/lib/stm32f207_cube/Drivers/CMSIS/Device/ST/STM32F2xx/Include" -I"D:/wep_Driver/32_STM32/07_STM3220G_EVAL/work5/stm3220g_eval_fw/07_hw_timer/src/lib/stm32f207_cube/Drivers/STM32F2xx_HAL_Driver/Inc" -I"D:/wep_Driver/32_STM32/07_STM3220G_EVAL/work5/stm3220g_eval_fw/07_hw_timer/src/common/core" -O0 -ffunction-sections -fdata-sections -Wall -fstack-usage -fcyclomatic-complexity -MMD -MP -MF"src/hw/deiver/cdc.d" -MT"src/hw/deiver/cdc.o" --specs=nano.specs -mfloat-abi=soft -mthumb -o "src/hw/deiver/cdc.o"
arm-none-eabi-gcc "../src/hw/deiver/cli.c" -mcpu=cortex-m3 -std=gnu11 -g3 -DSTM32F207xx -c -I"D:/wep_Driver/32_STM32/07_STM3220G_EVAL/work5/stm3220g_eval_fw/07_hw_timer/src" -I"D:/wep_Driver/32_STM32/07_STM3220G_EVAL/work5/stm3220g_eval_fw/07_hw_timer/src/lib/stm32f207_cube/Middlewares/ST/STM32_USB_Device_Library/Class/CDC/Inc" -I"D:/wep_Driver/32_STM32/07_STM3220G_EVAL/work5/stm3220g_eval_fw/07_hw_timer/src/lib/stm32f207_cube/Middlewares/ST/STM32_USB_Device_Library/Core/Inc" -I"D:/wep_Driver/32_STM32/07_STM3220G_EVAL/work5/stm3220g_eval_fw/07_hw_timer/src/lib/stm32f207_cube/USB_DEVICE/App" -I"D:/wep_Driver/32_STM32/07_STM3220G_EVAL/work5/stm3220g_eval_fw/07_hw_timer/src/lib/stm32f207_cube/USB_DEVICE/Target" -I"D:/wep_Driver/32_STM32/07_STM3220G_EVAL/work5/stm3220g_eval_fw/07_hw_timer/src/ap" -I"D:/wep_Driver/32_STM32/07_STM3220G_EVAL/work5/stm3220g_eval_fw/07_hw_timer/src/bsp" -I"D:/wep_Driver/32_STM32/07_STM3220G_EVAL/work5/stm3220g_eval_fw/07_hw_timer/src/common" -I"D:/wep_Driver/32_STM32/07_STM3220G_EVAL/work5/stm3220g_eval_fw/07_hw_timer/src/common/inc" -I"D:/wep_Driver/32_STM32/07_STM3220G_EVAL/work5/stm3220g_eval_fw/07_hw_timer/src/hw" -I"D:/wep_Driver/32_STM32/07_STM3220G_EVAL/work5/stm3220g_eval_fw/07_hw_timer/src/lib/stm32f207_cube/Drivers/CMSIS/Include" -I"D:/wep_Driver/32_STM32/07_STM3220G_EVAL/work5/stm3220g_eval_fw/07_hw_timer/src/lib/stm32f207_cube/Drivers/CMSIS/Device/ST/STM32F2xx/Include" -I"D:/wep_Driver/32_STM32/07_STM3220G_EVAL/work5/stm3220g_eval_fw/07_hw_timer/src/lib/stm32f207_cube/Drivers/STM32F2xx_HAL_Driver/Inc" -I"D:/wep_Driver/32_STM32/07_STM3220G_EVAL/work5/stm3220g_eval_fw/07_hw_timer/src/common/core" -O0 -ffunction-sections -fdata-sections -Wall -fstack-usage -fcyclomatic-complexity -MMD -MP -MF"src/hw/deiver/cli.d" -MT"src/hw/deiver/cli.o" --specs=nano.specs -mfloat-abi=soft -mthumb -o "src/hw/deiver/cli.o"
arm-none-eabi-gcc "../src/hw/deiver/flash.c" -mcpu=cortex-m3 -std=gnu11 -g3 -DSTM32F207xx -c -I"D:/wep_Driver/32_STM32/07_STM3220G_EVAL/work5/stm3220g_eval_fw/07_hw_timer/src" -I"D:/wep_Driver/32_STM32/07_STM3220G_EVAL/work5/stm3220g_eval_fw/07_hw_timer/src/lib/stm32f207_cube/Middlewares/ST/STM32_USB_Device_Library/Class/CDC/Inc" -I"D:/wep_Driver/32_STM32/07_STM3220G_EVAL/work5/stm3220g_eval_fw/07_hw_timer/src/lib/stm32f207_cube/Middlewares/ST/STM32_USB_Device_Library/Core/Inc" -I"D:/wep_Driver/32_STM32/07_STM3220G_EVAL/work5/stm3220g_eval_fw/07_hw_timer/src/lib/stm32f207_cube/USB_DEVICE/App" -I"D:/wep_Driver/32_STM32/07_STM3220G_EVAL/work5/stm3220g_eval_fw/07_hw_timer/src/lib/stm32f207_cube/USB_DEVICE/Target" -I"D:/wep_Driver/32_STM32/07_STM3220G_EVAL/work5/stm3220g_eval_fw/07_hw_timer/src/ap" -I"D:/wep_Driver/32_STM32/07_STM3220G_EVAL/work5/stm3220g_eval_fw/07_hw_timer/src/bsp" -I"D:/wep_Driver/32_STM32/07_STM3220G_EVAL/work5/stm3220g_eval_fw/07_hw_timer/src/common" -I"D:/wep_Driver/32_STM32/07_STM3220G_EVAL/work5/stm3220g_eval_fw/07_hw_timer/src/common/inc" -I"D:/wep_Driver/32_STM32/07_STM3220G_EVAL/work5/stm3220g_eval_fw/07_hw_timer/src/hw" -I"D:/wep_Driver/32_STM32/07_STM3220G_EVAL/work5/stm3220g_eval_fw/07_hw_timer/src/lib/stm32f207_cube/Drivers/CMSIS/Include" -I"D:/wep_Driver/32_STM32/07_STM3220G_EVAL/work5/stm3220g_eval_fw/07_hw_timer/src/lib/stm32f207_cube/Drivers/CMSIS/Device/ST/STM32F2xx/Include" -I"D:/wep_Driver/32_STM32/07_STM3220G_EVAL/work5/stm3220g_eval_fw/07_hw_timer/src/lib/stm32f207_cube/Drivers/STM32F2xx_HAL_Driver/Inc" -I"D:/wep_Driver/32_STM32/07_STM3220G_EVAL/work5/stm3220g_eval_fw/07_hw_timer/src/common/core" -O0 -ffunction-sections -fdata-sections -Wall -fstack-usage -fcyclomatic-complexity -MMD -MP -MF"src/hw/deiver/flash.d" -MT"src/hw/deiver/flash.o" --specs=nano.specs -mfloat-abi=soft -mthumb -o "src/hw/deiver/flash.o"
arm-none-eabi-gcc "../src/hw/deiver/hwtimer.c" -mcpu=cortex-m3 -std=gnu11 -g3 -DSTM32F207xx -c -I"D:/wep_Driver/32_STM32/07_STM3220G_EVAL/work5/stm3220g_eval_fw/07_hw_timer/src" -I"D:/wep_Driver/32_STM32/07_STM3220G_EVAL/work5/stm3220g_eval_fw/07_hw_timer/src/lib/stm32f207_cube/Middlewares/ST/STM32_USB_Device_Library/Class/CDC/Inc" -I"D:/wep_Driver/32_STM32/07_STM3220G_EVAL/work5/stm3220g_eval_fw/07_hw_timer/src/lib/stm32f207_cube/Middlewares/ST/STM32_USB_Device_Library/Core/Inc" -I"D:/wep_Driver/32_STM32/07_STM3220G_EVAL/work5/stm3220g_eval_fw/07_hw_timer/src/lib/stm32f207_cube/USB_DEVICE/App" -I"D:/wep_Driver/32_STM32/07_STM3220G_EVAL/work5/stm3220g_eval_fw/07_hw_timer/src/lib/stm32f207_cube/USB_DEVICE/Target" -I"D:/wep_Driver/32_STM32/07_STM3220G_EVAL/work5/stm3220g_eval_fw/07_hw_timer/src/ap" -I"D:/wep_Driver/32_STM32/07_STM3220G_EVAL/work5/stm3220g_eval_fw/07_hw_timer/src/bsp" -I"D:/wep_Driver/32_STM32/07_STM3220G_EVAL/work5/stm3220g_eval_fw/07_hw_timer/src/common" -I"D:/wep_Driver/32_STM32/07_STM3220G_EVAL/work5/stm3220g_eval_fw/07_hw_timer/src/common/inc" -I"D:/wep_Driver/32_STM32/07_STM3220G_EVAL/work5/stm3220g_eval_fw/07_hw_timer/src/hw" -I"D:/wep_Driver/32_STM32/07_STM3220G_EVAL/work5/stm3220g_eval_fw/07_hw_timer/src/lib/stm32f207_cube/Drivers/CMSIS/Include" -I"D:/wep_Driver/32_STM32/07_STM3220G_EVAL/work5/stm3220g_eval_fw/07_hw_timer/src/lib/stm32f207_cube/Drivers/CMSIS/Device/ST/STM32F2xx/Include" -I"D:/wep_Driver/32_STM32/07_STM3220G_EVAL/work5/stm3220g_eval_fw/07_hw_timer/src/lib/stm32f207_cube/Drivers/STM32F2xx_HAL_Driver/Inc" -I"D:/wep_Driver/32_STM32/07_STM3220G_EVAL/work5/stm3220g_eval_fw/07_hw_timer/src/common/core" -O0 -ffunction-sections -fdata-sections -Wall -fstack-usage -fcyclomatic-complexity -MMD -MP -MF"src/hw/deiver/hwtimer.d" -MT"src/hw/deiver/hwtimer.o" --specs=nano.specs -mfloat-abi=soft -mthumb -o "src/hw/deiver/hwtimer.o"
arm-none-eabi-gcc "../src/hw/deiver/led.c" -mcpu=cortex-m3 -std=gnu11 -g3 -DSTM32F207xx -c -I"D:/wep_Driver/32_STM32/07_STM3220G_EVAL/work5/stm3220g_eval_fw/07_hw_timer/src" -I"D:/wep_Driver/32_STM32/07_STM3220G_EVAL/work5/stm3220g_eval_fw/07_hw_timer/src/lib/stm32f207_cube/Middlewares/ST/STM32_USB_Device_Library/Class/CDC/Inc" -I"D:/wep_Driver/32_STM32/07_STM3220G_EVAL/work5/stm3220g_eval_fw/07_hw_timer/src/lib/stm32f207_cube/Middlewares/ST/STM32_USB_Device_Library/Core/Inc" -I"D:/wep_Driver/32_STM32/07_STM3220G_EVAL/work5/stm3220g_eval_fw/07_hw_timer/src/lib/stm32f207_cube/USB_DEVICE/App" -I"D:/wep_Driver/32_STM32/07_STM3220G_EVAL/work5/stm3220g_eval_fw/07_hw_timer/src/lib/stm32f207_cube/USB_DEVICE/Target" -I"D:/wep_Driver/32_STM32/07_STM3220G_EVAL/work5/stm3220g_eval_fw/07_hw_timer/src/ap" -I"D:/wep_Driver/32_STM32/07_STM3220G_EVAL/work5/stm3220g_eval_fw/07_hw_timer/src/bsp" -I"D:/wep_Driver/32_STM32/07_STM3220G_EVAL/work5/stm3220g_eval_fw/07_hw_timer/src/common" -I"D:/wep_Driver/32_STM32/07_STM3220G_EVAL/work5/stm3220g_eval_fw/07_hw_timer/src/common/inc" -I"D:/wep_Driver/32_STM32/07_STM3220G_EVAL/work5/stm3220g_eval_fw/07_hw_timer/src/hw" -I"D:/wep_Driver/32_STM32/07_STM3220G_EVAL/work5/stm3220g_eval_fw/07_hw_timer/src/lib/stm32f207_cube/Drivers/CMSIS/Include" -I"D:/wep_Driver/32_STM32/07_STM3220G_EVAL/work5/stm3220g_eval_fw/07_hw_timer/src/lib/stm32f207_cube/Drivers/CMSIS/Device/ST/STM32F2xx/Include" -I"D:/wep_Driver/32_STM32/07_STM3220G_EVAL/work5/stm3220g_eval_fw/07_hw_timer/src/lib/stm32f207_cube/Drivers/STM32F2xx_HAL_Driver/Inc" -I"D:/wep_Driver/32_STM32/07_STM3220G_EVAL/work5/stm3220g_eval_fw/07_hw_timer/src/common/core" -O0 -ffunction-sections -fdata-sections -Wall -fstack-usage -fcyclomatic-complexity -MMD -MP -MF"src/hw/deiver/led.d" -MT"src/hw/deiver/led.o" --specs=nano.specs -mfloat-abi=soft -mthumb -o "src/hw/deiver/led.o"
arm-none-eabi-gcc "../src/hw/deiver/uart.c" -mcpu=cortex-m3 -std=gnu11 -g3 -DSTM32F207xx -c -I"D:/wep_Driver/32_STM32/07_STM3220G_EVAL/work5/stm3220g_eval_fw/07_hw_timer/src" -I"D:/wep_Driver/32_STM32/07_STM3220G_EVAL/work5/stm3220g_eval_fw/07_hw_timer/src/lib/stm32f207_cube/Middlewares/ST/STM32_USB_Device_Library/Class/CDC/Inc" -I"D:/wep_Driver/32_STM32/07_STM3220G_EVAL/work5/stm3220g_eval_fw/07_hw_timer/src/lib/stm32f207_cube/Middlewares/ST/STM32_USB_Device_Library/Core/Inc" -I"D:/wep_Driver/32_STM32/07_STM3220G_EVAL/work5/stm3220g_eval_fw/07_hw_timer/src/lib/stm32f207_cube/USB_DEVICE/App" -I"D:/wep_Driver/32_STM32/07_STM3220G_EVAL/work5/stm3220g_eval_fw/07_hw_timer/src/lib/stm32f207_cube/USB_DEVICE/Target" -I"D:/wep_Driver/32_STM32/07_STM3220G_EVAL/work5/stm3220g_eval_fw/07_hw_timer/src/ap" -I"D:/wep_Driver/32_STM32/07_STM3220G_EVAL/work5/stm3220g_eval_fw/07_hw_timer/src/bsp" -I"D:/wep_Driver/32_STM32/07_STM3220G_EVAL/work5/stm3220g_eval_fw/07_hw_timer/src/common" -I"D:/wep_Driver/32_STM32/07_STM3220G_EVAL/work5/stm3220g_eval_fw/07_hw_timer/src/common/inc" -I"D:/wep_Driver/32_STM32/07_STM3220G_EVAL/work5/stm3220g_eval_fw/07_hw_timer/src/hw" -I"D:/wep_Driver/32_STM32/07_STM3220G_EVAL/work5/stm3220g_eval_fw/07_hw_timer/src/lib/stm32f207_cube/Drivers/CMSIS/Include" -I"D:/wep_Driver/32_STM32/07_STM3220G_EVAL/work5/stm3220g_eval_fw/07_hw_timer/src/lib/stm32f207_cube/Drivers/CMSIS/Device/ST/STM32F2xx/Include" -I"D:/wep_Driver/32_STM32/07_STM3220G_EVAL/work5/stm3220g_eval_fw/07_hw_timer/src/lib/stm32f207_cube/Drivers/STM32F2xx_HAL_Driver/Inc" -I"D:/wep_Driver/32_STM32/07_STM3220G_EVAL/work5/stm3220g_eval_fw/07_hw_timer/src/common/core" -O0 -ffunction-sections -fdata-sections -Wall -fstack-usage -fcyclomatic-complexity -MMD -MP -MF"src/hw/deiver/uart.d" -MT"src/hw/deiver/uart.o" --specs=nano.specs -mfloat-abi=soft -mthumb -o "src/hw/deiver/uart.o"
arm-none-eabi-gcc "../src/hw/hw.c" -mcpu=cortex-m3 -std=gnu11 -g3 -DSTM32F207xx -c -I"D:/wep_Driver/32_STM32/07_STM3220G_EVAL/work5/stm3220g_eval_fw/07_hw_timer/src" -I"D:/wep_Driver/32_STM32/07_STM3220G_EVAL/work5/stm3220g_eval_fw/07_hw_timer/src/lib/stm32f207_cube/Middlewares/ST/STM32_USB_Device_Library/Class/CDC/Inc" -I"D:/wep_Driver/32_STM32/07_STM3220G_EVAL/work5/stm3220g_eval_fw/07_hw_timer/src/lib/stm32f207_cube/Middlewares/ST/STM32_USB_Device_Library/Core/Inc" -I"D:/wep_Driver/32_STM32/07_STM3220G_EVAL/work5/stm3220g_eval_fw/07_hw_timer/src/lib/stm32f207_cube/USB_DEVICE/App" -I"D:/wep_Driver/32_STM32/07_STM3220G_EVAL/work5/stm3220g_eval_fw/07_hw_timer/src/lib/stm32f207_cube/USB_DEVICE/Target" -I"D:/wep_Driver/32_STM32/07_STM3220G_EVAL/work5/stm3220g_eval_fw/07_hw_timer/src/ap" -I"D:/wep_Driver/32_STM32/07_STM3220G_EVAL/work5/stm3220g_eval_fw/07_hw_timer/src/bsp" -I"D:/wep_Driver/32_STM32/07_STM3220G_EVAL/work5/stm3220g_eval_fw/07_hw_timer/src/common" -I"D:/wep_Driver/32_STM32/07_STM3220G_EVAL/work5/stm3220g_eval_fw/07_hw_timer/src/common/inc" -I"D:/wep_Driver/32_STM32/07_STM3220G_EVAL/work5/stm3220g_eval_fw/07_hw_timer/src/hw" -I"D:/wep_Driver/32_STM32/07_STM3220G_EVAL/work5/stm3220g_eval_fw/07_hw_timer/src/lib/stm32f207_cube/Drivers/CMSIS/Include" -I"D:/wep_Driver/32_STM32/07_STM3220G_EVAL/work5/stm3220g_eval_fw/07_hw_timer/src/lib/stm32f207_cube/Drivers/CMSIS/Device/ST/STM32F2xx/Include" -I"D:/wep_Driver/32_STM32/07_STM3220G_EVAL/work5/stm3220g_eval_fw/07_hw_timer/src/lib/stm32f207_cube/Drivers/STM32F2xx_HAL_Driver/Inc" -I"D:/wep_Driver/32_STM32/07_STM3220G_EVAL/work5/stm3220g_eval_fw/07_hw_timer/src/common/core" -O0 -ffunction-sections -fdata-sections -Wall -fstack-usage -fcyclomatic-complexity -MMD -MP -MF"src/hw/hw.d" -MT"src/hw/hw.o" --specs=nano.specs -mfloat-abi=soft -mthumb -o "src/hw/hw.o"
arm-none-eabi-gcc "../src/common/core/qbuffer.c" -mcpu=cortex-m3 -std=gnu11 -g3 -DSTM32F207xx -c -I"D:/wep_Driver/32_STM32/07_STM3220G_EVAL/work5/stm3220g_eval_fw/07_hw_timer/src" -I"D:/wep_Driver/32_STM32/07_STM3220G_EVAL/work5/stm3220g_eval_fw/07_hw_timer/src/lib/stm32f207_cube/Middlewares/ST/STM32_USB_Device_Library/Class/CDC/Inc" -I"D:/wep_Driver/32_STM32/07_STM3220G_EVAL/work5/stm3220g_eval_fw/07_hw_timer/src/lib/stm32f207_cube/Middlewares/ST/STM32_USB_Device_Library/Core/Inc" -I"D:/wep_Driver/32_STM32/07_STM3220G_EVAL/work5/stm3220g_eval_fw/07_hw_timer/src/lib/stm32f207_cube/USB_DEVICE/App" -I"D:/wep_Driver/32_STM32/07_STM3220G_EVAL/work5/stm3220g_eval_fw/07_hw_timer/src/lib/stm32f207_cube/USB_DEVICE/Target" -I"D:/wep_Driver/32_STM32/07_STM3220G_EVAL/work5/stm3220g_eval_fw/07_hw_timer/src/ap" -I"D:/wep_Driver/32_STM32/07_STM3220G_EVAL/work5/stm3220g_eval_fw/07_hw_timer/src/bsp" -I"D:/wep_Driver/32_STM32/07_STM3220G_EVAL/work5/stm3220g_eval_fw/07_hw_timer/src/common" -I"D:/wep_Driver/32_STM32/07_STM3220G_EVAL/work5/stm3220g_eval_fw/07_hw_timer/src/common/inc" -I"D:/wep_Driver/32_STM32/07_STM3220G_EVAL/work5/stm3220g_eval_fw/07_hw_timer/src/hw" -I"D:/wep_Driver/32_STM32/07_STM3220G_EVAL/work5/stm3220g_eval_fw/07_hw_timer/src/lib/stm32f207_cube/Drivers/CMSIS/Include" -I"D:/wep_Driver/32_STM32/07_STM3220G_EVAL/work5/stm3220g_eval_fw/07_hw_timer/src/lib/stm32f207_cube/Drivers/CMSIS/Device/ST/STM32F2xx/Include" -I"D:/wep_Driver/32_STM32/07_STM3220G_EVAL/work5/stm3220g_eval_fw/07_hw_timer/src/lib/stm32f207_cube/Drivers/STM32F2xx_HAL_Driver/Inc" -I"D:/wep_Driver/32_STM32/07_STM3220G_EVAL/work5/stm3220g_eval_fw/07_hw_timer/src/common/core" -O0 -ffunction-sections -fdata-sections -Wall -fstack-usage -fcyclomatic-complexity -MMD -MP -MF"src/common/core/qbuffer.d" -MT"src/common/core/qbuffer.o" --specs=nano.specs -mfloat-abi=soft -mthumb -o "src/common/core/qbuffer.o"
arm-none-eabi-gcc -mcpu=cortex-m3 -g3 -c -x assembler-with-cpp -MMD -MP -MF"src/bsp/startup/startup_stm32f207ighx.d" -MT"src/bsp/startup/startup_stm32f207ighx.o" --specs=nano.specs -mfloat-abi=soft -mthumb -o "src/bsp/startup/startup_stm32f207ighx.o" "../src/bsp/startup/startup_stm32f207ighx.s"
arm-none-eabi-gcc "../src/bsp/bsp.c" -mcpu=cortex-m3 -std=gnu11 -g3 -DSTM32F207xx -c -I"D:/wep_Driver/32_STM32/07_STM3220G_EVAL/work5/stm3220g_eval_fw/07_hw_timer/src" -I"D:/wep_Driver/32_STM32/07_STM3220G_EVAL/work5/stm3220g_eval_fw/07_hw_timer/src/lib/stm32f207_cube/Middlewares/ST/STM32_USB_Device_Library/Class/CDC/Inc" -I"D:/wep_Driver/32_STM32/07_STM3220G_EVAL/work5/stm3220g_eval_fw/07_hw_timer/src/lib/stm32f207_cube/Middlewares/ST/STM32_USB_Device_Library/Core/Inc" -I"D:/wep_Driver/32_STM32/07_STM3220G_EVAL/work5/stm3220g_eval_fw/07_hw_timer/src/lib/stm32f207_cube/USB_DEVICE/App" -I"D:/wep_Driver/32_STM32/07_STM3220G_EVAL/work5/stm3220g_eval_fw/07_hw_timer/src/lib/stm32f207_cube/USB_DEVICE/Target" -I"D:/wep_Driver/32_STM32/07_STM3220G_EVAL/work5/stm3220g_eval_fw/07_hw_timer/src/ap" -I"D:/wep_Driver/32_STM32/07_STM3220G_EVAL/work5/stm3220g_eval_fw/07_hw_timer/src/bsp" -I"D:/wep_Driver/32_STM32/07_STM3220G_EVAL/work5/stm3220g_eval_fw/07_hw_timer/src/common" -I"D:/wep_Driver/32_STM32/07_STM3220G_EVAL/work5/stm3220g_eval_fw/07_hw_timer/src/common/inc" -I"D:/wep_Driver/32_STM32/07_STM3220G_EVAL/work5/stm3220g_eval_fw/07_hw_timer/src/hw" -I"D:/wep_Driver/32_STM32/07_STM3220G_EVAL/work5/stm3220g_eval_fw/07_hw_timer/src/lib/stm32f207_cube/Drivers/CMSIS/Include" -I"D:/wep_Driver/32_STM32/07_STM3220G_EVAL/work5/stm3220g_eval_fw/07_hw_timer/src/lib/stm32f207_cube/Drivers/CMSIS/Device/ST/STM32F2xx/Include" -I"D:/wep_Driver/32_STM32/07_STM3220G_EVAL/work5/stm3220g_eval_fw/07_hw_timer/src/lib/stm32f207_cube/Drivers/STM32F2xx_HAL_Driver/Inc" -I"D:/wep_Driver/32_STM32/07_STM3220G_EVAL/work5/stm3220g_eval_fw/07_hw_timer/src/common/core" -O0 -ffunction-sections -fdata-sections -Wall -fstack-usage -fcyclomatic-complexity -MMD -MP -MF"src/bsp/bsp.d" -MT"src/bsp/bsp.o" --specs=nano.specs -mfloat-abi=soft -mthumb -o "src/bsp/bsp.o"
arm-none-eabi-gcc "../src/bsp/stm32f2xx_hal_msp.c" -mcpu=cortex-m3 -std=gnu11 -g3 -DSTM32F207xx -c -I"D:/wep_Driver/32_STM32/07_STM3220G_EVAL/work5/stm3220g_eval_fw/07_hw_timer/src" -I"D:/wep_Driver/32_STM32/07_STM3220G_EVAL/work5/stm3220g_eval_fw/07_hw_timer/src/lib/stm32f207_cube/Middlewares/ST/STM32_USB_Device_Library/Class/CDC/Inc" -I"D:/wep_Driver/32_STM32/07_STM3220G_EVAL/work5/stm3220g_eval_fw/07_hw_timer/src/lib/stm32f207_cube/Middlewares/ST/STM32_USB_Device_Library/Core/Inc" -I"D:/wep_Driver/32_STM32/07_STM3220G_EVAL/work5/stm3220g_eval_fw/07_hw_timer/src/lib/stm32f207_cube/USB_DEVICE/App" -I"D:/wep_Driver/32_STM32/07_STM3220G_EVAL/work5/stm3220g_eval_fw/07_hw_timer/src/lib/stm32f207_cube/USB_DEVICE/Target" -I"D:/wep_Driver/32_STM32/07_STM3220G_EVAL/work5/stm3220g_eval_fw/07_hw_timer/src/ap" -I"D:/wep_Driver/32_STM32/07_STM3220G_EVAL/work5/stm3220g_eval_fw/07_hw_timer/src/bsp" -I"D:/wep_Driver/32_STM32/07_STM3220G_EVAL/work5/stm3220g_eval_fw/07_hw_timer/src/common" -I"D:/wep_Driver/32_STM32/07_STM3220G_EVAL/work5/stm3220g_eval_fw/07_hw_timer/src/common/inc" -I"D:/wep_Driver/32_STM32/07_STM3220G_EVAL/work5/stm3220g_eval_fw/07_hw_timer/src/hw" -I"D:/wep_Driver/32_STM32/07_STM3220G_EVAL/work5/stm3220g_eval_fw/07_hw_timer/src/lib/stm32f207_cube/Drivers/CMSIS/Include" -I"D:/wep_Driver/32_STM32/07_STM3220G_EVAL/work5/stm3220g_eval_fw/07_hw_timer/src/lib/stm32f207_cube/Drivers/CMSIS/Device/ST/STM32F2xx/Include" -I"D:/wep_Driver/32_STM32/07_STM3220G_EVAL/work5/stm3220g_eval_fw/07_hw_timer/src/lib/stm32f207_cube/Drivers/STM32F2xx_HAL_Driver/Inc" -I"D:/wep_Driver/32_STM32/07_STM3220G_EVAL/work5/stm3220g_eval_fw/07_hw_timer/src/common/core" -O0 -ffunction-sections -fdata-sections -Wall -fstack-usage -fcyclomatic-complexity -MMD -MP -MF"src/bsp/stm32f2xx_hal_msp.d" -MT"src/bsp/stm32f2xx_hal_msp.o" --specs=nano.specs -mfloat-abi=soft -mthumb -o "src/bsp/stm32f2xx_hal_msp.o"
arm-none-eabi-gcc "../src/bsp/stm32f2xx_it.c" -mcpu=cortex-m3 -std=gnu11 -g3 -DSTM32F207xx -c -I"D:/wep_Driver/32_STM32/07_STM3220G_EVAL/work5/stm3220g_eval_fw/07_hw_timer/src" -I"D:/wep_Driver/32_STM32/07_STM3220G_EVAL/work5/stm3220g_eval_fw/07_hw_timer/src/lib/stm32f207_cube/Middlewares/ST/STM32_USB_Device_Library/Class/CDC/Inc" -I"D:/wep_Driver/32_STM32/07_STM3220G_EVAL/work5/stm3220g_eval_fw/07_hw_timer/src/lib/stm32f207_cube/Middlewares/ST/STM32_USB_Device_Library/Core/Inc" -I"D:/wep_Driver/32_STM32/07_STM3220G_EVAL/work5/stm3220g_eval_fw/07_hw_timer/src/lib/stm32f207_cube/USB_DEVICE/App" -I"D:/wep_Driver/32_STM32/07_STM3220G_EVAL/work5/stm3220g_eval_fw/07_hw_timer/src/lib/stm32f207_cube/USB_DEVICE/Target" -I"D:/wep_Driver/32_STM32/07_STM3220G_EVAL/work5/stm3220g_eval_fw/07_hw_timer/src/ap" -I"D:/wep_Driver/32_STM32/07_STM3220G_EVAL/work5/stm3220g_eval_fw/07_hw_timer/src/bsp" -I"D:/wep_Driver/32_STM32/07_STM3220G_EVAL/work5/stm3220g_eval_fw/07_hw_timer/src/common" -I"D:/wep_Driver/32_STM32/07_STM3220G_EVAL/work5/stm3220g_eval_fw/07_hw_timer/src/common/inc" -I"D:/wep_Driver/32_STM32/07_STM3220G_EVAL/work5/stm3220g_eval_fw/07_hw_timer/src/hw" -I"D:/wep_Driver/32_STM32/07_STM3220G_EVAL/work5/stm3220g_eval_fw/07_hw_timer/src/lib/stm32f207_cube/Drivers/CMSIS/Include" -I"D:/wep_Driver/32_STM32/07_STM3220G_EVAL/work5/stm3220g_eval_fw/07_hw_timer/src/lib/stm32f207_cube/Drivers/CMSIS/Device/ST/STM32F2xx/Include" -I"D:/wep_Driver/32_STM32/07_STM3220G_EVAL/work5/stm3220g_eval_fw/07_hw_timer/src/lib/stm32f207_cube/Drivers/STM32F2xx_HAL_Driver/Inc" -I"D:/wep_Driver/32_STM32/07_STM3220G_EVAL/work5/stm3220g_eval_fw/07_hw_timer/src/common/core" -O0 -ffunction-sections -fdata-sections -Wall -fstack-usage -fcyclomatic-complexity -MMD -MP -MF"src/bsp/stm32f2xx_it.d" -MT"src/bsp/stm32f2xx_it.o" --specs=nano.specs -mfloat-abi=soft -mthumb -o "src/bsp/stm32f2xx_it.o"
../src/bsp/stm32f2xx_it.c:221:1: warning: "/*" within comment [-Wcomment]
  221 | /**
      |  
arm-none-eabi-gcc "../src/bsp/syscalls.c" -mcpu=cortex-m3 -std=gnu11 -g3 -DSTM32F207xx -c -I"D:/wep_Driver/32_STM32/07_STM3220G_EVAL/work5/stm3220g_eval_fw/07_hw_timer/src" -I"D:/wep_Driver/32_STM32/07_STM3220G_EVAL/work5/stm3220g_eval_fw/07_hw_timer/src/lib/stm32f207_cube/Middlewares/ST/STM32_USB_Device_Library/Class/CDC/Inc" -I"D:/wep_Driver/32_STM32/07_STM3220G_EVAL/work5/stm3220g_eval_fw/07_hw_timer/src/lib/stm32f207_cube/Middlewares/ST/STM32_USB_Device_Library/Core/Inc" -I"D:/wep_Driver/32_STM32/07_STM3220G_EVAL/work5/stm3220g_eval_fw/07_hw_timer/src/lib/stm32f207_cube/USB_DEVICE/App" -I"D:/wep_Driver/32_STM32/07_STM3220G_EVAL/work5/stm3220g_eval_fw/07_hw_timer/src/lib/stm32f207_cube/USB_DEVICE/Target" -I"D:/wep_Driver/32_STM32/07_STM3220G_EVAL/work5/stm3220g_eval_fw/07_hw_timer/src/ap" -I"D:/wep_Driver/32_STM32/07_STM3220G_EVAL/work5/stm3220g_eval_fw/07_hw_timer/src/bsp" -I"D:/wep_Driver/32_STM32/07_STM3220G_EVAL/work5/stm3220g_eval_fw/07_hw_timer/src/common" -I"D:/wep_Driver/32_STM32/07_STM3220G_EVAL/work5/stm3220g_eval_fw/07_hw_timer/src/common/inc" -I"D:/wep_Driver/32_STM32/07_STM3220G_EVAL/work5/stm3220g_eval_fw/07_hw_timer/src/hw" -I"D:/wep_Driver/32_STM32/07_STM3220G_EVAL/work5/stm3220g_eval_fw/07_hw_timer/src/lib/stm32f207_cube/Drivers/CMSIS/Include" -I"D:/wep_Driver/32_STM32/07_STM3220G_EVAL/work5/stm3220g_eval_fw/07_hw_timer/src/lib/stm32f207_cube/Drivers/CMSIS/Device/ST/STM32F2xx/Include" -I"D:/wep_Driver/32_STM32/07_STM3220G_EVAL/work5/stm3220g_eval_fw/07_hw_timer/src/lib/stm32f207_cube/Drivers/STM32F2xx_HAL_Driver/Inc" -I"D:/wep_Driver/32_STM32/07_STM3220G_EVAL/work5/stm3220g_eval_fw/07_hw_timer/src/common/core" -O0 -ffunction-sections -fdata-sections -Wall -fstack-usage -fcyclomatic-complexity -MMD -MP -MF"src/bsp/syscalls.d" -MT"src/bsp/syscalls.o" --specs=nano.specs -mfloat-abi=soft -mthumb -o "src/bsp/syscalls.o"
[...]
arm-none-eabi-gcc "../src/hw/deiver/led.c" -mcpu=cortex-m3 -std=gnu11 -g3 -DSTM32F207xx -c -I"D:/git/stm3220g_eval/stm3220g_eval_fw/05_flash/src" -I"D:/git/stm3220g_eval/stm3220g_eval_fw/05_flash/src/lib/stm32f207_cube/Middlewares/ST/STM32_USB_Device_Library/Class/CDC/Inc" -I"D:/git/stm3220g_eval/stm3220g_eval_fw/05_flash/src/lib/stm32f207_cube/Middlewares/ST/STM32_USB_Device_Library/Core/Inc" -I"D:/git/stm3220g_eval/stm3220g_eval_fw/05_flash/src/lib/stm32f207_cube/USB_DEVICE/App" -I"D:/git/stm3220g_eval/stm3220g_eval_fw/05_flash/src/lib/stm32f207_cube/USB_DEVICE/Target" -I"D:/git/stm3220g_eval/stm3220g_eval_fw/05_flash/src/ap" -I"D:/git/stm3220g_eval/stm3220g_eval_fw/05_flash/src/bsp" -I"D:/git/stm3220g_eval/stm3220g_eval_fw/05_flash/src/common" -I"D:/git/stm3220g_eval/stm3220g_eval_fw/05_flash/src/common/inc" -I"D:/git/stm3220g_eval/stm3220g_eval_fw/05_flash/src/hw" -I"D:/git/stm3220g_eval/stm3220g_eval_fw/05_flash/src/lib/stm32f207_cube/Drivers/CMSIS/Include" -I"D:/git/stm3220g_eval/stm3220g_eval_fw/05_flash/src/lib/stm32f207_cube/Drivers/CMSIS/Device/ST/STM32F2xx/Include" -I"D:/git/stm3220g_eval/stm3220g_eval_fw/05_flash/src/lib/stm32f207_cube/Drivers/STM32F2xx_HAL_Driver/Inc" -I"D:/git/stm3220g_eval/stm3220g_eval_fw/05_flash/src/common/core" -O0 -ffunction-sections -fdata-sections -Wall -fstack-usage -fcyclomatic-complexity -MMD -MP -MF"src/hw/deiver/led.d" -MT"src/hw/deiver/led.o" --specs=nano.specs -mfloat-abi=soft -mthumb -o "src/hw/deiver/led.o"
arm-none-eabi-gcc "../src/hw/deiver/uart.c" -mcpu=cortex-m3 -std=gnu11 -g3 -DSTM32F207xx -c -I"D:/git/stm3220g_eval/stm3220g_eval_fw/05_flash/src" -I"D:/git/stm3220g_eval/stm3220g_eval_fw/05_flash/src/lib/stm32f207_cube/Middlewares/ST/STM32_USB_Device_Library/Class/CDC/Inc" -I"D:/git/stm3220g_eval/stm3220g_eval_fw/05_flash/src/lib/stm32f207_cube/Middlewares/ST/STM32_USB_Device_Library/Core/Inc" -I"D:/git/stm3220g_eval/stm3220g_eval_fw/05_flash/src/lib/stm32f207_cube/USB_DEVICE/App" -I"D:/git/stm3220g_eval/stm3220g_eval_fw/05_flash/src/lib/stm32f207_cube/USB_DEVICE/Target" -I"D:/git/stm3220g_eval/stm3220g_eval_fw/05_flash/src/ap" -I"D:/git/stm3220g_eval/stm3220g_eval_fw/05_flash/src/bsp" -I"D:/git/stm3220g_eval/stm3220g_eval_fw/05_flash/src/common" -I"D:/git/stm3220g_eval/stm3220g_eval_fw/05_flash/src/common/inc" -I"D:/git/stm3220g_eval/stm3220g_eval_fw/05_flash/src/hw" -I"D:/git/stm3220g_eval/stm3220g_eval_fw/05_flash/src/lib/stm32f207_cube/Drivers/CMSIS/Include" -I"D:/git/stm3220g_eval/stm3220g_eval_fw/05_flash/src/lib/stm32f207_cube/Drivers/CMSIS/Device/ST/STM32F2xx/Include" -I"D:/git/stm3220g_eval/stm3220g_eval_fw/05_flash/src/lib/stm32f207_cube/Drivers/STM32F2xx_HAL_Driver/Inc" -I"D:/git/stm3220g_eval/stm3220g_eval_fw/05_flash/src/common/core" -O0 -ffunction-sections -fdata-sections -Wall -fstack-usage -fcyclomatic-complexity -MMD -MP -MF"src/hw/deiver/uart.d" -MT"src/hw/deiver/uart.o" --specs=nano.specs -mfloat-abi=soft -mthumb -o "src/hw/deiver/uart.o"
arm-none-eabi-gcc "../src/hw/hw.c" -mcpu=cortex-m3 -std=gnu11 -g3 -DSTM32F207xx -c -I"D:/git/stm3220g_eval/stm3220g_eval_fw/05_flash/src" -I"D:/git/stm3220g_eval/stm3220g_eval_fw/05_flash/src/lib/stm32f207_cube/Middlewares/ST/STM32_USB_Device_Library/Class/CDC/Inc" -I"D:/git/stm3220g_eval/stm3220g_eval_fw/05_flash/src/lib/stm32f207_cube/Middlewares/ST/STM32_USB_Device_Library/Core/Inc" -I"D:/git/stm3220g_eval/stm3220g_eval_fw/05_flash/src/lib/stm32f207_cube/USB_DEVICE/App" -I"D:/git/stm3220g_eval/stm3220g_eval_fw/05_flash/src/lib/stm32f207_cube/USB_DEVICE/Target" -I"D:/git/stm3220g_eval/stm3220g_eval_fw/05_flash/src/ap" -I"D:/git/stm3220g_eval/stm3220g_eval_fw/05_flash/src/bsp" -I"D:/git/stm3220g_eval/stm3220g_eval_fw/05_flash/src/common" -I"D:/git/stm3220g_eval/stm3220g_eval_fw/05_flash/src/common/inc" -I"D:/git/stm3220g_eval/stm3220g_eval_fw/05_flash/src/hw" -I"D:/git/stm3220g_eval/stm3220g_eval_fw/05_flash/src/lib/stm32f207_cube/Drivers/CMSIS/Include" -I"D:/git/stm3220g_eval/stm3220g_eval_fw/05_flash/src/lib/stm32f207_cube/Drivers/CMSIS/Device/ST/STM32F2xx/Include" -I"D:/git/stm3220g_eval/stm3220g_eval_fw/05_flash/src/lib/stm32f207_cube/Drivers/STM32F2xx_HAL_Driver/Inc" -I"D:/git/stm3220g_eval/stm3220g_eval_fw/05_flash/src/common/core" -O0 -ffunction-sections -fdata-sections -Wall -fstack-usage -fcyclomatic-complexity -MMD -MP -MF"src/hw/hw.d" -MT"src/hw/hw.o" --specs=nano.specs -mfloat-abi=soft -mthumb -o "src/hw/hw.o"
arm-none-eabi-gcc "../src/common/core/qbuffer.c" -mcpu=cortex-m3 -std=gnu11 -g3 -DSTM32F207xx -c -I"D:/git/stm3220g_eval/stm3220g_eval_fw/05_flash/src" -I"D:/git/stm3220g_eval/stm3220g_eval_fw/05_flash/src/lib/stm32f207_cube/Middlewares/ST/STM32_USB_Device_Library/Class/CDC/Inc" -I"D:/git/stm3220g_eval/stm3220g_eval_fw/05_flash/src/lib/stm32f207_cube/Middlewares/ST/STM32_USB_Device_Library/Core/Inc" -I"D:/git/stm3220g_eval/stm3220g_eval_fw/05_flash/src/lib/stm32f207_cube/USB_DEVICE/App" -I"D:/git/stm3220g_eval/stm3220g_eval_fw/05_flash/src/lib/stm32f207_cube/USB_DEVICE/Target" -I"D:/git/stm3220g_eval/stm3220g_eval_fw/05_flash/src/ap" -I"D:/git/stm3220g_eval/stm3220g_eval_fw/05_flash/src/bsp" -I"D:/git/stm3220g_eval/stm3220g_eval_fw/05_flash/src/common" -I"D:/git/stm3220g_eval/stm3220g_eval_fw/05_flash/src/common/inc" -I"D:/git/stm3220g_eval/stm3220g_eval_fw/05_flash/src/hw" -I"D:/git/stm3220g_eval/stm3220g_eval_fw/05_flash/src/lib/stm32f207_cube/Drivers/CMSIS/Include" -I"D:/git/stm3220g_eval/stm3220g_eval_fw/05_flash/src/lib/stm32f207_cube/Drivers/CMSIS/Device/ST/STM32F2xx/Include" -I"D:/git/stm3220g_eval/stm3220g_eval_fw/05_flash/src/lib/stm32f207_cube/Drivers/STM32F2xx_HAL_Driver/Inc" -I"D:/git/stm3220g_eval/stm3220g_eval_fw/05_flash/src/common/core" -O0 -ffunction-sections -fdata-sections -Wall -fstack-usage -fcyclomatic-complexity -MMD -MP -MF"src/common/core/qbuffer.d" -MT"src/common/core/qbuffer.o" --specs=nano.specs -mfloat-abi=soft -mthumb -o "src/common/core/qbuffer.o"
arm-none-eabi-gcc -mcpu=cortex-m3 -g3 -c -x assembler-with-cpp -MMD -MP -MF"src/bsp/startup/startup_stm32f207ighx.d" -MT"src/bsp/startup/startup_stm32f207ighx.o" --specs=nano.specs -mfloat-abi=soft -mthumb -o "src/bsp/startup/startup_stm32f207ighx.o" "../src/bsp/startup/startup_stm32f207ighx.s"
arm-none-eabi-gcc "../src/bsp/bsp.c" -mcpu=cortex-m3 -std=gnu11 -g3 -DSTM32F207xx -c -I"D:/git/stm3220g_eval/stm3220g_eval_fw/05_flash/src" -I"D:/git/stm3220g_eval/stm3220g_eval_fw/05_flash/src/lib/stm32f207_cube/Middlewares/ST/STM32_USB_Device_Library/Class/CDC/Inc" -I"D:/git/stm3220g_eval/stm3220g_eval_fw/05_flash/src/lib/stm32f207_cube/Middlewares/ST/STM32_USB_Device_Library/Core/Inc" -I"D:/git/stm3220g_eval/stm3220g_eval_fw/05_flash/src/lib/stm32f207_cube/USB_DEVICE/App" -I"D:/git/stm3220g_eval/stm3220g_eval_fw/05_flash/src/lib/stm32f207_cube/USB_DEVICE/Target" -I"D:/git/stm3220g_eval/stm3220g_eval_fw/05_flash/src/ap" -I"D:/git/stm3220g_eval/stm3220g_eval_fw/05_flash/src/bsp" -I"D:/git/stm3220g_eval/stm3220g_eval_fw/05_flash/src/common" -I"D:/git/stm3220g_eval/stm3220g_eval_fw/05_flash/src/common/inc" -I"D:/git/stm3220g_eval/stm3220g_eval_fw/05_flash/src/hw" -I"D:/git/stm3220g_eval/stm3220g_eval_fw/05_flash/src/lib/stm32f207_cube/Drivers/CMSIS/Include" -I"D:/git/stm3220g_eval/stm3220g_eval_fw/05_flash/src/lib/stm32f207_cube/Drivers/CMSIS/Device/ST/STM32F2xx/Include" -I"D:/git/stm3220g_eval/stm3220g_eval_fw/05_flash/src/lib/stm32f207_cube/Drivers/STM32F2xx_HAL_Driver/Inc" -I"D:/git/stm3220g_eval/stm3220g_eval_fw/05_flash/src/common/core" -O0 -ffunction-sections -fdata-sections -Wall -fstack-usage -fcyclomatic-complexity -MMD -MP -MF"src/bsp/bsp.d" -MT"src/bsp/bsp.o" --specs=nano.specs -mfloat-abi=soft -mthumb -o "src/bsp/bsp.o"
arm-none-eabi-gcc "../src/bsp/stm32f2xx_hal_msp.c" -mcpu=cortex-m3 -std=gnu11 -g3 -DSTM32F207xx -c -I"D:/git/stm3220g_eval/stm3220g_eval_fw/05_flash/src" -I"D:/git/stm3220g_eval/stm3220g_eval_fw/05_flash/src/lib/stm32f207_cube/Middlewares/ST/STM32_USB_Device_Library/Class/CDC/Inc" -I"D:/git/stm3220g_eval/stm3220g_eval_fw/05_flash/src/lib/stm32f207_cube/Middlewares/ST/STM32_USB_Device_Library/Core/Inc" -I"D:/git/stm3220g_eval/stm3220g_eval_fw/05_flash/src/lib/stm32f207_cube/USB_DEVICE/App" -I"D:/git/stm3220g_eval/stm3220g_eval_fw/05_flash/src/lib/stm32f207_cube/USB_DEVICE/Target" -I"D:/git/stm3220g_eval/stm3220g_eval_fw/05_flash/src/ap" -I"D:/git/stm3220g_eval/stm3220g_eval_fw/05_flash/src/bsp" -I"D:/git/stm3220g_eval/stm3220g_eval_fw/05_flash/src/common" -I"D:/git/stm3220g_eval/stm3220g_eval_fw/05_flash/src/common/inc" -I"D:/git/stm3220g_eval/stm3220g_eval_fw/05_flash/src/hw" -I"D:/git/stm3220g_eval/stm3220g_eval_fw/05_flash/src/lib/stm32f207_cube/Drivers/CMSIS/Include" -I"D:/git/stm3220g_eval/stm3220g_eval_fw/05_flash/src/lib/stm32f207_cube/Drivers/CMSIS/Device/ST/STM32F2xx/Include" -I"D:/git/stm3220g_eval/stm3220g_eval_fw/05_flash/src/lib/stm32f207_cube/Drivers/STM32F2xx_HAL_Driver/Inc" -I"D:/git/stm3220g_eval/stm3220g_eval_fw/05_flash/src/common/core" -O0 -ffunction-sections -fdata-sections -Wall -fstack-usage -fcyclomatic-complexity -MMD -MP -MF"src/bsp/stm32f2xx_hal_msp.d" -MT"src/bsp/stm32f2xx_hal_msp.o" --specs=nano.specs -mfloat-abi=soft -mthumb -o "src/bsp/stm32f2xx_hal_msp.o"
arm-none-eabi-gcc "../src/bsp/stm32f2xx_it.c" -mcpu=cortex-m3 -std=gnu11 -g3 -DSTM32F207xx -c -I"D:/git/stm3220g_eval/stm3220g_eval_fw/05_flash/src" -I"D:/git/stm3220g_eval/stm3220g_eval_fw/05_flash/src/lib/stm32f207_cube/Middlewares/ST/STM32_USB_Device_Library/Class/CDC/Inc" -I"D:/git/stm3220g_eval/stm3220g_eval_fw/05_flash/src/lib/stm32f207_cube/Middlewares/ST/STM32_USB_Device_Library/Core/Inc" -I"D:/git/stm3220g_eval/stm3220g_eval_fw/05_flash/src/lib/stm32f207_cube/USB_DEVICE/App" -I"D:/git/stm3220g_eval/stm3220g_eval_fw/05_flash/src/lib/stm32f207_cube/USB_DEVICE/Target" -I"D:/git/stm3220g_eval/stm3220g_eval_fw/05_flash/src/ap" -I"D:/git/stm3220g_eval/stm3220g_eval_fw/05_flash/src/bsp" -I"D:/git/stm3220g_eval/stm3220g_eval_fw/05_flash/src/common" -I"D:/git/stm3220g_eval/stm3220g_eval_fw/05_flash/src/common/inc" -I"D:/git/stm3220g_eval/stm3220g_eval_fw/05_flash/src/hw" -I"D:/git/stm3220g_eval/stm3220g_eval_fw/05_flash/src/lib/stm32f207_cube/Drivers/CMSIS/Include" -I"D:/git/stm3220g_eval/stm3220g_eval_fw/05_flash/src/lib/stm32f207_cube/Drivers/CMSIS/Device/ST/STM32F2xx/Include" -I"D:/git/stm3220g_eval/stm3220g_eval_fw/05_flash/src/lib/stm32f207_cube/Drivers/STM32F2xx_HAL_Driver/Inc" -I"D:/git/stm3220g_eval/stm3220g_eval_fw/05_flash/src/common/core" -O0 -ffunction-sections -fdata-sections -Wall -fstack-usage -fcyclomatic-complexity -MMD -MP -MF"src/bsp/stm32f2xx_it.d" -MT"src/bsp/stm32f2xx_it.o" --specs=nano.specs -mfloat-abi=soft -mthumb -o "src/bsp/stm32f2xx_it.o"
arm-none-eabi-gcc "../src/bsp/syscalls.c" -mcpu=cortex-m3 -std=gnu11 -g3 -DSTM32F207xx -c -I"D:/git/stm3220g_eval/stm3220g_eval_fw/05_flash/src" -I"D:/git/stm3220g_eval/stm3220g_eval_fw/05_flash/src/lib/stm32f207_cube/Middlewares/ST/STM32_USB_Device_Library/Class/CDC/Inc" -I"D:/git/stm3220g_eval/stm3220g_eval_fw/05_flash/src/lib/stm32f207_cube/Middlewares/ST/STM32_USB_Device_Library/Core/Inc" -I"D:/git/stm3220g_eval/stm3220g_eval_fw/05_flash/src/lib/stm32f207_cube/USB_DEVICE/App" -I"D:/git/stm3220g_eval/stm3220g_eval_fw/05_flash/src/lib/stm32f207_cube/USB_DEVICE/Target" -I"D:/git/stm3220g_eval/stm3220g_eval_fw/05_flash/src/ap" -I"D:/git/stm3220g_eval/stm3220g_eval_fw/05_flash/src/bsp" -I"D:/git/stm3220g_eval/stm3220g_eval_fw/05_flash/src/common" -I"D:/git/stm3220g_eval/stm3220g_eval_fw/05_flash/src/common/inc" -I"D:/git/stm3220g_eval/stm3220g_eval_fw/05_flash/src/hw" -I"D:/git/stm3220g_eval/stm3220g_eval_fw/05_flash/src/lib/stm32f207_cube/Drivers/CMSIS/Include" -I"D:/git/stm3220g_eval/stm3220g_eval_fw/05_flash/src/lib/stm32f207_cube/Drivers/CMSIS/Device/ST/STM32F2xx/Include" -I"D:/git/stm3220g_eval/stm3220g_eval_fw/05_flash/src/lib/stm32f207_cube/Drivers/STM32F2xx_HAL_Driver/Inc" -I"D:/git/stm3220g_eval/stm3220g_eval_fw/05_flash/src/common/core" -O0 -ffunction-sections -fdata-sections -Wall -fstack-usage -fcyclomatic-complexity -MMD -MP -MF"src/bsp/syscalls.d" -MT"src/bsp/syscalls.o" --specs=nano.specs -mfloat-abi=soft -mthumb -o "src/bsp/syscalls.o"
arm-none-eabi-gcc "../src/bsp/sysmem.c" -mcpu=cortex-m3 -std=gnu11 -g3 -DSTM32F207xx -c -I"D:/git/stm3220g_eval/stm3220g_eval_fw/05_flash/src" -I"D:/git/stm3220g_eval/stm3220g_eval_fw/05_flash/src/lib/stm32f207_cube/Middlewares/ST/STM32_USB_Device_Library/Class/CDC/Inc" -I"D:/git/stm3220g_eval/stm3220g_eval_fw/05_flash/src/lib/stm32f207_cube/Middlewares/ST/STM32_USB_Device_Library/Core/Inc" -I"D:/git/stm3220g_eval/stm3220g_eval_fw/05_flash/src/lib/stm32f207_cube/USB_DEVICE/App" -I"D:/git/stm3220g_eval/stm3220g_eval_fw/05_flash/src/lib/stm32f207_cube/USB_DEVICE/Target" -I"D:/git/stm3220g_eval/stm3220g_eval_fw/05_flash/src/ap" -I"D:/git/stm3220g_eval/stm3220g_eval_fw/05_flash/src/bsp" -I"D:/git/stm3220g_eval/stm3220g_eval_fw/05_flash/src/common" -I"D:/git/stm3220g_eval/stm3220g_eval_fw/05_flash/src/common/inc" -I"D:/git/stm3220g_eval/stm3220g_eval_fw/05_flash/src/hw" -I"D:/git/stm3220g_eval/stm3220g_eval_fw/05_flash/src/lib/stm32f207_cube/Drivers/CMSIS/Include" -I"D:/git/stm3220g_eval/stm3220g_eval_fw/05_flash/src/lib/stm32f207_cube/Drivers/CMSIS/Device/ST/STM32F2xx/Include" -I"D:/git/stm3220g_eval/stm3220g_eval_fw/05_flash/src/lib/stm32f207_cube/Drivers/STM32F2xx_HAL_Driver/Inc" -I"D:/git/stm3220g_eval/stm3220g_eval_fw/05_flash/src/common/core" -O0 -ffunction-sections -fdata-sections -Wall -fstack-usage -fcyclomatic-complexity -MMD -MP -MF"src/bsp/sysmem.d" -MT"src/bsp/sysmem.o" --specs=nano.specs -mfloat-abi=soft -mthumb -o "src/bsp/sysmem.o"
arm-none-eabi-gcc "../src/bsp/system_stm32f2xx.c" -mcpu=cortex-m3 -std=gnu11 -g3 -DSTM32F207xx -c -I"D:/git/stm3220g_eval/stm3220g_eval_fw/05_flash/src" -I"D:/git/stm3220g_eval/stm3220g_eval_fw/05_flash/src/lib/stm32f207_cube/Middlewares/ST/STM32_USB_Device_Library/Class/CDC/Inc" -I"D:/git/stm3220g_eval/stm3220g_eval_fw/05_flash/src/lib/stm32f207_cube/Middlewares/ST/STM32_USB_Device_Library/Core/Inc" -I"D:/git/stm3220g_eval/stm3220g_eval_fw/05_flash/src/lib/stm32f207_cube/USB_DEVICE/App" -I"D:/git/stm3220g_eval/stm3220g_eval_fw/05_flash/src/lib/stm32f207_cube/USB_DEVICE/Target" -I"D:/git/stm3220g_eval/stm3220g_eval_fw/05_flash/src/ap" -I"D:/git/stm3220g_eval/stm3220g_eval_fw/05_flash/src/bsp" -I"D:/git/stm3220g_eval/stm3220g_eval_fw/05_flash/src/common" -I"D:/git/stm3220g_eval/stm3220g_eval_fw/05_flash/src/common/inc" -I"D:/git/stm3220g_eval/stm3220g_eval_fw/05_flash/src/hw" -I"D:/git/stm3220g_eval/stm3220g_eval_fw/05_flash/src/lib/stm32f207_cube/Drivers/CMSIS/Include" -I"D:/git/stm3220g_eval/stm3220g_eval_fw/05_flash/src/lib/stm32f207_cube/Drivers/CMSIS/Device/ST/STM32F2xx/Include" -I"D:/git/stm3220g_eval/stm3220g_eval_fw/05_flash/src/lib/stm32f207_cube/Drivers/STM32F2xx_HAL_Driver/Inc" -I"D:/git/stm3220g_eval/stm3220g_eval_fw/05_flash/src/common/core" -O0 -ffunction-sections -fdata-sections -Wall -fstack-usage -fcyclomatic-complexity -MMD -MP -MF"src/bsp/system_stm32f2xx.d" -MT"src/bsp/system_stm32f2xx.o" --specs=nano.specs -mfloat-abi=soft -mthumb -o "src/bsp/system_stm32f2xx.o"
arm-none-eabi-gcc "../src/ap/ap.c" -mcpu=cortex-m3 -std=gnu11 -g3 -DSTM32F207xx -c -I"D:/git/stm3220g_eval/stm3220g_eval_fw/05_flash/src" -I"D:/git/stm3220g_eval/stm3220g_eval_fw/05_flash/src/lib/stm32f207_cube/Middlewares/ST/STM32_USB_Device_Library/Class/CDC/Inc" -I"D:/git/stm3220g_eval/stm3220g_eval_fw/05_flash/src/lib/stm32f207_cube/Middlewares/ST/STM32_USB_Device_Library/Core/Inc" -I"D:/git/stm3220g_eval/stm3220g_eval_fw/05_flash/src/lib/stm32f207_cube/USB_DEVICE/App" -I"D:/git/stm3220g_eval/stm3220g_eval_fw/05_flash/src/lib/stm32f207_cube/USB_DEVICE/Target" -I"D:/git/stm3220g_eval/stm3220g_eval_fw/05_flash/src/ap" -I"D:/git/stm3220g_eval/stm3220g_eval_fw/05_flash/src/bsp" -I"D:/git/stm3220g_eval/stm3220g_eval_fw/05_flash/src/common" -I"D:/git/stm3220g_eval/stm3220g_eval_fw/05_flash/src/common/inc" -I"D:/git/stm3220g_eval/stm3220g_eval_fw/05_flash/src/hw" -I"D:/git/stm3220g_eval/stm3220g_eval_fw/05_flash/src/lib/stm32f207_cube/Drivers/CMSIS/Include" -I"D:/git/stm3220g_eval/stm3220g_eval_fw/05_flash/src/lib/stm32f207_cube/Drivers/CMSIS/Device/ST/STM32F2xx/Include" -I"D:/git/stm3220g_eval/stm3220g_eval_fw/05_flash/src/lib/stm32f207_cube/Drivers/STM32F2xx_HAL_Driver/Inc" -I"D:/git/stm3220g_eval/stm3220g_eval_fw/05_flash/src/common/core" -O0 -ffunction-sections -fdata-sections -Wall -fstack-usage -fcyclomatic-complexity -MMD -MP -MF"src/ap/ap.d" -MT"src/ap/ap.o" --specs=nano.specs -mfloat-abi=soft -mthumb -o "src/ap/ap.o"
arm-none-eabi-gcc "../src/main.c" -mcpu=cortex-m3 -std=gnu11 -g3 -DSTM32F207xx -c -I"D:/git/stm3220g_eval/stm3220g_eval_fw/05_flash/src" -I"D:/git/stm3220g_eval/stm3220g_eval_fw/05_flash/src/lib/stm32f207_cube/Middlewares/ST/STM32_USB_Device_Library/Class/CDC/Inc" -I"D:/git/stm3220g_eval/stm3220g_eval_fw/05_flash/src/lib/stm32f207_cube/Middlewares/ST/STM32_USB_Device_Library/Core/Inc" -I"D:/git/stm3220g_eval/stm3220g_eval_fw/05_flash/src/lib/stm32f207_cube/USB_DEVICE/App" -I"D:/git/stm3220g_eval/stm3220g_eval_fw/05_flash/src/lib/stm32f207_cube/USB_DEVICE/Target" -I"D:/git/stm3220g_eval/stm3220g_eval_fw/05_flash/src/ap" -I"D:/git/stm3220g_eval/stm3220g_eval_fw/05_flash/src/bsp" -I"D:/git/stm3220g_eval/stm3220g_eval_fw/05_flash/src/common" -I"D:/git/stm3220g_eval/stm3220g_eval_fw/05_flash/src/common/inc" -I"D:/git/stm3220g_eval/stm3220g_eval_fw/05_flash/src/hw" -I"D:/git/stm3220g_eval/stm3220g_eval_fw/05_flash/src/lib/stm32f207_cube/Drivers/CMSIS/Include" -I"D:/git/stm3220g_eval/stm3220g_eval_fw/05_flash/src/lib/stm32f207_cube/Drivers/CMSIS/Device/ST/STM32F2xx/Include" -I"D:/git/stm3220g_eval/stm3220g_eval_fw/05_flash/src/lib/stm32f207_cube/Drivers/STM32F2xx_HAL_Driver/Inc" -I"D:/git/stm3220g_eval/stm3220g_eval_fw/05_flash/src/common/core" -O0 -ffunction-sections -fdata-sections -Wall -fstack-usage -fcyclomatic-complexity -MMD -MP -MF"src/main.d" -MT"src/main.o" --specs=nano.specs -mfloat-abi=soft -mthumb -o "src/main.o"
arm-none-eabi-gcc -o "05_flash.elf" @"objects.list"   -mcpu=cortex-m3 -T"D:\git\stm3220g_eval\stm3220g_eval_fw\05_flash\src\bsp\ldscript\STM32F207IGHX_FLASH.ld" --specs=nosys.specs -Wl,-Map="05_flash.map" -Wl,--gc-sections -static --specs=nano.specs -mfloat-abi=soft -mthumb -u _printf_float -u _scanf_float -Wl,--start-group -lc -lm -Wl,--end-group
Finished building target: 05_flash.elf
 
arm-none-eabi-size   05_flash.elf 
   text	   data	    bss	    dec	    hex	filename
  64860	   1000	   7832	  73692	  11fdc	05_flash.elf
Finished building: default.size.stdout
 
arm-none-eabi-objdump -h -S  05_flash.elf  > "05_flash.list"
Finished building: 05_flash.list
 
arm-none-eabi-objcopy  -O ihex  05_flash.elf  "05_flash.hex"
Finished building: 05_flash.hex
 
arm-none-eabi-objcopy  -O binary  05_flash.elf  "05_flash.bin"
Finished building: 05_flash.bin
 
23:11:56 **** Incremental Build of configuration Debug for project 05_flash ****
make all 
arm-none-eabi-size   05_flash.elf 
   text	   data	    bss	    dec	    hex	filename
  64860	   1000	   7832	  73692	  11fdc	05_flash.elf
Finished building: default.size.stdout
 
