../src/lib/stm32f207_cube/USB_DEVICE/App/usbd_cdc_if.c:49:10:cdcAvailable	16	static
../src/lib/stm32f207_cube/USB_DEVICE/App/usbd_cdc_if.c:61:9:cdcRead	16	static
../src/lib/stm32f207_cube/USB_DEVICE/App/usbd_cdc_if.c:77:6:cdcDataIn	24	static
../src/lib/stm32f207_cube/USB_DEVICE/App/usbd_cdc_if.c:99:10:cdcWrite	24	static
../src/lib/stm32f207_cube/USB_DEVICE/App/usbd_cdc_if.c:127:10:cdcGetBaud	4	static
../src/lib/stm32f207_cube/USB_DEVICE/App/usbd_cdc_if.c:256:15:CDC_Init_FS	8	static
../src/lib/stm32f207_cube/USB_DEVICE/App/usbd_cdc_if.c:270:15:CDC_DeInit_FS	4	static
../src/lib/stm32f207_cube/USB_DEVICE/App/usbd_cdc_if.c:284:15:CDC_Control_FS	16	static
../src/lib/stm32f207_cube/USB_DEVICE/App/usbd_cdc_if.c:377:15:CDC_Receive_FS	24	static
../src/lib/stm32f207_cube/USB_DEVICE/App/usbd_cdc_if.c:404:9:CDC_Transmit_FS	24	static
